Component: ARM Compiler 5.06 update 4 (build 422) Tool: armlink [4d35d2]

==============================================================================

Section Cross References

    main.o(i.advertising_init) refers to memseta.o(.text) for __aeabi_memclr4
    main.o(i.advertising_init) refers to ble_advertising.o(i.ble_advertising_init) for ble_advertising_init
    main.o(i.advertising_init) refers to app_error.o(i.app_error_handler_bare) for app_error_handler_bare
    main.o(i.advertising_init) refers to main.o(.data) for .data
    main.o(i.advertising_init) refers to main.o(i.ble_advertising_error_handler) for ble_advertising_error_handler
    main.o(i.advertising_init) refers to main.o(i.on_adv_evt) for on_adv_evt
    main.o(i.advertising_start) refers to memseta.o(.text) for __aeabi_memset
    main.o(i.advertising_start) refers to peer_manager.o(i.pm_next_peer_id_get) for pm_next_peer_id_get
    main.o(i.advertising_start) refers to peer_manager.o(i.pm_whitelist_set) for pm_whitelist_set
    main.o(i.advertising_start) refers to app_error.o(i.app_error_handler_bare) for app_error_handler_bare
    main.o(i.advertising_start) refers to peer_manager.o(i.pm_device_identities_list_set) for pm_device_identities_list_set
    main.o(i.advertising_start) refers to ble_advertising.o(i.ble_advertising_start) for ble_advertising_start
    main.o(i.advertising_start) refers to main.o(.bss) for .bss
    main.o(i.advertising_start) refers to main.o(.data) for .data
    main.o(i.assert_nrf_callback) refers to app_error.o(i.app_error_handler) for app_error_handler
    main.o(i.bas_init) refers to memseta.o(.text) for __aeabi_memclr4
    main.o(i.bas_init) refers to ble_bas.o(i.ble_bas_init) for ble_bas_init
    main.o(i.bas_init) refers to app_error.o(i.app_error_handler_bare) for app_error_handler_bare
    main.o(i.bas_init) refers to main.o(.bss) for .bss
    main.o(i.battery_level_meas_timeout_handler) refers to sensorsim.o(i.sensorsim_measure) for sensorsim_measure
    main.o(i.battery_level_meas_timeout_handler) refers to ble_bas.o(i.ble_bas_battery_level_update) for ble_bas_battery_level_update
    main.o(i.battery_level_meas_timeout_handler) refers to app_error.o(i.app_error_handler_bare) for app_error_handler_bare
    main.o(i.battery_level_meas_timeout_handler) refers to main.o(.bss) for .bss
    main.o(i.battery_level_meas_timeout_handler) refers to main.o(.data) for .data
    main.o(i.ble_advertising_error_handler) refers to app_error.o(i.app_error_handler_bare) for app_error_handler_bare
    main.o(i.ble_evt_dispatch) refers to ble_conn_state.o(i.ble_conn_state_on_ble_evt) for ble_conn_state_on_ble_evt
    main.o(i.ble_evt_dispatch) refers to peer_manager.o(i.pm_on_ble_evt) for pm_on_ble_evt
    main.o(i.ble_evt_dispatch) refers to bsp_btn_ble.o(i.bsp_btn_ble_on_ble_evt) for bsp_btn_ble_on_ble_evt
    main.o(i.ble_evt_dispatch) refers to main.o(i.on_ble_evt) for on_ble_evt
    main.o(i.ble_evt_dispatch) refers to ble_advertising.o(i.ble_advertising_on_ble_evt) for ble_advertising_on_ble_evt
    main.o(i.ble_evt_dispatch) refers to ble_conn_params.o(i.ble_conn_params_on_ble_evt) for ble_conn_params_on_ble_evt
    main.o(i.ble_evt_dispatch) refers to ble_hids.o(i.ble_hids_on_ble_evt) for ble_hids_on_ble_evt
    main.o(i.ble_evt_dispatch) refers to ble_bas.o(i.ble_bas_on_ble_evt) for ble_bas_on_ble_evt
    main.o(i.ble_evt_dispatch) refers to main.o(.bss) for .bss
    main.o(i.ble_stack_init) refers to softdevice_handler.o(i.softdevice_handler_init) for softdevice_handler_init
    main.o(i.ble_stack_init) refers to app_error.o(i.app_error_handler_bare) for app_error_handler_bare
    main.o(i.ble_stack_init) refers to softdevice_handler.o(i.softdevice_enable_get_default_config) for softdevice_enable_get_default_config
    main.o(i.ble_stack_init) refers to softdevice_handler.o(i.softdevice_enable) for softdevice_enable
    main.o(i.ble_stack_init) refers to softdevice_handler.o(i.softdevice_ble_evt_handler_set) for softdevice_ble_evt_handler_set
    main.o(i.ble_stack_init) refers to softdevice_handler.o(i.softdevice_sys_evt_handler_set) for softdevice_sys_evt_handler_set
    main.o(i.ble_stack_init) refers to main.o(.constdata) for .constdata
    main.o(i.ble_stack_init) refers to softdevice_handler_appsh.o(i.softdevice_evt_schedule) for softdevice_evt_schedule
    main.o(i.ble_stack_init) refers to main.o(.bss) for .bss
    main.o(i.ble_stack_init) refers to main.o(i.ble_evt_dispatch) for ble_evt_dispatch
    main.o(i.ble_stack_init) refers to main.o(i.sys_evt_dispatch) for sys_evt_dispatch
    main.o(i.bsp_event_handler) refers to main.o(i.sleep_mode_enter) for sleep_mode_enter
    main.o(i.bsp_event_handler) refers to app_error.o(i.app_error_handler_bare) for app_error_handler_bare
    main.o(i.bsp_event_handler) refers to ble_advertising.o(i.ble_advertising_restart_without_whitelist) for ble_advertising_restart_without_whitelist
[...]
    mp_buttons                               0x200022c0   Data           4  app_button.o(.data)
    m_detection_delay                        0x200022c4   Data           4  app_button.o(.data)
    m_pin_state                              0x200022c8   Data           4  app_button.o(.data)
    m_pin_transition                         0x200022cc   Data           4  app_button.o(.data)
    .data                                    0x200022d0   Section       16  app_scheduler.o(.data)
    m_queue_start_index                      0x200022d0   Data           1  app_scheduler.o(.data)
    m_queue_end_index                        0x200022d1   Data           1  app_scheduler.o(.data)
    m_queue_event_size                       0x200022d2   Data           2  app_scheduler.o(.data)
    m_queue_size                             0x200022d4   Data           2  app_scheduler.o(.data)
    m_queue_event_headers                    0x200022d8   Data           4  app_scheduler.o(.data)
    m_queue_event_data                       0x200022dc   Data           4  app_scheduler.o(.data)
    .data                                    0x200022e0   Section       32  app_timer.o(.data)
    m_ticks_elapsed_q_read_ind               0x200022e0   Data           1  app_timer.o(.data)
    m_ticks_elapsed_q_write_ind              0x200022e1   Data           1  app_timer.o(.data)
    m_rtc1_running                           0x200022e2   Data           1  app_timer.o(.data)
    m_rtc1_reset                             0x200022e3   Data           1  app_timer.o(.data)
    mp_timer_id_head                         0x200022e4   Data           4  app_timer.o(.data)
    m_ticks_latest                           0x200022e8   Data           4  app_timer.o(.data)
    m_evt_schedule_func                      0x200022ec   Data           4  app_timer.o(.data)
    m_op_queue                               0x200022f0   Data           8  app_timer.o(.data)
    m_ticks_elapsed                          0x200022f8   Data           8  app_timer.o(.data)
    .data                                    0x20002300   Section       24  fds.o(.data)
    m_flags                                  0x20002300   Data           1  fds.o(.data)
    m_users                                  0x20002301   Data           1  fds.o(.data)
    m_latest_rec_id                          0x20002304   Data           4  fds.o(.data)
    tok                                      0x20002308   Data           8  fds.o(.data)
    m_swap_page                              0x20002310   Data           8  fds.o(.data)
    .data                                    0x20002318   Section        2  fstorage.o(.data)
    m_flags                                  0x20002318   Data           1  fstorage.o(.data)
    m_retry_count                            0x20002319   Data           1  fstorage.o(.data)
    .data                                    0x2000231c   Section       20  softdevice_handler.o(.data)
    m_softdevice_enabled                     0x2000231c   Data           1  softdevice_handler.o(.data)
    m_suspended                              0x2000231d   Data           1  softdevice_handler.o(.data)
    m_ble_evt_buffer_size                    0x2000231e   Data           2  softdevice_handler.o(.data)
    m_evt_schedule_func                      0x20002320   Data           4  softdevice_handler.o(.data)
    mp_ble_evt_buffer                        0x20002324   Data           4  softdevice_handler.o(.data)
    m_ble_evt_handler                        0x20002328   Data           4  softdevice_handler.o(.data)
    m_sys_evt_handler                        0x2000232c   Data           4  softdevice_handler.o(.data)
    .data                                    0x20002330   Section        4  system_nrf52.o(.data)
    __tagsym$$used                           0x20002330   Number         0  system_nrf52.o(.data)
    fs_data                                  0x20002334   Section       16  fds.o(fs_data)
    __tagsym$$used                           0x20002334   Number         0  fds.o(fs_data)
    fs_config                                0x20002334   Data          16  fds.o(fs_data)
    .bss                                     0x20002344   Section       32  main.o(.bss)
    m_battery_timer_id_data                  0x20002344   Data          32  main.o(.bss)
    .bss                                     0x20002364   Section      808  main.o(.bss)
    APP_TIMER_BUF                            0x20002364   Data         120  main.o(.bss)
    BLE_EVT_BUFFER                           0x200023dc   Data          80  main.o(.bss)
    APP_SCHED_BUF                            0x2000242c   Data         176  main.o(.bss)
    m_hids                                   0x200024dc   Data         376  main.o(.bss)
    m_bas                                    0x20002654   Data          24  main.o(.bss)
    m_battery_sim_cfg                        0x2000266c   Data          16  main.o(.bss)
    m_whitelist_peers                        0x2000267c   Data          16  main.o(.bss)
    .bss                                     0x2000268c   Section       32  bsp.o(.bss)
    m_leds_timer_id_data                     0x2000268c   Data          32  bsp.o(.bss)
    .bss                                     0x200026ac   Section       32  bsp.o(.bss)
    m_alert_timer_id_data                    0x200026ac   Data          32  bsp.o(.bss)
    .bss                                     0x200026cc   Section       12  bsp.o(.bss)
    m_events_list                            0x200026cc   Data          12  bsp.o(.bss)
    .bss                                     0x200026d8   Section       32  bsp.o(.bss)
    m_button_timer_id_data                   0x200026d8   Data          32  bsp.o(.bss)
    .bss                                     0x200026f8   Section      179  ble_advertising.o(.bss)
    m_adv_modes_config                       0x200026f8   Data          32  ble_advertising.o(.bss)
    m_advdata                                0x20002718   Data          60  ble_advertising.o(.bss)
    m_manuf_specific_data                    0x20002754   Data          12  ble_advertising.o(.bss)
    m_manuf_data_array                       0x20002760   Data          31  ble_advertising.o(.bss)
    m_service_data                           0x20002780   Data          12  ble_advertising.o(.bss)
    m_service_data_array                     0x2000278c   Data          31  ble_advertising.o(.bss)
    .bss                                     0x200027ac   Section       32  ble_conn_params.o(.bss)
    m_conn_params_timer_id_data              0x200027ac   Data          32  ble_conn_params.o(.bss)
    .bss                                     0x200027cc   Section       28  ble_conn_params.o(.bss)
    m_conn_params_config                     0x200027cc   Data          28  ble_conn_params.o(.bss)
    .bss                                     0x200027e8   Section       52  ble_conn_state.o(.bss)
    m_bcs                                    0x200027e8   Data          52  ble_conn_state.o(.bss)
    .bss                                     0x2000281c   Section      112  id_manager.o(.bss)
    m_connections                            0x2000281c   Data          96  id_manager.o(.bss)
    m_wlisted_peers                          0x2000287c   Data          16  id_manager.o(.bss)
    .bss                                     0x2000288c   Section      816  peer_database.o(.bss)
    buffer_memory                            0x2000288c   Data         640  peer_database.o(.bss)
    m_write_buffer                           0x20002b0c   Data          16  peer_database.o(.bss)
    m_write_buffer_records                   0x20002b1c   Data         160  peer_database.o(.bss)
    .bss                                     0x20002bbc   Section       64  peer_id.o(.bss)
    m_pi                                     0x20002bbc   Data          64  peer_id.o(.bss)
    .bss                                     0x20002bfc   Section       12  peer_manager.o(.bss)
    m_evt_handlers                           0x20002bfc   Data          12  peer_manager.o(.bss)
    .bss                                     0x20002c08   Section       64  security_dispatcher.o(.bss)
    m_peer_pk                                0x20002c08   Data          64  security_dispatcher.o(.bss)
    .bss                                     0x20002c48   Section       20  nrf_drv_clock.o(.bss)
    m_clock_cb                               0x20002c48   Data          20  nrf_drv_clock.o(.bss)
    .bss                                     0x20002c5c   Section       88  nrf_drv_gpiote.o(.bss)
    m_cb                                     0x20002c5c   Data          88  nrf_drv_gpiote.o(.bss)
    .bss                                     0x20002cb4   Section       32  nrf_drv_uart.o(.bss)
    m_cb                                     0x20002cb4   Data          32  nrf_drv_uart.o(.bss)
    .bss                                     0x20002cd4   Section       32  app_button.o(.bss)
    m_detection_delay_timer_id_data          0x20002cd4   Data          32  app_button.o(.bss)
    .bss                                     0x20002cf4   Section       12  app_util_platform.o(.bss)
    .bss                                     0x20002d00   Section      284  fds.o(.bss)
    desc                                     0x20002d00   Data          12  fds.o(.bss)
    m_cb_table                               0x20002d0c   Data          32  fds.o(.bss)
    m_op_queue                               0x20002d2c   Data         120  fds.o(.bss)
    m_chunk_queue                            0x20002da4   Data          72  fds.o(.bss)
    m_pages                                  0x20002dec   Data          32  fds.o(.bss)
    m_gc                                     0x20002e0c   Data          16  fds.o(.bss)
    .bss                                     0x20002e1c   Section      104  fstorage.o(.bss)
    m_queue                                  0x20002e1c   Data         104  fstorage.o(.bss)
    STACK                                    0x20002e88   Section     8192  arm_startup_nrf52.o(STACK)

    Global Symbols

    Symbol Name                              Value     Ov Type        Size  Object(Section)

    BuildAttributes$$THM_ISAv4$E$P$D$K$B$S$7EM$VFPi3$EXTD16$VFPS$VFMA$PE$A:L22UL41UL21$X:L11$S22US41US21$IEEE1$IW$USESV6$~STKCKD$USESV7$~SHL$OSPACE$EBA8$MICROLIB$REQ8$PRES8$EABIv2 0x00000000   Number         0  anon$$obj.o ABSOLUTE
    __ARM_use_no_argv                        0x00000000   Number         0  main.o ABSOLUTE
    __cpp_initialize__aeabi_                  - Undefined Weak Reference
    __cxa_finalize                            - Undefined Weak Reference
    _clock_init                               - Undefined Weak Reference
    _microlib_exit                            - Undefined Weak Reference
    __Vectors_Size                           0x00000400   Number         0  arm_startup_nrf52.o ABSOLUTE
    __Vectors                                0x0001f000   Data           4  arm_startup_nrf52.o(RESET)
    __Vectors_End                            0x0001f400   Data           0  arm_startup_nrf52.o(RESET)
    __main                                   0x0001f401   Thumb Code     0  entry.o(.ARM.Collect$$$$00000000)
    _main_stk                                0x0001f401   Thumb Code     0  entry2.o(.ARM.Collect$$$$00000001)
    _main_scatterload                        0x0001f405   Thumb Code     0  entry5.o(.ARM.Collect$$$$00000004)
    __main_after_scatterload                 0x0001f409   Thumb Code     0  entry5.o(.ARM.Collect$$$$00000004)
    _main_clock                              0x0001f409   Thumb Code     0  entry7b.o(.ARM.Collect$$$$00000008)
    _main_cpp_init                           0x0001f409   Thumb Code     0  entry8b.o(.ARM.Collect$$$$0000000A)
    _main_init                               0x0001f409   Thumb Code     0  entry9a.o(.ARM.Collect$$$$0000000B)
    __rt_final_cpp                           0x0001f411   Thumb Code     0  entry10a.o(.ARM.Collect$$$$0000000D)
    __rt_final_exit                          0x0001f411   Thumb Code     0  entry11a.o(.ARM.Collect$$$$0000000F)
    Reset_Handler                            0x0001f415   Thumb Code     8  arm_startup_nrf52.o(.text)
    NMI_Handler                              0x0001f41d   Thumb Code     2  arm_startup_nrf52.o(.text)
    HardFault_Handler                        0x0001f41f   Thumb Code     2  arm_startup_nrf52.o(.text)
    MemoryManagement_Handler                 0x0001f421   Thumb Code     2  arm_startup_nrf52.o(.text)
    BusFault_Handler                         0x0001f423   Thumb Code     2  arm_startup_nrf52.o(.text)
    UsageFault_Handler                       0x0001f425   Thumb Code     2  arm_startup_nrf52.o(.text)
    SVC_Handler                              0x0001f427   Thumb Code     2  arm_startup_nrf52.o(.text)
    DebugMon_Handler                         0x0001f429   Thumb Code     2  arm_startup_nrf52.o(.text)
    PendSV_Handler                           0x0001f42b   Thumb Code     2  arm_startup_nrf52.o(.text)
    SysTick_Handler                          0x0001f42d   Thumb Code     2  arm_startup_nrf52.o(.text)
    CCM_AAR_IRQHandler                       0x0001f42f   Thumb Code     0  arm_startup_nrf52.o(.text)
    COMP_LPCOMP_IRQHandler                   0x0001f42f   Thumb Code     0  arm_startup_nrf52.o(.text)
    ECB_IRQHandler                           0x0001f42f   Thumb Code     0  arm_startup_nrf52.o(.text)
    FPU_IRQHandler                           0x0001f42f   Thumb Code     0  arm_startup_nrf52.o(.text)
    I2S_IRQHandler                           0x0001f42f   Thumb Code     0  arm_startup_nrf52.o(.text)
    MWU_IRQHandler                           0x0001f42f   Thumb Code     0  arm_startup_nrf52.o(.text)
    NFCT_IRQHandler                          0x0001f42f   Thumb Code     0  arm_startup_nrf52.o(.text)
    PDM_IRQHandler                           0x0001f42f   Thumb Code     0  arm_startup_nrf52.o(.text)
    PWM0_IRQHandler                          0x0001f42f   Thumb Code     0  arm_startup_nrf52.o(.text)
    PWM1_IRQHandler                          0x0001f42f   Thumb Code     0  arm_startup_nrf52.o(.text)
    PWM2_IRQHandler                          0x0001f42f   Thumb Code     0  arm_startup_nrf52.o(.text)
    QDEC_IRQHandler                          0x0001f42f   Thumb Code     0  arm_startup_nrf52.o(.text)
    RADIO_IRQHandler                         0x0001f42f   Thumb Code     0  arm_startup_nrf52.o(.text)
    RNG_IRQHandler                           0x0001f42f   Thumb Code     0  arm_startup_nrf52.o(.text)
    RTC0_IRQHandler                          0x0001f42f   Thumb Code     0  arm_startup_nrf52.o(.text)
    RTC2_IRQHandler                          0x0001f42f   Thumb Code     0  arm_startup_nrf52.o(.text)
    SAADC_IRQHandler                         0x0001f42f   Thumb Code     0  arm_startup_nrf52.o(.text)
    SPIM0_SPIS0_TWIM0_TWIS0_SPI0_TWI0_IRQHandler 0x0001f42f   Thumb Code     0  arm_startup_nrf52.o(.text)
    SPIM1_SPIS1_TWIM1_TWIS1_SPI1_TWI1_IRQHandler 0x0001f42f   Thumb Code     0  arm_startup_nrf52.o(.text)
    SPIM2_SPIS2_SPI2_IRQHandler              0x0001f42f   Thumb Code     0  arm_startup_nrf52.o(.text)
    SWI1_EGU1_IRQHandler                     0x0001f42f   Thumb Code     0  arm_startup_nrf52.o(.text)
    SWI3_EGU3_IRQHandler                     0x0001f42f   Thumb Code     0  arm_startup_nrf52.o(.text)
    SWI4_EGU4_IRQHandler                     0x0001f42f   Thumb Code     0  arm_startup_nrf52.o(.text)
    SWI5_EGU5_IRQHandler                     0x0001f42f   Thumb Code     0  arm_startup_nrf52.o(.text)
    TEMP_IRQHandler                          0x0001f42f   Thumb Code     0  arm_startup_nrf52.o(.text)
    TIMER0_IRQHandler                        0x0001f42f   Thumb Code     0  arm_startup_nrf52.o(.text)
    TIMER1_IRQHandler                        0x0001f42f   Thumb Code     0  arm_startup_nrf52.o(.text)
    TIMER2_IRQHandler                        0x0001f42f   Thumb Code     0  arm_startup_nrf52.o(.text)
    TIMER3_IRQHandler                        0x0001f42f   Thumb Code     0  arm_startup_nrf52.o(.text)
    TIMER4_IRQHandler                        0x0001f42f   Thumb Code     0  arm_startup_nrf52.o(.text)
    WDT_IRQHandler                           0x0001f42f   Thumb Code     0  arm_startup_nrf52.o(.text)
    __aeabi_memcpy                           0x0001f439   Thumb Code    36  memcpya.o(.text)
    __aeabi_memcpy4                          0x0001f439   Thumb Code     0  memcpya.o(.text)
    __aeabi_memcpy8                          0x0001f439   Thumb Code     0  memcpya.o(.text)
    __aeabi_memset                           0x0001f45d   Thumb Code    14  memseta.o(.text)
    __aeabi_memset4                          0x0001f45d   Thumb Code     0  memseta.o(.text)
    __aeabi_memset8                          0x0001f45d   Thumb Code     0  memseta.o(.text)
    __aeabi_memclr                           0x0001f46b   Thumb Code     4  memseta.o(.text)
    __aeabi_memclr4                          0x0001f46b   Thumb Code     0  memseta.o(.text)
    __aeabi_memclr8                          0x0001f46b   Thumb Code     0  memseta.o(.text)
    _memset$wrapper                          0x0001f46f   Thumb Code    18  memseta.o(.text)
    strlen                                   0x0001f481   Thumb Code    14  strlen.o(.text)
    memcmp                                   0x0001f48f   Thumb Code    26  memcmp.o(.text)
    __scatterload                            0x0001f4a9   Thumb Code    28  init.o(.text)
    __scatterload_rt2                        0x0001f4a9   Thumb Code     0  init.o(.text)
    __decompress                             0x0001f4cd   Thumb Code     0  __dczerorl2.o(.text)
    __decompress1                            0x0001f4cd   Thumb Code    86  __dczerorl2.o(.text)
    GPIOTE_IRQHandler                        0x0001f525   Thumb Code   362  nrf_drv_gpiote.o(i.GPIOTE_IRQHandler)
    POWER_CLOCK_IRQHandler                   0x0001f729   Thumb Code    84  nrf_drv_clock.o(i.POWER_CLOCK_IRQHandler)
    RTC1_IRQHandler                          0x0001f781   Thumb Code    32  app_timer.o(i.RTC1_IRQHandler)
    SWI0_EGU0_IRQHandler                     0x0001f7a5   Thumb Code     4  app_timer.o(i.SWI0_EGU0_IRQHandler)
    SWI2_EGU2_IRQHandler                     0x0001f7a9   Thumb Code    32  softdevice_handler.o(i.SWI2_EGU2_IRQHandler)
    SystemInit                               0x0001f7cd   Thumb Code   610  system_nrf52.o(i.SystemInit)
    UARTE0_UART0_IRQHandler                  0x0001fa69   Thumb Code    20  nrf_drv_uart.o(i.UARTE0_UART0_IRQHandler)
    __scatterload_copy                       0x0001fa85   Thumb Code    14  handlers.o(i.__scatterload_copy)
    __scatterload_null                       0x0001fa93   Thumb Code     2  handlers.o(i.__scatterload_null)
    __scatterload_zeroinit                   0x0001fa95   Thumb Code    14  handlers.o(i.__scatterload_zeroinit)
    addr_compare                             0x0001fac9   Thumb Code    38  id_manager.o(i.addr_compare)
    adv_data_encode                          0x0001faef   Thumb Code   386  ble_advdata.o(i.adv_data_encode)
    ah                                       0x0001fe19   Thumb Code    82  id_manager.o(i.ah)
    app_button_enable                        0x0001fe71   Thumb Code    32  app_button.o(i.app_button_enable)
    app_button_init                          0x0001fe95   Thumb Code    96  app_button.o(i.app_button_init)
    app_error_fault_handler                  0x0001ff05   Thumb Code    26  app_error_weak.o(i.app_error_fault_handler)
    app_error_handler_bare                   0x0001ff29   Thumb Code    22  app_error.o(i.app_error_handler_bare)
    app_sched_event_put                      0x0001ff41   Thumb Code   154  app_scheduler.o(i.app_sched_event_put)
    app_sched_execute                        0x0001ffe1   Thumb Code    58  app_scheduler.o(i.app_sched_execute)
    app_sched_init                           0x00020021   Thumb Code    40  app_scheduler.o(i.app_sched_init)
    app_timer_create                         0x0002004d   Thumb Code    32  app_timer.o(i.app_timer_create)
    app_timer_evt_schedule                   0x00020089   Thumb Code    18  app_timer_appsh.o(i.app_timer_evt_schedule)
    app_timer_init                           0x000200a1   Thumb Code   118  app_timer.o(i.app_timer_init)
    app_timer_start                          0x00020121   Thumb Code   128  app_timer.o(i.app_timer_start)
    app_timer_stop                           0x000201a9   Thumb Code    26  app_timer.o(i.app_timer_stop)
    app_util_critical_region_enter           0x000201c9   Thumb Code    64  app_util_platform.o(i.app_util_critical_region_enter)
    app_util_critical_region_exit            0x00020211   Thumb Code    46  app_util_platform.o(i.app_util_critical_region_exit)
    ble_advdata_set                          0x000204f5   Thumb Code   104  ble_advdata.o(i.ble_advdata_set)
    ble_advertising_init                     0x00020561   Thumb Code   278  ble_advertising.o(i.ble_advertising_init)
    ble_advertising_on_ble_evt               0x00020681   Thumb Code    88  ble_advertising.o(i.ble_advertising_on_ble_evt)
    ble_advertising_on_sys_evt               0x000206dd   Thumb Code    46  ble_advertising.o(i.ble_advertising_on_sys_evt)
    ble_advertising_peer_addr_reply          0x00020711   Thumb Code    30  ble_advertising.o(i.ble_advertising_peer_addr_reply)
    ble_advertising_restart_without_whitelist 0x00020735   Thumb Code    50  ble_advertising.o(i.ble_advertising_restart_without_whitelist)
    ble_advertising_start                    0x00020771   Thumb Code   250  ble_advertising.o(i.ble_advertising_start)
    ble_advertising_whitelist_reply          0x00020875   Thumb Code    26  ble_advertising.o(i.ble_advertising_whitelist_reply)
    ble_bas_battery_level_update             0x00020895   Thumb Code   122  ble_bas.o(i.ble_bas_battery_level_update)
    ble_bas_init                             0x0002090f   Thumb Code    68  ble_bas.o(i.ble_bas_init)
    ble_bas_on_ble_evt                       0x00020953   Thumb Code    96  ble_bas.o(i.ble_bas_on_ble_evt)
    ble_conn_params_init                     0x000209b5   Thumb Code    72  ble_conn_params.o(i.ble_conn_params_init)
    ble_conn_params_on_ble_evt               0x00020a0d   Thumb Code   120  ble_conn_params.o(i.ble_conn_params_on_ble_evt)
    ble_conn_state_conn_handles              0x00020a91   Thumb Code    10  ble_conn_state.o(i.ble_conn_state_conn_handles)
    ble_conn_state_encrypted                 0x00020aa1   Thumb Code    12  ble_conn_state.o(i.ble_conn_state_encrypted)
    ble_conn_state_mitm_protected            0x00020ab1   Thumb Code    12  ble_conn_state.o(i.ble_conn_state_mitm_protected)
    ble_conn_state_on_ble_evt                0x00020ac1   Thumb Code   264  ble_conn_state.o(i.ble_conn_state_on_ble_evt)
    ble_conn_state_role                      0x00020bcd   Thumb Code    42  ble_conn_state.o(i.ble_conn_state_role)
    ble_conn_state_user_flag_acquire         0x00020bfd   Thumb Code    40  ble_conn_state.o(i.ble_conn_state_user_flag_acquire)
    ble_conn_state_user_flag_collection      0x00020c29   Thumb Code    20  ble_conn_state.o(i.ble_conn_state_user_flag_collection)
    ble_conn_state_user_flag_get             0x00020c41   Thumb Code    36  ble_conn_state.o(i.ble_conn_state_user_flag_get)
    ble_conn_state_user_flag_set             0x00020c69   Thumb Code    40  ble_conn_state.o(i.ble_conn_state_user_flag_set)
    ble_dis_init                             0x00020cf5   Thumb Code   296  ble_dis.o(i.ble_dis_init)
    ble_hids_boot_mouse_inp_rep_send         0x00020e65   Thumb Code   124  ble_hids.o(i.ble_hids_boot_mouse_inp_rep_send)
    ble_hids_init                            0x00020ee1   Thumb Code   362  ble_hids.o(i.ble_hids_init)
    ble_hids_inp_rep_send                    0x0002104b   Thumb Code   104  ble_hids.o(i.ble_hids_inp_rep_send)
    ble_hids_on_ble_evt                      0x000210b3   Thumb Code   158  ble_hids.o(i.ble_hids_on_ble_evt)
    ble_srv_ascii_to_utf8                    0x00021151   Thumb Code    18  ble_srv_common.o(i.ble_srv_ascii_to_utf8)
    ble_srv_is_notification_enabled          0x00021163   Thumb Code     8  ble_srv_common.o(i.ble_srv_is_notification_enabled)
    ble_srv_report_ref_encode                0x0002116b   Thumb Code    12  ble_srv_common.o(i.ble_srv_report_ref_encode)
    bsp_board_button_idx_to_pin              0x00021341   Thumb Code     6  boards.o(i.bsp_board_button_idx_to_pin)
    bsp_board_button_state_get               0x0002134d   Thumb Code    28  boards.o(i.bsp_board_button_state_get)
    bsp_board_led_invert                     0x0002136d   Thumb Code    32  boards.o(i.bsp_board_led_invert)
    bsp_board_led_off                        0x00021391   Thumb Code    10  boards.o(i.bsp_board_led_off)
    bsp_board_led_on                         0x000213a1   Thumb Code    10  boards.o(i.bsp_board_led_on)
    bsp_board_led_state_get                  0x000213b1   Thumb Code    28  boards.o(i.bsp_board_led_state_get)
    bsp_board_leds_init                      0x000213d1   Thumb Code    38  boards.o(i.bsp_board_leds_init)
    bsp_board_leds_off                       0x000213fd   Thumb Code    18  boards.o(i.bsp_board_leds_off)
    bsp_board_leds_on                        0x0002140f   Thumb Code    18  boards.o(i.bsp_board_leds_on)
    bsp_board_pin_to_button_idx              0x00021421   Thumb Code    30  boards.o(i.bsp_board_pin_to_button_idx)
    bsp_btn_ble_init                         0x00021445   Thumb Code    52  bsp_btn_ble.o(i.bsp_btn_ble_init)
    bsp_btn_ble_on_ble_evt                   0x0002147d   Thumb Code   106  bsp_btn_ble.o(i.bsp_btn_ble_on_ble_evt)
    bsp_btn_ble_sleep_mode_prepare           0x000214ed   Thumb Code    30  bsp_btn_ble.o(i.bsp_btn_ble_sleep_mode_prepare)
    bsp_button_is_pressed                    0x000215a1   Thumb Code     4  bsp.o(i.bsp_button_is_pressed)
    bsp_event_to_button_action_assign        0x00021625   Thumb Code    64  bsp.o(i.bsp_event_to_button_action_assign)
    bsp_indication_set                       0x00021669   Thumb Code    20  bsp.o(i.bsp_indication_set)
    bsp_init                                 0x00021681   Thumb Code   132  bsp.o(i.bsp_init)
    bsp_wakeup_button_enable                 0x0002188d   Thumb Code    16  bsp.o(i.bsp_wakeup_button_enable)
    chunk_queue_next                         0x000219d9   Thumb Code    20  fds.o(i.chunk_queue_next)
    fds_file_delete                          0x00022001   Thumb Code    70  fds.o(i.fds_file_delete)
    fds_gc                                   0x0002204d   Thumb Code    58  fds.o(i.fds_gc)
    fds_init                                 0x00022091   Thumb Code   136  fds.o(i.fds_init)
    fds_record_close                         0x0002211d   Thumb Code    54  fds.o(i.fds_record_close)
    fds_record_find                          0x00022159   Thumb Code    14  fds.o(i.fds_record_find)
    fds_record_find_by_key                   0x00022167   Thumb Code    16  fds.o(i.fds_record_find_by_key)
    fds_record_find_in_file                  0x00022177   Thumb Code    16  fds.o(i.fds_record_find_in_file)
    fds_record_id_from_desc                  0x00022187   Thumb Code    16  fds.o(i.fds_record_id_from_desc)
    fds_record_open                          0x00022199   Thumb Code    60  fds.o(i.fds_record_open)
    fds_record_update                        0x000221d9   Thumb Code    14  fds.o(i.fds_record_update)
    fds_record_write                         0x000221e7   Thumb Code     8  fds.o(i.fds_record_write)
    fds_record_write_reserved                0x000221ef   Thumb Code    12  fds.o(i.fds_record_write_reserved)
    fds_register                             0x000221fd   Thumb Code    26  fds.o(i.fds_register)
    fds_reserve                              0x00022221   Thumb Code    46  fds.o(i.fds_reserve)
    fds_reserve_cancel                       0x00022255   Thumb Code    60  fds.o(i.fds_reserve_cancel)
    fs_erase                                 0x00022349   Thumb Code   110  fstorage.o(i.fs_erase)
    fs_init                                  0x000223c5   Thumb Code   164  fstorage.o(i.fs_init)
    fs_queued_op_count_get                   0x00022475   Thumb Code    16  fstorage.o(i.fs_queued_op_count_get)
    fs_store                                 0x00022489   Thumb Code   124  fstorage.o(i.fs_store)
    fs_sys_event_handler                     0x00022509   Thumb Code    96  fstorage.o(i.fs_sys_event_handler)
    gcm_ble_evt_handler                      0x000227bd   Thumb Code   232  gatt_cache_manager.o(i.gcm_ble_evt_handler)
    gcm_gscm_evt_handler                     0x000228a9   Thumb Code   102  gatt_cache_manager.o(i.gcm_gscm_evt_handler)
    gcm_im_evt_handler                       0x00022915   Thumb Code    44  gatt_cache_manager.o(i.gcm_im_evt_handler)
    gcm_init                                 0x00022945   Thumb Code    66  gatt_cache_manager.o(i.gcm_init)
    gcm_local_database_has_changed           0x0002298d   Thumb Code    78  gatt_cache_manager.o(i.gcm_local_database_has_changed)
    gcm_smd_evt_handler                      0x000229e1   Thumb Code    14  gatt_cache_manager.o(i.gcm_smd_evt_handler)
    get_connection_by_conn_handle            0x000229f1   Thumb Code    48  id_manager.o(i.get_connection_by_conn_handle)
    get_free_connection                      0x00022a29   Thumb Code    40  id_manager.o(i.get_free_connection)
    gscm_db_change_notification_done         0x00022ab1   Thumb Code    22  gatts_cache_manager.o(i.gscm_db_change_notification_done)
    gscm_init                                0x00022acd   Thumb Code    16  gatts_cache_manager.o(i.gscm_init)
    gscm_local_database_has_changed          0x00022ae1   Thumb Code    22  gatts_cache_manager.o(i.gscm_local_database_has_changed)
    gscm_local_db_cache_apply                0x00022afd   Thumb Code   106  gatts_cache_manager.o(i.gscm_local_db_cache_apply)
    gscm_local_db_cache_update               0x00022b67   Thumb Code   128  gatts_cache_manager.o(i.gscm_local_db_cache_update)
    gscm_pdb_evt_handler                     0x00022be9   Thumb Code    78  gatts_cache_manager.o(i.gscm_pdb_evt_handler)
    gscm_service_changed_ind_needed          0x00022c3d   Thumb Code    26  gatts_cache_manager.o(i.gscm_service_changed_ind_needed)
    gscm_service_changed_ind_send            0x00022c59   Thumb Code    40  gatts_cache_manager.o(i.gscm_service_changed_ind_send)
    im_address_resolve                       0x00022fed   Thumb Code    70  id_manager.o(i.im_address_resolve)
    im_ble_addr_get                          0x00023035   Thumb Code    42  id_manager.o(i.im_ble_addr_get)
    im_ble_evt_handler                       0x00023065   Thumb Code   174  id_manager.o(i.im_ble_evt_handler)
    im_conn_handle_get                       0x00023115   Thumb Code    40  id_manager.o(i.im_conn_handle_get)
    im_device_identities_list_set            0x00023141   Thumb Code   166  id_manager.o(i.im_device_identities_list_set)
    im_init                                  0x000231e9   Thumb Code    54  id_manager.o(i.im_init)
    im_is_duplicate_bonding_data             0x00023229   Thumb Code    52  id_manager.o(i.im_is_duplicate_bonding_data)
    im_master_id_is_valid                    0x0002325d   Thumb Code    24  id_manager.o(i.im_master_id_is_valid)
    im_master_ids_compare                    0x00023275   Thumb Code    42  id_manager.o(i.im_master_ids_compare)
    im_new_peer_id                           0x0002329f   Thumb Code     4  id_manager.o(i.im_new_peer_id)
    im_pdb_evt_handler                       0x000232a3   Thumb Code   114  id_manager.o(i.im_pdb_evt_handler)
    im_peer_free                             0x00023315   Thumb Code    38  id_manager.o(i.im_peer_free)
    im_peer_id_get_by_conn_handle            0x0002333d   Thumb Code    28  id_manager.o(i.im_peer_id_get_by_conn_handle)
    im_peer_id_get_by_master_id              0x0002335d   Thumb Code    60  id_manager.o(i.im_peer_id_get_by_master_id)
    im_whitelist_get                         0x00023399   Thumb Code    46  id_manager.o(i.im_whitelist_get)
    im_whitelist_set                         0x000233d1   Thumb Code   108  id_manager.o(i.im_whitelist_set)
    intern_softdevice_events_execute         0x0002357d   Thumb Code   114  softdevice_handler.o(i.intern_softdevice_events_execute)
    is_valid_irk                             0x00023611   Thumb Code    20  id_manager.o(i.is_valid_irk)
    main                                     0x00023bcd   Thumb Code   252  main.o(i.main)
    new_connection                           0x00023e81   Thumb Code    80  id_manager.o(i.new_connection)
    next_id_get                              0x00023ed9   Thumb Code    48  peer_id.o(i.next_id_get)
    nrf_drv_clock_init                       0x00023fc5   Thumb Code    64  nrf_drv_clock.o(i.nrf_drv_clock_init)
    nrf_drv_clock_on_sd_enable               0x0002400d   Thumb Code    44  nrf_drv_clock.o(i.nrf_drv_clock_on_sd_enable)
    nrf_drv_clock_on_soc_event               0x0002403d   Thumb Code    10  nrf_drv_clock.o(i.nrf_drv_clock_on_soc_event)
    nrf_drv_common_irq_enable                0x00024047   Thumb Code    56  nrf_drv_common.o(i.nrf_drv_common_irq_enable)
    nrf_drv_gpiote_in_event_enable           0x00024081   Thumb Code   156  nrf_drv_gpiote.o(i.nrf_drv_gpiote_in_event_enable)
    nrf_drv_gpiote_in_init                   0x00024125   Thumb Code   172  nrf_drv_gpiote.o(i.nrf_drv_gpiote_in_init)
    nrf_drv_gpiote_in_is_set                 0x000241dd   Thumb Code    20  nrf_drv_gpiote.o(i.nrf_drv_gpiote_in_is_set)
    nrf_drv_gpiote_init                      0x000241f1   Thumb Code    84  nrf_drv_gpiote.o(i.nrf_drv_gpiote_init)
    nrf_drv_gpiote_is_init                   0x0002424d   Thumb Code    14  nrf_drv_gpiote.o(i.nrf_drv_gpiote_is_init)
    pdb_init                                 0x00024a69   Thumb Code    66  peer_database.o(i.pdb_init)
    pdb_next_deleted_peer_id_get             0x00024ab9   Thumb Code     4  peer_database.o(i.pdb_next_deleted_peer_id_get)
    pdb_next_peer_id_get                     0x00024abd   Thumb Code     4  peer_database.o(i.pdb_next_peer_id_get)
    pdb_pds_evt_handler                      0x00024ac1   Thumb Code   294  peer_database.o(i.pdb_pds_evt_handler)
    pdb_peer_allocate                        0x00024bf1   Thumb Code     4  peer_database.o(i.pdb_peer_allocate)
    pdb_peer_data_load                       0x00024bf5   Thumb Code    16  peer_database.o(i.pdb_peer_data_load)
    pdb_peer_data_ptr_get                    0x00024c05   Thumb Code     6  peer_database.o(i.pdb_peer_data_ptr_get)
    pdb_peer_free                            0x00024c0b   Thumb Code    68  peer_database.o(i.pdb_peer_free)
    pdb_raw_store                            0x00024c4f   Thumb Code     8  peer_database.o(i.pdb_raw_store)
    pdb_write_buf_get                        0x00024c59   Thumb Code   260  peer_database.o(i.pdb_write_buf_get)
    pdb_write_buf_release                    0x00024d61   Thumb Code    40  peer_database.o(i.pdb_write_buf_release)
    pdb_write_buf_store                      0x00024d89   Thumb Code   188  peer_database.o(i.pdb_write_buf_store)
    pdb_write_buf_store_prepare              0x00024e4d   Thumb Code    98  peer_database.o(i.pdb_write_buf_store_prepare)
    pds_init                                 0x00024ec1   Thumb Code    98  peer_data_storage.o(i.pds_init)
    pds_next_deleted_peer_id_get             0x00024f2d   Thumb Code     4  peer_data_storage.o(i.pds_next_deleted_peer_id_get)
    pds_next_peer_id_get                     0x00024f31   Thumb Code     4  peer_data_storage.o(i.pds_next_peer_id_get)
    pds_peer_data_iterate                    0x00024f35   Thumb Code    74  peer_data_storage.o(i.pds_peer_data_iterate)
    pds_peer_data_iterate_prepare            0x00024f85   Thumb Code    10  peer_data_storage.o(i.pds_peer_data_iterate_prepare)
    pds_peer_data_read                       0x00024f95   Thumb Code   104  peer_data_storage.o(i.pds_peer_data_read)
    pds_peer_data_store                      0x00024ffd   Thumb Code   160  peer_data_storage.o(i.pds_peer_data_store)
    pds_peer_id_allocate                     0x0002509d   Thumb Code     8  peer_data_storage.o(i.pds_peer_id_allocate)
    pds_peer_id_free                         0x000250a5   Thumb Code    22  peer_data_storage.o(i.pds_peer_id_free)
    pds_peer_id_is_allocated                 0x000250bb   Thumb Code     4  peer_data_storage.o(i.pds_peer_id_is_allocated)
    pds_space_reserve                        0x000250bf   Thumb Code    46  peer_data_storage.o(i.pds_space_reserve)
    pds_space_reserve_cancel                 0x000250ed   Thumb Code    16  peer_data_storage.o(i.pds_space_reserve_cancel)
    peer_id_allocate                         0x000251f1   Thumb Code     6  peer_id.o(i.peer_id_allocate)
    peer_id_delete                           0x000251fd   Thumb Code    32  peer_id.o(i.peer_id_delete)
    peer_id_free                             0x00025221   Thumb Code    24  peer_id.o(i.peer_id_free)
    peer_id_get_next_deleted                 0x0002523d   Thumb Code     6  peer_id.o(i.peer_id_get_next_deleted)
    peer_id_get_next_used                    0x00025249   Thumb Code    42  peer_id.o(i.peer_id_get_next_used)
    peer_id_init                             0x00025279   Thumb Code    36  peer_id.o(i.peer_id_init)
    peer_id_is_allocated                     0x000252a1   Thumb Code    16  peer_id.o(i.peer_id_is_allocated)
    peer_id_is_deleted                       0x000252b5   Thumb Code    16  peer_id.o(i.peer_id_is_deleted)
    pm_buffer_block_acquire                  0x00025451   Thumb Code    92  pm_buffer.o(i.pm_buffer_block_acquire)
    pm_buffer_init                           0x000254ad   Thumb Code    64  pm_buffer.o(i.pm_buffer_init)
    pm_buffer_ptr_get                        0x000254ed   Thumb Code    40  pm_buffer.o(i.pm_buffer_ptr_get)
    pm_buffer_release                        0x00025515   Thumb Code    46  pm_buffer.o(i.pm_buffer_release)
    pm_conn_sec_config_reply                 0x00025543   Thumb Code     4  peer_manager.o(i.pm_conn_sec_config_reply)
    pm_device_identities_list_set            0x00025549   Thumb Code    14  peer_manager.o(i.pm_device_identities_list_set)
    pm_gcm_evt_handler                       0x000255e1   Thumb Code   136  peer_manager.o(i.pm_gcm_evt_handler)
    pm_im_evt_handler                        0x00025669   Thumb Code    74  peer_manager.o(i.pm_im_evt_handler)
    pm_init                                  0x000256b9   Thumb Code    96  peer_manager.o(i.pm_init)
    pm_local_database_has_changed            0x0002571d   Thumb Code    14  peer_manager.o(i.pm_local_database_has_changed)
    pm_mutex_init                            0x00025731   Thumb Code    14  pm_mutex.o(i.pm_mutex_init)
    pm_mutex_lock                            0x0002573f   Thumb Code    26  pm_mutex.o(i.pm_mutex_lock)
    pm_mutex_lock_first_available            0x00025759   Thumb Code    54  pm_mutex.o(i.pm_mutex_lock_first_available)
    pm_mutex_lock_status_get                 0x0002578f   Thumb Code    24  pm_mutex.o(i.pm_mutex_lock_status_get)
    pm_mutex_unlock                          0x000257a7   Thumb Code    58  pm_mutex.o(i.pm_mutex_unlock)
    pm_next_peer_id_get                      0x000257e1   Thumb Code    16  peer_manager.o(i.pm_next_peer_id_get)
    pm_on_ble_evt                            0x000257f5   Thumb Code    36  peer_manager.o(i.pm_on_ble_evt)
    pm_pdb_evt_handler                       0x0002581d   Thumb Code   338  peer_manager.o(i.pm_pdb_evt_handler)
    pm_peer_data_bonding_load                0x00025975   Thumb Code    20  peer_manager.o(i.pm_peer_data_bonding_load)
    pm_peer_data_load                        0x00025989   Thumb Code    96  peer_manager.o(i.pm_peer_data_load)
    pm_peer_delete                           0x000259ed   Thumb Code    14  peer_manager.o(i.pm_peer_delete)
    pm_peers_delete                          0x00025a01   Thumb Code    50  peer_manager.o(i.pm_peers_delete)
    pm_register                              0x00025a39   Thumb Code    34  peer_manager.o(i.pm_register)
    pm_sec_params_set                        0x00025a65   Thumb Code    14  peer_manager.o(i.pm_sec_params_set)
    pm_sm_evt_handler                        0x00025a79   Thumb Code   346  peer_manager.o(i.pm_sm_evt_handler)
    pm_whitelist_get                         0x00025bd9   Thumb Code    38  peer_manager.o(i.pm_whitelist_get)
    pm_whitelist_set                         0x00025c05   Thumb Code    14  peer_manager.o(i.pm_whitelist_set)
    sdk_mapped_flags_bulk_update_by_key      0x000264a5   Thumb Code    68  sdk_mapped_flags.o(i.sdk_mapped_flags_bulk_update_by_key)
    sdk_mapped_flags_first_key_index_get     0x000264e9   Thumb Code    34  sdk_mapped_flags.o(i.sdk_mapped_flags_first_key_index_get)
    sdk_mapped_flags_get_by_key              0x0002651b   Thumb Code    38  sdk_mapped_flags.o(i.sdk_mapped_flags_get_by_key)
    sdk_mapped_flags_key_list_get            0x00026541   Thumb Code    74  sdk_mapped_flags.o(i.sdk_mapped_flags_key_list_get)
    sdk_mapped_flags_update_by_key           0x0002658b   Thumb Code    14  sdk_mapped_flags.o(i.sdk_mapped_flags_update_by_key)
    sensorsim_decrement                      0x00026781   Thumb Code    28  sensorsim.o(i.sensorsim_decrement)
    sensorsim_increment                      0x0002679d   Thumb Code    28  sensorsim.o(i.sensorsim_increment)
    sensorsim_init                           0x000267b9   Thumb Code    22  sensorsim.o(i.sensorsim_init)
    sensorsim_measure                        0x000267cf   Thumb Code    26  sensorsim.o(i.sensorsim_measure)
    sm_ble_evt_handler                       0x00026a59   Thumb Code    18  security_manager.o(i.sm_ble_evt_handler)
    sm_conn_sec_config_reply                 0x00026a71   Thumb Code    18  security_manager.o(i.sm_conn_sec_config_reply)
    sm_init                                  0x00026a89   Thumb Code    76  security_manager.o(i.sm_init)
    sm_pdb_evt_handler                       0x00026ad9   Thumb Code    52  security_manager.o(i.sm_pdb_evt_handler)
    sm_sec_params_set                        0x00026b11   Thumb Code    38  security_manager.o(i.sm_sec_params_set)
    sm_smd_evt_handler                       0x00026b3d   Thumb Code   116  security_manager.o(i.sm_smd_evt_handler)
    smd_ble_evt_handler                      0x00026bb5   Thumb Code   226  security_dispatcher.o(i.smd_ble_evt_handler)
    smd_init                                 0x00026ca1   Thumb Code    56  security_dispatcher.o(i.smd_init)
    smd_link_secure                          0x00026cdd   Thumb Code    48  security_dispatcher.o(i.smd_link_secure)
    smd_params_reply                         0x00026d0d   Thumb Code   262  security_dispatcher.o(i.smd_params_reply)
    smd_pdb_evt_handler                      0x00026ea1   Thumb Code    48  security_dispatcher.o(i.smd_pdb_evt_handler)
    softdevice_ble_evt_handler_set           0x00026ed5   Thumb Code    14  softdevice_handler.o(i.softdevice_ble_evt_handler_set)
    softdevice_enable                        0x00026ee9   Thumb Code    14  softdevice_handler.o(i.softdevice_enable)
    softdevice_enable_get_default_config     0x00026efd   Thumb Code    38  softdevice_handler.o(i.softdevice_enable_get_default_config)
    softdevice_evt_get                       0x00026f23   Thumb Code    18  softdevice_handler_appsh.o(i.softdevice_evt_get)
    softdevice_evt_schedule                  0x00026f35   Thumb Code    10  softdevice_handler_appsh.o(i.softdevice_evt_schedule)
    softdevice_fault_handler                 0x00026f45   Thumb Code     4  softdevice_handler.o(i.softdevice_fault_handler)
    softdevice_handler_init                  0x00026f49   Thumb Code    92  softdevice_handler.o(i.softdevice_handler_init)
    softdevice_handler_is_enabled            0x00026fad   Thumb Code     6  softdevice_handler.o(i.softdevice_handler_is_enabled)
    softdevice_sys_evt_handler_set           0x00026fb9   Thumb Code    14  softdevice_handler.o(i.softdevice_sys_evt_handler_set)
    Region$$Table$$Base                      0x00027994   Number         0  anon$$obj.o(Region$$Table)
    Region$$Table$$Limit                     0x000279b4   Number         0  anon$$obj.o(Region$$Table)
    Image$$RW_IRAM1$$Base                    0x20002128   Number         0  anon$$obj.o ABSOLUTE
    SystemCoreClock                          0x20002330   Data           4  system_nrf52.o(.data)
    fs_data$$Base                            0x20002334   Number         0  fds.o(fs_data)
    fs_data$$Limit                           0x20002344   Number         0  fds.o(fs_data)
    nrf_nvic_state                           0x20002cf4   Data          12  app_util_platform.o(.bss)
    __initial_sp                             0x20004e88   Data           0  arm_startup_nrf52.o(STACK)



==============================================================================

Memory Map of the image

  Image Entry point : 0x0001f401

  Load Region LR_IROM1 (Base: 0x0001f000, Size: 0x00008bd0, Max: 0x00061000, ABSOLUTE, COMPRESSED[0x00008a5c])

    Execution Region ER_IROM1 (Base: 0x0001f000, Size: 0x000089b4, Max: 0x00061000, ABSOLUTE)

    Base Addr    Size         Type   Attr      Idx    E Section Name        Object

    0x0001f000   0x00000400   Data   RO         4824    RESET               arm_startup_nrf52.o
    0x0001f400   0x00000000   Code   RO         4865  * .ARM.Collect$$$$00000000  mc_w.l(entry.o)
    0x0001f400   0x00000004   Code   RO         4880    .ARM.Collect$$$$00000001  mc_w.l(entry2.o)
    0x0001f404   0x00000004   Code   RO         4883    .ARM.Collect$$$$00000004  mc_w.l(entry5.o)
    0x0001f408   0x00000000   Code   RO         4885    .ARM.Collect$$$$00000008  mc_w.l(entry7b.o)
    0x0001f408   0x00000000   Code   RO         4887    .ARM.Collect$$$$0000000A  mc_w.l(entry8b.o)
    0x0001f408   0x00000008   Code   RO         4888    .ARM.Collect$$$$0000000B  mc_w.l(entry9a.o)
    0x0001f410   0x00000000   Code   RO         4890    .ARM.Collect$$$$0000000D  mc_w.l(entry10a.o)
    0x0001f410   0x00000000   Code   RO         4892    .ARM.Collect$$$$0000000F  mc_w.l(entry11a.o)
    0x0001f410   0x00000004   Code   RO         4881    .ARM.Collect$$$$00002712  mc_w.l(entry2.o)
    0x0001f414   0x00000024   Code   RO         4825    .text               arm_startup_nrf52.o
    0x0001f438   0x00000024   Code   RO         4868    .text               mc_w.l(memcpya.o)
    0x0001f45c   0x00000024   Code   RO         4870    .text               mc_w.l(memseta.o)
    0x0001f480   0x0000000e   Code   RO         4872    .text               mc_w.l(strlen.o)
    0x0001f48e   0x0000001a   Code   RO         4874    .text               mc_w.l(memcmp.o)
    0x0001f4a8   0x00000024   Code   RO         4894    .text               mc_w.l(init.o)
    0x0001f4cc   0x00000056   Code   RO         4904    .text               mc_w.l(__dczerorl2.o)
    0x0001f522   0x00000002   PAD
    0x0001f524   0x00000174   Code   RO         2978    i.GPIOTE_IRQHandler  nrf_drv_gpiote.o
    0x0001f698   0x00000016   Code   RO         3634    i.NVIC_ClearPendingIRQ  app_timer.o
    0x0001f6ae   0x00000016   Code   RO         4647    i.NVIC_DisableIRQ   softdevice_handler.o
    0x0001f6c4   0x00000016   Code   RO         3635    i.NVIC_EnableIRQ    app_timer.o
    0x0001f6da   0x00000016   Code   RO         4648    i.NVIC_EnableIRQ    softdevice_handler.o
    0x0001f6f0   0x00000016   Code   RO         3636    i.NVIC_SetPendingIRQ  app_timer.o
    0x0001f706   0x00000020   Code   RO         3637    i.NVIC_SetPriority  app_timer.o
    0x0001f726   0x00000002   PAD
    0x0001f728   0x00000058   Code   RO         2761    i.POWER_CLOCK_IRQHandler  nrf_drv_clock.o
    0x0001f780   0x00000024   Code   RO         3638    i.RTC1_IRQHandler   app_timer.o
    0x0001f7a4   0x00000004   Code   RO         3639    i.SWI0_EGU0_IRQHandler  app_timer.o
    0x0001f7a8   0x00000024   Code   RO         4649    i.SWI2_EGU2_IRQHandler  softdevice_handler.o
    0x0001f7cc   0x0000029c   Code   RO         4833    i.SystemInit        system_nrf52.o
    0x0001fa68   0x0000001c   Code   RO         3221    i.UARTE0_UART0_IRQHandler  nrf_drv_uart.o
    0x0001fa84   0x0000000e   Code   RO         4898    i.__scatterload_copy  mc_w.l(handlers.o)
    0x0001fa92   0x00000002   Code   RO         4899    i.__scatterload_null  mc_w.l(handlers.o)
    0x0001fa94   0x0000000e   Code   RO         4900    i.__scatterload_zeroinit  mc_w.l(handlers.o)
    0x0001faa2   0x00000002   PAD
    0x0001faa4   0x00000024   Code   RO         4650    i.__sd_nvic_app_accessible_irq  softdevice_handler.o
    0x0001fac8   0x00000026   Code   RO         1329    i.addr_compare      id_manager.o
    0x0001faee   0x00000182   Code   RO          717    i.adv_data_encode   ble_advdata.o
    0x0001fc70   0x00000058   Code   RO          797    i.adv_mode_next_avail_get  ble_advertising.o
    0x0001fcc8   0x00000036   Code   RO          635    i.advertising_buttons_configure  bsp_btn_ble.o
    0x0001fcfe   0x00000002   PAD
    0x0001fd00   0x00000084   Code   RO            4    i.advertising_init  main.o
    0x0001fd84   0x00000094   Code   RO            5    i.advertising_start  main.o
    0x0001fe18   0x00000052   Code   RO         1330    i.ah                id_manager.o
    0x0001fe6a   0x00000006   Code   RO          520    i.alert_timer_handler  bsp.o
    0x0001fe70   0x00000024   Code   RO         3454    i.app_button_enable  app_button.o
    0x0001fe94   0x00000070   Code   RO         3455    i.app_button_init   app_button.o
    0x0001ff04   0x00000024   Code   RO         3558    i.app_error_fault_handler  app_error_weak.o
    0x0001ff28   0x00000016   Code   RO         3516    i.app_error_handler_bare  app_error.o
    0x0001ff3e   0x00000002   PAD
    0x0001ff40   0x000000a0   Code   RO         3586    i.app_sched_event_put  app_scheduler.o
    0x0001ffe0   0x00000040   Code   RO         3587    i.app_sched_execute  app_scheduler.o
    0x00020020   0x0000002c   Code   RO         3588    i.app_sched_init    app_scheduler.o
    0x0002004c   0x00000024   Code   RO         3642    i.app_timer_create  app_timer.o
    0x00020070   0x00000018   Code   RO         3790    i.app_timer_evt_get  app_timer_appsh.o
    0x00020088   0x00000018   Code   RO         3791    i.app_timer_evt_schedule  app_timer_appsh.o
    0x000200a0   0x00000080   Code   RO         3643    i.app_timer_init    app_timer.o
    0x00020120   0x00000088   Code   RO         3644    i.app_timer_start   app_timer.o
    0x000201a8   0x00000020   Code   RO         3645    i.app_timer_stop    app_timer.o
    0x000201c8   0x00000048   Code   RO         3819    i.app_util_critical_region_enter  app_util_platform.o
    0x00020210   0x00000034   Code   RO         3820    i.app_util_critical_region_exit  app_util_platform.o
    0x00020244   0x000000a0   Code   RO         2314    i.auth_status_success_process  security_dispatcher.o
    0x000202e4   0x00000080   Code   RO            7    i.bas_init          main.o
    0x00020364   0x0000014e   Code   RO         2555    i.battery_level_char_add  ble_bas.o
    0x000204b2   0x00000002   PAD
    0x000204b4   0x00000040   Code   RO            8    i.battery_level_meas_timeout_handler  main.o
    0x000204f4   0x00000068   Code   RO          718    i.ble_advdata_set   ble_advdata.o
    0x0002055c   0x00000004   Code   RO            9    i.ble_advertising_error_handler  main.o
    0x00020560   0x00000120   Code   RO          798    i.ble_advertising_init  ble_advertising.o
    0x00020680   0x0000005c   Code   RO          799    i.ble_advertising_on_ble_evt  ble_advertising.o
    0x000206dc   0x00000034   Code   RO          800    i.ble_advertising_on_sys_evt  ble_advertising.o
    0x00020710   0x00000024   Code   RO          801    i.ble_advertising_peer_addr_reply  ble_advertising.o
    0x00020734   0x0000003c   Code   RO          802    i.ble_advertising_restart_without_whitelist  ble_advertising.o
    0x00020770   0x00000104   Code   RO          803    i.ble_advertising_start  ble_advertising.o
    0x00020874   0x00000020   Code   RO          804    i.ble_advertising_whitelist_reply  ble_advertising.o
    0x00020894   0x0000007a   Code   RO         2556    i.ble_bas_battery_level_update  ble_bas.o
    0x0002090e   0x00000044   Code   RO         2557    i.ble_bas_init      ble_bas.o
    0x00020952   0x00000060   Code   RO         2558    i.ble_bas_on_ble_evt  ble_bas.o
    0x000209b2   0x00000002   PAD
    0x000209b4   0x00000058   Code   RO          879    i.ble_conn_params_init  ble_conn_params.o
    0x00020a0c   0x00000084   Code   RO          880    i.ble_conn_params_on_ble_evt  ble_conn_params.o
    0x00020a90   0x00000010   Code   RO          949    i.ble_conn_state_conn_handles  ble_conn_state.o
    0x00020aa0   0x00000010   Code   RO          950    i.ble_conn_state_encrypted  ble_conn_state.o
    0x00020ab0   0x00000010   Code   RO          952    i.ble_conn_state_mitm_protected  ble_conn_state.o
    0x00020ac0   0x0000010c   Code   RO          956    i.ble_conn_state_on_ble_evt  ble_conn_state.o
    0x00020bcc   0x00000030   Code   RO          958    i.ble_conn_state_role  ble_conn_state.o
    0x00020bfc   0x0000002c   Code   RO          960    i.ble_conn_state_user_flag_acquire  ble_conn_state.o
    0x00020c28   0x00000018   Code   RO          961    i.ble_conn_state_user_flag_collection  ble_conn_state.o
    0x00020c40   0x00000028   Code   RO          962    i.ble_conn_state_user_flag_get  ble_conn_state.o
    0x00020c68   0x0000002c   Code   RO          963    i.ble_conn_state_user_flag_set  ble_conn_state.o
    0x00020c94   0x00000060   Code   RO          719    i.ble_device_addr_encode  ble_advdata.o
    0x00020cf4   0x0000012c   Code   RO         2596    i.ble_dis_init      ble_dis.o
    0x00020e20   0x00000044   Code   RO           10    i.ble_evt_dispatch  main.o
    0x00020e64   0x0000007c   Code   RO         2638    i.ble_hids_boot_mouse_inp_rep_send  ble_hids.o
    0x00020ee0   0x0000016a   Code   RO         2639    i.ble_hids_init     ble_hids.o
    0x0002104a   0x00000068   Code   RO         2640    i.ble_hids_inp_rep_send  ble_hids.o
    0x000210b2   0x0000009e   Code   RO         2641    i.ble_hids_on_ble_evt  ble_hids.o
    0x00021150   0x00000012   Code   RO         1080    i.ble_srv_ascii_to_utf8  ble_srv_common.o
    0x00021162   0x00000008   Code   RO         1082    i.ble_srv_is_notification_enabled  ble_srv_common.o
    0x0002116a   0x0000000c   Code   RO         1083    i.ble_srv_report_ref_encode  ble_srv_common.o
    0x00021176   0x00000002   PAD
    0x00021178   0x00000070   Code   RO           11    i.ble_stack_init    main.o
    0x000211e8   0x000000d0   Code   RO         2643    i.boot_inp_rep_char_add  ble_hids.o
    0x000212b8   0x00000086   Code   RO         2644    i.boot_kb_outp_rep_char_add  ble_hids.o
    0x0002133e   0x00000002   PAD
    0x00021340   0x0000000c   Code   RO          404    i.bsp_board_button_idx_to_pin  boards.o
    0x0002134c   0x00000020   Code   RO          405    i.bsp_board_button_state_get  boards.o
    0x0002136c   0x00000024   Code   RO          408    i.bsp_board_led_invert  boards.o
    0x00021390   0x00000010   Code   RO          409    i.bsp_board_led_off  boards.o
    0x000213a0   0x00000010   Code   RO          410    i.bsp_board_led_on  boards.o
    0x000213b0   0x00000020   Code   RO          411    i.bsp_board_led_state_get  boards.o
    0x000213d0   0x0000002c   Code   RO          412    i.bsp_board_leds_init  boards.o
    0x000213fc   0x00000012   Code   RO          413    i.bsp_board_leds_off  boards.o
    0x0002140e   0x00000012   Code   RO          414    i.bsp_board_leds_on  boards.o
    0x00021420   0x00000024   Code   RO          415    i.bsp_board_pin_to_button_idx  boards.o
    0x00021444   0x00000038   Code   RO          636    i.bsp_btn_ble_init  bsp_btn_ble.o
    0x0002147c   0x00000070   Code   RO          637    i.bsp_btn_ble_on_ble_evt  bsp_btn_ble.o
    0x000214ec   0x0000001e   Code   RO          638    i.bsp_btn_ble_sleep_mode_prepare  bsp_btn_ble.o
    0x0002150a   0x00000002   PAD
    0x0002150c   0x00000094   Code   RO          521    i.bsp_button_event_handler  bsp.o
    0x000215a0   0x00000004   Code   RO          522    i.bsp_button_is_pressed  bsp.o
    0x000215a4   0x00000080   Code   RO           12    i.bsp_event_handler  main.o
    0x00021624   0x00000044   Code   RO          525    i.bsp_event_to_button_action_assign  bsp.o
    0x00021668   0x00000018   Code   RO          526    i.bsp_indication_set  bsp.o
    0x00021680   0x00000098   Code   RO          527    i.bsp_init          bsp.o
    0x00021718   0x00000174   Code   RO          528    i.bsp_led_indication  bsp.o
    0x0002188c   0x00000010   Code   RO          530    i.bsp_wakeup_button_enable  bsp.o
    0x0002189c   0x00000008   Code   RO          531    i.button_timer_handler  bsp.o
    0x000218a4   0x0000001c   Code   RO         2979    i.channel_free      nrf_drv_gpiote.o
    0x000218c0   0x00000048   Code   RO         2980    i.channel_port_alloc  nrf_drv_gpiote.o
    0x00021908   0x00000010   Code   RO         2981    i.channel_port_get  nrf_drv_gpiote.o
    0x00021918   0x000000a0   Code   RO         2597    i.char_add          ble_dis.o
    0x000219b8   0x00000020   Code   RO         4204    i.check_config      fstorage.o
    0x000219d8   0x00000018   Code   RO         3898    i.chunk_queue_next  fds.o
    0x000219f0   0x00000038   Code   RO         1862    i.claim             peer_id.o
    0x00021a28   0x00000028   Code   RO         2762    i.clock_clk_started_notify  nrf_drv_clock.o
    0x00021a50   0x000000ac   Code   RO         3647    i.compare_reg_update  app_timer.o
    0x00021afc   0x00000088   Code   RO          720    i.conn_int_encode   ble_advdata.o
    0x00021b84   0x00000004   Code   RO           13    i.conn_params_error_handler  main.o
    0x00021b88   0x0000005c   Code   RO          882    i.conn_params_negotiation  ble_conn_params.o
    0x00021be4   0x0000009c   Code   RO         3899    i.delete_execute    fds.o
    0x00021c80   0x00000060   Code   RO         3457    i.detection_delay_timeout_handler  app_button.o
    0x00021ce0   0x0000007c   Code   RO           14    i.dis_init          main.o
    0x00021d5c   0x00000040   Code   RO         3648    i.elapsed_ticks_acquire  app_timer.o
    0x00021d9c   0x00000030   Code   RO         2315    i.encryption_failure  security_dispatcher.o
    0x00021dcc   0x0000006a   Code   RO         3900    i.event_prepare     fds.o
    0x00021e36   0x00000002   PAD
    0x00021e38   0x00000020   Code   RO         3901    i.event_send        fds.o
    0x00021e58   0x00000034   Code   RO         2429    i.events_send_from_err_code  security_manager.o
    0x00021e8c   0x0000000c   Code   RO         1139    i.evt_send          gatt_cache_manager.o
    0x00021e98   0x0000001c   Code   RO         1331    i.evt_send          id_manager.o
    0x00021eb4   0x0000002c   Code   RO         1952    i.evt_send          peer_manager.o
    0x00021ee0   0x0000001c   Code   RO         2316    i.evt_send          security_dispatcher.o
    0x00021efc   0x0000000c   Code   RO         2430    i.evt_send          security_manager.o
    0x00021f08   0x000000f8   Code   RO         1555    i.fds_evt_handler   peer_data_storage.o
    0x00022000   0x0000004c   Code   RO         3903    i.fds_file_delete   fds.o
    0x0002204c   0x00000044   Code   RO         3904    i.fds_gc            fds.o
    0x00022090   0x0000008c   Code   RO         3905    i.fds_init          fds.o
    0x0002211c   0x0000003c   Code   RO         3906    i.fds_record_close  fds.o
    0x00022158   0x0000000e   Code   RO         3908    i.fds_record_find   fds.o
    0x00022166   0x00000010   Code   RO         3909    i.fds_record_find_by_key  fds.o
    0x00022176   0x00000010   Code   RO         3910    i.fds_record_find_in_file  fds.o
    0x00022186   0x00000010   Code   RO         3911    i.fds_record_id_from_desc  fds.o
    0x00022196   0x00000002   PAD
    0x00022198   0x00000040   Code   RO         3913    i.fds_record_open   fds.o
    0x000221d8   0x0000000e   Code   RO         3914    i.fds_record_update  fds.o
    0x000221e6   0x00000008   Code   RO         3915    i.fds_record_write  fds.o
    0x000221ee   0x0000000c   Code   RO         3916    i.fds_record_write_reserved  fds.o
    0x000221fa   0x00000002   PAD
    0x000221fc   0x00000024   Code   RO         3917    i.fds_register      fds.o
    0x00022220   0x00000034   Code   RO         3918    i.fds_reserve       fds.o
    0x00022254   0x00000044   Code   RO         3919    i.fds_reserve_cancel  fds.o
    0x00022298   0x00000014   Code   RO         1556    i.file_id_within_pm_range  peer_data_storage.o
    0x000222ac   0x00000010   Code   RO         3921    i.flag_clear        fds.o
    0x000222bc   0x00000012   Code   RO         2317    i.flag_id_init      security_dispatcher.o
    0x000222ce   0x00000012   Code   RO         2431    i.flag_id_init      security_manager.o
    0x000222e0   0x00000010   Code   RO         3922    i.flag_set          fds.o
    0x000222f0   0x00000058   Code   RO         2432    i.flags_set_from_err_code  security_manager.o
    0x00022348   0x00000074   Code   RO         4205    i.fs_erase          fstorage.o
    0x000223bc   0x00000006   Code   RO         3923    i.fs_event_handler  fds.o
    0x000223c2   0x00000002   PAD
    0x000223c4   0x000000b0   Code   RO         4207    i.fs_init           fstorage.o
    0x00022474   0x00000014   Code   RO         4210    i.fs_queued_op_count_get  fstorage.o
    0x00022488   0x00000080   Code   RO         4211    i.fs_store          fstorage.o
    0x00022508   0x00000068   Code   RO         4212    i.fs_sys_event_handler  fstorage.o
    0x00022570   0x00000070   Code   RO           15    i.gap_params_init   main.o
    0x000225e0   0x00000070   Code   RO         3924    i.gc_execute        fds.o
    0x00022650   0x00000048   Code   RO         3925    i.gc_next_page      fds.o
    0x00022698   0x0000004c   Code   RO         3926    i.gc_page_erase     fds.o
    0x000226e4   0x00000034   Code   RO         3927    i.gc_record_copy    fds.o
    0x00022718   0x00000024   Code   RO         3928    i.gc_record_find_next  fds.o
    0x0002273c   0x00000080   Code   RO         3929    i.gc_state_advance  fds.o
    0x000227bc   0x000000ec   Code   RO         1140    i.gcm_ble_evt_handler  gatt_cache_manager.o
    0x000228a8   0x0000006c   Code   RO         1141    i.gcm_gscm_evt_handler  gatt_cache_manager.o
    0x00022914   0x00000030   Code   RO         1142    i.gcm_im_evt_handler  gatt_cache_manager.o
    0x00022944   0x00000048   Code   RO         1143    i.gcm_init          gatt_cache_manager.o
    0x0002298c   0x00000054   Code   RO         1144    i.gcm_local_database_has_changed  gatt_cache_manager.o
    0x000229e0   0x0000000e   Code   RO         1147    i.gcm_smd_evt_handler  gatt_cache_manager.o
    0x000229ee   0x00000002   PAD
    0x000229f0   0x00000038   Code   RO         1332    i.get_connection_by_conn_handle  id_manager.o
    0x00022a28   0x00000030   Code   RO         1333    i.get_free_connection  id_manager.o
    0x00022a58   0x00000058   Code   RO         3458    i.gpiote_event_handler  app_button.o
    0x00022ab0   0x0000001c   Code   RO         1247    i.gscm_db_change_notification_done  gatts_cache_manager.o
    0x00022acc   0x00000014   Code   RO         1248    i.gscm_init         gatts_cache_manager.o
    0x00022ae0   0x0000001c   Code   RO         1249    i.gscm_local_database_has_changed  gatts_cache_manager.o
    0x00022afc   0x0000006a   Code   RO         1250    i.gscm_local_db_cache_apply  gatts_cache_manager.o
    0x00022b66   0x00000080   Code   RO         1252    i.gscm_local_db_cache_update  gatts_cache_manager.o
    0x00022be6   0x00000002   PAD
    0x00022be8   0x00000054   Code   RO         1253    i.gscm_pdb_evt_handler  gatts_cache_manager.o
    0x00022c3c   0x0000001a   Code   RO         1254    i.gscm_service_changed_ind_needed  gatts_cache_manager.o
    0x00022c56   0x00000002   PAD
    0x00022c58   0x0000002c   Code   RO         1255    i.gscm_service_changed_ind_send  gatts_cache_manager.o
    0x00022c84   0x00000016   Code   RO         3930    i.header_is_valid   fds.o
    0x00022c9a   0x0000008a   Code   RO         2645    i.hid_control_point_char_add  ble_hids.o
    0x00022d24   0x000000a6   Code   RO         2646    i.hid_information_char_add  ble_hids.o
    0x00022dca   0x00000002   PAD
    0x00022dcc   0x00000220   Code   RO           16    i.hids_init         main.o
    0x00022fec   0x00000046   Code   RO         1334    i.im_address_resolve  id_manager.o
    0x00023032   0x00000002   PAD
    0x00023034   0x00000030   Code   RO         1335    i.im_ble_addr_get   id_manager.o
    0x00023064   0x000000ae   Code   RO         1336    i.im_ble_evt_handler  id_manager.o
    0x00023112   0x00000002   PAD
    0x00023114   0x0000002c   Code   RO         1337    i.im_conn_handle_get  id_manager.o
    0x00023140   0x000000a6   Code   RO         1338    i.im_device_identities_list_set  id_manager.o
    0x000231e6   0x00000002   PAD
    0x000231e8   0x00000040   Code   RO         1341    i.im_init           id_manager.o
    0x00023228   0x00000034   Code   RO         1342    i.im_is_duplicate_bonding_data  id_manager.o
    0x0002325c   0x00000018   Code   RO         1343    i.im_master_id_is_valid  id_manager.o
    0x00023274   0x0000002a   Code   RO         1344    i.im_master_ids_compare  id_manager.o
    0x0002329e   0x00000004   Code   RO         1345    i.im_new_peer_id    id_manager.o
    0x000232a2   0x00000072   Code   RO         1346    i.im_pdb_evt_handler  id_manager.o
    0x00023314   0x00000026   Code   RO         1347    i.im_peer_free      id_manager.o
    0x0002333a   0x00000002   PAD
    0x0002333c   0x00000020   Code   RO         1348    i.im_peer_id_get_by_conn_handle  id_manager.o
    0x0002335c   0x0000003c   Code   RO         1349    i.im_peer_id_get_by_master_id  id_manager.o
    0x00023398   0x00000038   Code   RO         1352    i.im_whitelist_get  id_manager.o
    0x000233d0   0x00000074   Code   RO         1353    i.im_whitelist_set  id_manager.o
    0x00023444   0x000000c0   Code   RO         3931    i.init_execute      fds.o
    0x00023504   0x00000078   Code   RO         2647    i.inp_rep_characteristics_add  ble_hids.o
    0x0002357c   0x00000078   Code   RO         4651    i.intern_softdevice_events_execute  softdevice_handler.o
    0x000235f4   0x0000001c   Code   RO          883    i.is_conn_params_ok  ble_conn_params.o
    0x00023610   0x00000014   Code   RO         1354    i.is_valid_irk      id_manager.o
    0x00023624   0x0000000c   Code   RO         3932    i.is_word_aligned   fds.o
    0x00023630   0x00000014   Code   RO          532    i.leds_timer_handler  bsp.o
    0x00023644   0x00000098   Code   RO         2433    i.link_secure       security_manager.o
    0x000236dc   0x00000086   Code   RO         2318    i.link_secure_central  security_dispatcher.o
    0x00023762   0x000000c8   Code   RO         2319    i.link_secure_central_existing_peer  security_dispatcher.o
    0x0002382a   0x0000006c   Code   RO         2320    i.link_secure_central_new_peer  security_dispatcher.o
    0x00023896   0x00000002   PAD
    0x00023898   0x00000058   Code   RO         2321    i.link_secure_failure  security_dispatcher.o
    0x000238f0   0x0000005c   Code   RO         2434    i.link_secure_pending_process  security_manager.o
    0x0002394c   0x000000a8   Code   RO         3649    i.list_deletions_handler  app_timer.o
    0x000239f4   0x000000b8   Code   RO         3650    i.list_insertions_handler  app_timer.o
    0x00023aac   0x00000074   Code   RO         1148    i.local_db_apply_in_evt  gatt_cache_manager.o
    0x00023b20   0x00000078   Code   RO         1149    i.local_db_update_in_evt  gatt_cache_manager.o
    0x00023b98   0x00000032   Code   RO         2261    i.lock_by_mask      pm_mutex.o
    0x00023bca   0x00000002   PAD
    0x00023bcc   0x0000011c   Code   RO           17    i.main              main.o
    0x00023ce8   0x00000012   Code   RO         2648    i.make_char_id      ble_hids.o
    0x00023cfa   0x00000064   Code   RO          721    i.manuf_specific_data_encode  ble_advdata.o
    0x00023d5e   0x00000002   PAD
    0x00023d60   0x00000084   Code   RO           18    i.mouse_movement_send  main.o
    0x00023de4   0x0000009c   Code   RO          722    i.name_encode       ble_advdata.o
    0x00023e80   0x00000058   Code   RO         1355    i.new_connection    id_manager.o
    0x00023ed8   0x00000030   Code   RO         1863    i.next_id_get       peer_id.o
    0x00023f08   0x00000010   Code   RO         2982    i.nrf_bitmask_bit_is_set  nrf_drv_gpiote.o
    0x00023f18   0x0000000e   Code   RO         2766    i.nrf_clock_event_check  nrf_drv_clock.o
    0x00023f26   0x00000010   Code   RO         2767    i.nrf_clock_event_clear  nrf_drv_clock.o
    0x00023f36   0x00000002   PAD
    0x00023f38   0x0000008c   Code   RO         3651    i.nrf_delay_us      app_timer.o
    0x00023fc4   0x00000048   Code   RO         2774    i.nrf_drv_clock_init  nrf_drv_clock.o
    0x0002400c   0x00000030   Code   RO         2781    i.nrf_drv_clock_on_sd_enable  nrf_drv_clock.o
    0x0002403c   0x0000000a   Code   RO         2782    i.nrf_drv_clock_on_soc_event  nrf_drv_clock.o
    0x00024046   0x00000038   Code   RO         2932    i.nrf_drv_common_irq_enable  nrf_drv_common.o
    0x0002407e   0x00000002   PAD
    0x00024080   0x000000a4   Code   RO         2987    i.nrf_drv_gpiote_in_event_enable  nrf_drv_gpiote.o
    0x00024124   0x000000b8   Code   RO         2988    i.nrf_drv_gpiote_in_init  nrf_drv_gpiote.o
    0x000241dc   0x00000014   Code   RO         2989    i.nrf_drv_gpiote_in_is_set  nrf_drv_gpiote.o
    0x000241f0   0x0000005c   Code   RO         2991    i.nrf_drv_gpiote_init  nrf_drv_gpiote.o
    0x0002424c   0x00000014   Code   RO         2992    i.nrf_drv_gpiote_is_init  nrf_drv_gpiote.o
    0x00024260   0x00000024   Code   RO          417    i.nrf_gpio_cfg      boards.o
    0x00024284   0x00000024   Code   RO         3006    i.nrf_gpio_cfg      nrf_drv_gpiote.o
    0x000242a8   0x00000022   Code   RO          533    i.nrf_gpio_cfg_sense_set  bsp.o
    0x000242ca   0x00000022   Code   RO         3008    i.nrf_gpio_cfg_sense_set  nrf_drv_gpiote.o
    0x000242ec   0x00000016   Code   RO          418    i.nrf_gpio_pin_write  boards.o
    0x00024302   0x00000002   PAD
    0x00024304   0x00000028   Code   RO         3009    i.nrf_gpio_ports_read  nrf_drv_gpiote.o
    0x0002432c   0x00000014   Code   RO         3010    i.nrf_gpiote_event_clear  nrf_drv_gpiote.o
    0x00024340   0x00000010   Code   RO         3011    i.nrf_gpiote_event_is_set  nrf_drv_gpiote.o
    0x00024350   0x0000000a   Code   RO         3243    i.nrf_uart_event_check  nrf_drv_uart.o
    0x0002435a   0x0000000c   Code   RO         3244    i.nrf_uart_event_clear  nrf_drv_uart.o
    0x00024366   0x0000000c   Code   RO         3245    i.nrf_uart_int_enable_check  nrf_drv_uart.o
    0x00024372   0x0000000a   Code   RO         3246    i.nrf_uarte_event_check  nrf_drv_uart.o
    0x0002437c   0x0000000c   Code   RO         3247    i.nrf_uarte_event_clear  nrf_drv_uart.o
    0x00024388   0x000000bc   Code   RO           19    i.on_adv_evt        main.o
    0x00024444   0x000000f8   Code   RO           20    i.on_ble_evt        main.o
    0x0002453c   0x00000020   Code   RO           21    i.on_hids_evt       main.o
    0x0002455c   0x00000054   Code   RO         4213    i.on_operation_success  fstorage.o
    0x000245b0   0x00000038   Code   RO         2649    i.on_report_cccd_write  ble_hids.o
    0x000245e8   0x0000002e   Code   RO         2650    i.on_report_value_write  ble_hids.o
    0x00024616   0x00000002   PAD
    0x00024618   0x000000fa   Code   RO         2651    i.on_write          ble_hids.o
    0x00024712   0x00000002   PAD
    0x00024714   0x00000080   Code   RO         3933    i.op_enqueue        fds.o
    0x00024794   0x00000060   Code   RO         2652    i.outp_rep_characteristics_add  ble_hids.o
    0x000247f4   0x00000012   Code   RO         3934    i.page_offsets_update  fds.o
    0x00024806   0x00000002   PAD
    0x00024808   0x00000064   Code   RO         3935    i.page_scan         fds.o
    0x0002486c   0x0000001c   Code   RO         3936    i.page_tag_write_data  fds.o
    0x00024888   0x00000024   Code   RO         3937    i.page_tag_write_swap  fds.o
    0x000248ac   0x000000f8   Code   RO         3938    i.pages_init        fds.o
    0x000249a4   0x0000006c   Code   RO         2322    i.pairing_failure   security_dispatcher.o
    0x00024a10   0x0000003c   Code   RO         2435    i.params_reply_pending_process  security_manager.o
    0x00024a4c   0x0000001c   Code   RO         1699    i.pdb_evt_send      peer_database.o
    0x00024a68   0x00000050   Code   RO         1700    i.pdb_init          peer_database.o
    0x00024ab8   0x00000004   Code   RO         1702    i.pdb_next_deleted_peer_id_get  peer_database.o
    0x00024abc   0x00000004   Code   RO         1703    i.pdb_next_peer_id_get  peer_database.o
    0x00024ac0   0x00000130   Code   RO         1704    i.pdb_pds_evt_handler  peer_database.o
    0x00024bf0   0x00000004   Code   RO         1705    i.pdb_peer_allocate  peer_database.o
    0x00024bf4   0x00000010   Code   RO         1706    i.pdb_peer_data_load  peer_database.o
    0x00024c04   0x00000006   Code   RO         1707    i.pdb_peer_data_ptr_get  peer_database.o
    0x00024c0a   0x00000044   Code   RO         1708    i.pdb_peer_free     peer_database.o
    0x00024c4e   0x00000008   Code   RO         1709    i.pdb_raw_store     peer_database.o
    0x00024c56   0x00000002   PAD
    0x00024c58   0x00000108   Code   RO         1710    i.pdb_write_buf_get  peer_database.o
    0x00024d60   0x00000028   Code   RO         1711    i.pdb_write_buf_release  peer_database.o
    0x00024d88   0x000000c4   Code   RO         1712    i.pdb_write_buf_store  peer_database.o
    0x00024e4c   0x00000068   Code   RO         1713    i.pdb_write_buf_store_prepare  peer_database.o
    0x00024eb4   0x0000000c   Code   RO         1557    i.pds_evt_send      peer_data_storage.o
    0x00024ec0   0x0000006c   Code   RO         1558    i.pds_init          peer_data_storage.o
    0x00024f2c   0x00000004   Code   RO         1559    i.pds_next_deleted_peer_id_get  peer_data_storage.o
    0x00024f30   0x00000004   Code   RO         1560    i.pds_next_peer_id_get  peer_data_storage.o
    0x00024f34   0x00000050   Code   RO         1563    i.pds_peer_data_iterate  peer_data_storage.o
    0x00024f84   0x00000010   Code   RO         1564    i.pds_peer_data_iterate_prepare  peer_data_storage.o
    0x00024f94   0x00000068   Code   RO         1565    i.pds_peer_data_read  peer_data_storage.o
    0x00024ffc   0x000000a0   Code   RO         1566    i.pds_peer_data_store  peer_data_storage.o
    0x0002509c   0x00000008   Code   RO         1567    i.pds_peer_id_allocate  peer_data_storage.o
    0x000250a4   0x00000016   Code   RO         1568    i.pds_peer_id_free  peer_data_storage.o
    0x000250ba   0x00000004   Code   RO         1569    i.pds_peer_id_is_allocated  peer_data_storage.o
    0x000250be   0x0000002e   Code   RO         1570    i.pds_space_reserve  peer_data_storage.o
    0x000250ec   0x00000010   Code   RO         1571    i.pds_space_reserve_cancel  peer_data_storage.o
    0x000250fc   0x00000006   Code   RO         1714    i.peer_data_const_point_to_buffer  peer_database.o
    0x00025102   0x00000002   PAD
    0x00025104   0x00000080   Code   RO         1572    i.peer_data_delete  peer_data_storage.o
    0x00025184   0x00000030   Code   RO         1573    i.peer_data_find    peer_data_storage.o
    0x000251b4   0x00000020   Code   RO         1574    i.peer_data_id_is_valid  peer_data_storage.o
    0x000251d4   0x0000001a   Code   RO         1715    i.peer_data_point_to_buffer  peer_database.o
    0x000251ee   0x00000002   PAD
    0x000251f0   0x0000000c   Code   RO         1864    i.peer_id_allocate  peer_id.o
    0x000251fc   0x00000024   Code   RO         1865    i.peer_id_delete    peer_id.o
    0x00025220   0x0000001c   Code   RO         1866    i.peer_id_free      peer_id.o
    0x0002523c   0x0000000c   Code   RO         1867    i.peer_id_get_next_deleted  peer_id.o
    0x00025248   0x00000030   Code   RO         1868    i.peer_id_get_next_used  peer_id.o
    0x00025278   0x00000028   Code   RO         1869    i.peer_id_init      peer_id.o
    0x000252a0   0x00000014   Code   RO         1870    i.peer_id_is_allocated  peer_id.o
    0x000252b4   0x00000014   Code   RO         1871    i.peer_id_is_deleted  peer_id.o
    0x000252c8   0x0000001c   Code   RO         1356    i.peer_id_set       id_manager.o
    0x000252e4   0x0000007c   Code   RO           22    i.peer_manager_init  main.o
    0x00025360   0x000000c0   Code   RO         1357    i.peers_id_keys_get  id_manager.o
    0x00025420   0x00000018   Code   RO         3012    i.pin_in_use_by_port  nrf_drv_gpiote.o
    0x00025438   0x00000018   Code   RO         3013    i.pin_in_use_by_te  nrf_drv_gpiote.o
    0x00025450   0x0000005c   Code   RO         2219    i.pm_buffer_block_acquire  pm_buffer.o
    0x000254ac   0x00000040   Code   RO         2220    i.pm_buffer_init    pm_buffer.o
    0x000254ec   0x00000028   Code   RO         2221    i.pm_buffer_ptr_get  pm_buffer.o
    0x00025514   0x0000002e   Code   RO         2222    i.pm_buffer_release  pm_buffer.o
    0x00025542   0x00000004   Code   RO         1954    i.pm_conn_sec_config_reply  peer_manager.o
    0x00025546   0x00000002   PAD
    0x00025548   0x00000014   Code   RO         1957    i.pm_device_identities_list_set  peer_manager.o
    0x0002555c   0x00000084   Code   RO           23    i.pm_evt_handler    main.o
    0x000255e0   0x00000088   Code   RO         1958    i.pm_gcm_evt_handler  peer_manager.o
    0x00025668   0x00000050   Code   RO         1961    i.pm_im_evt_handler  peer_manager.o
    0x000256b8   0x00000064   Code   RO         1962    i.pm_init           peer_manager.o
    0x0002571c   0x00000014   Code   RO         1964    i.pm_local_database_has_changed  peer_manager.o
    0x00025730   0x0000000e   Code   RO         2262    i.pm_mutex_init     pm_mutex.o
    0x0002573e   0x0000001a   Code   RO         2263    i.pm_mutex_lock     pm_mutex.o
    0x00025758   0x00000036   Code   RO         2264    i.pm_mutex_lock_first_available  pm_mutex.o
    0x0002578e   0x00000018   Code   RO         2265    i.pm_mutex_lock_status_get  pm_mutex.o
    0x000257a6   0x0000003a   Code   RO         2266    i.pm_mutex_unlock   pm_mutex.o
    0x000257e0   0x00000014   Code   RO         1965    i.pm_next_peer_id_get  peer_manager.o
    0x000257f4   0x00000028   Code   RO         1966    i.pm_on_ble_evt     peer_manager.o
    0x0002581c   0x00000158   Code   RO         1967    i.pm_pdb_evt_handler  peer_manager.o
    0x00025974   0x00000014   Code   RO         1971    i.pm_peer_data_bonding_load  peer_manager.o
    0x00025988   0x00000064   Code   RO         1974    i.pm_peer_data_load  peer_manager.o
    0x000259ec   0x00000014   Code   RO         1978    i.pm_peer_delete    peer_manager.o
    0x00025a00   0x00000038   Code   RO         1983    i.pm_peers_delete   peer_manager.o
    0x00025a38   0x0000002c   Code   RO         1986    i.pm_register       peer_manager.o
    0x00025a64   0x00000014   Code   RO         1988    i.pm_sec_params_set  peer_manager.o
    0x00025a78   0x00000160   Code   RO         1989    i.pm_sm_evt_handler  peer_manager.o
    0x00025bd8   0x0000002c   Code   RO         1990    i.pm_whitelist_get  peer_manager.o
    0x00025c04   0x00000014   Code   RO         1991    i.pm_whitelist_set  peer_manager.o
    0x00025c18   0x00000034   Code   RO         2598    i.pnp_id_encode     ble_dis.o
    0x00025c4c   0x0000008a   Code   RO         2653    i.protocol_mode_char_add  ble_hids.o
    0x00025cd6   0x00000002   PAD
    0x00025cd8   0x0000002c   Code   RO         4214    i.queue_advance     fstorage.o
    0x00025d04   0x00000038   Code   RO         4215    i.queue_get_next_free  fstorage.o
    0x00025d3c   0x000000bc   Code   RO         3939    i.queue_process     fds.o
    0x00025df8   0x00000070   Code   RO         4216    i.queue_process     fstorage.o
    0x00025e68   0x00000020   Code   RO         3940    i.queue_start       fds.o
    0x00025e88   0x0000001c   Code   RO         4217    i.queue_start       fstorage.o
    0x00025ea4   0x00000088   Code   RO         3941    i.record_find       fds.o
    0x00025f2c   0x0000009c   Code   RO         3942    i.record_find_by_desc  fds.o
    0x00025fc8   0x0000004c   Code   RO         3943    i.record_find_next  fds.o
    0x00026014   0x00000024   Code   RO         3944    i.record_header_flag_dirty  fds.o
    0x00026038   0x00000014   Code   RO         1575    i.record_key_within_pm_range  peer_data_storage.o
    0x0002604c   0x0000005c   Code   RO         3945    i.record_write_chunk  fds.o
    0x000260a8   0x00000010   Code   RO         1873    i.release           peer_id.o
    0x000260b8   0x00000132   Code   RO         2654    i.rep_char_add      ble_hids.o
    0x000261ea   0x0000013e   Code   RO         2655    i.rep_map_char_add  ble_hids.o
    0x00026328   0x00000082   Code   RO         2656    i.rep_value_identify  ble_hids.o
    0x000263aa   0x00000002   PAD
    0x000263ac   0x0000003c   Code   RO         3652    i.rtc1_stop         app_timer.o
    0x000263e8   0x00000032   Code   RO         3249    i.rx_byte           nrf_drv_uart.o
    0x0002641a   0x00000018   Code   RO         3250    i.rx_done_event     nrf_drv_uart.o
    0x00026432   0x00000002   PAD
    0x00026434   0x00000070   Code   RO         4653    i.sd_nvic_EnableIRQ  softdevice_handler.o
    0x000264a4   0x00000044   Code   RO         4363    i.sdk_mapped_flags_bulk_update_by_key  sdk_mapped_flags.o
    0x000264e8   0x00000022   Code   RO         4364    i.sdk_mapped_flags_first_key_index_get  sdk_mapped_flags.o
    0x0002650a   0x00000010   Code   RO         4365    i.sdk_mapped_flags_get_by_index  sdk_mapped_flags.o
    0x0002651a   0x00000026   Code   RO         4366    i.sdk_mapped_flags_get_by_key  sdk_mapped_flags.o
    0x00026540   0x0000004a   Code   RO         4367    i.sdk_mapped_flags_key_list_get  sdk_mapped_flags.o
    0x0002658a   0x0000000e   Code   RO         4369    i.sdk_mapped_flags_update_by_key  sdk_mapped_flags.o
    0x00026598   0x000000b2   Code   RO         2323    i.sec_info_request_process  security_dispatcher.o
    0x0002664a   0x00000076   Code   RO         2436    i.sec_params_verify  security_manager.o
    0x000266c0   0x00000054   Code   RO         2324    i.sec_proc_start    security_dispatcher.o
    0x00026714   0x00000020   Code   RO         2325    i.sec_start_send    security_dispatcher.o
    0x00026734   0x0000004c   Code   RO         4218    i.send_event        fstorage.o
    0x00026780   0x0000001c   Code   RO         4419    i.sensorsim_decrement  sensorsim.o
    0x0002679c   0x0000001c   Code   RO         4420    i.sensorsim_increment  sensorsim.o
    0x000267b8   0x00000016   Code   RO         4421    i.sensorsim_init    sensorsim.o
    0x000267ce   0x0000001a   Code   RO         4422    i.sensorsim_measure  sensorsim.o
    0x000267e8   0x00000058   Code   RO         1150    i.service_changed_pending_flags_check  gatt_cache_manager.o
    0x00026840   0x00000044   Code   RO         1256    i.service_changed_pending_set  gatts_cache_manager.o
    0x00026884   0x00000094   Code   RO         1151    i.service_changed_send_in_evt  gatt_cache_manager.o
    0x00026918   0x00000088   Code   RO          723    i.service_data_encode  ble_advdata.o
    0x000269a0   0x00000004   Code   RO           24    i.service_error_handler  main.o
    0x000269a4   0x00000048   Code   RO          805    i.set_adv_mode_fast  ble_advertising.o
    0x000269ec   0x00000044   Code   RO          806    i.set_adv_mode_slow  ble_advertising.o
    0x00026a30   0x00000028   Code   RO           25    i.sleep_mode_enter  main.o
    0x00026a58   0x00000018   Code   RO         2437    i.sm_ble_evt_handler  security_manager.o
    0x00026a70   0x00000018   Code   RO         2438    i.sm_conn_sec_config_reply  security_manager.o
    0x00026a88   0x00000050   Code   RO         2439    i.sm_init           security_manager.o
    0x00026ad8   0x00000038   Code   RO         2442    i.sm_pdb_evt_handler  security_manager.o
    0x00026b10   0x0000002c   Code   RO         2444    i.sm_sec_params_set  security_manager.o
    0x00026b3c   0x00000078   Code   RO         2445    i.sm_smd_evt_handler  security_manager.o
    0x00026bb4   0x000000ec   Code   RO         2326    i.smd_ble_evt_handler  security_dispatcher.o
    0x00026ca0   0x0000003c   Code   RO         2327    i.smd_init          security_dispatcher.o
    0x00026cdc   0x00000030   Code   RO         2328    i.smd_link_secure   security_dispatcher.o
    0x00026d0c   0x0000010c   Code   RO         2329    i.smd_params_reply  security_dispatcher.o
    0x00026e18   0x00000088   Code   RO         2446    i.smd_params_reply_perform  security_manager.o
    0x00026ea0   0x00000034   Code   RO         2330    i.smd_pdb_evt_handler  security_dispatcher.o
    0x00026ed4   0x00000014   Code   RO         4654    i.softdevice_ble_evt_handler_set  softdevice_handler.o
    0x00026ee8   0x00000014   Code   RO         4655    i.softdevice_enable  softdevice_handler.o
    0x00026efc   0x00000026   Code   RO         4656    i.softdevice_enable_get_default_config  softdevice_handler.o
    0x00026f22   0x00000012   Code   RO         4795    i.softdevice_evt_get  softdevice_handler_appsh.o
    0x00026f34   0x00000010   Code   RO         4796    i.softdevice_evt_schedule  softdevice_handler_appsh.o
    0x00026f44   0x00000004   Code   RO         4657    i.softdevice_fault_handler  softdevice_handler.o
    0x00026f48   0x00000064   Code   RO         4658    i.softdevice_handler_init  softdevice_handler.o
    0x00026fac   0x0000000c   Code   RO         4659    i.softdevice_handler_is_enabled  softdevice_handler.o
    0x00026fb8   0x00000014   Code   RO         4664    i.softdevice_sys_evt_handler_set  softdevice_handler.o
    0x00026fcc   0x00000012   Code   RO           26    i.sys_evt_dispatch  main.o
    0x00026fde   0x00000042   Code   RO         2599    i.sys_id_encode     ble_dis.o
    0x00027020   0x0000008c   Code   RO         3653    i.timer_list_handler  app_timer.o
    0x000270ac   0x0000003c   Code   RO         3654    i.timer_list_insert  app_timer.o
    0x000270e8   0x00000048   Code   RO         3655    i.timer_stop_op_schedule  app_timer.o
    0x00027130   0x00000084   Code   RO         3656    i.timer_timeouts_check  app_timer.o
    0x000271b4   0x00000020   Code   RO         3252    i.tx_byte           nrf_drv_uart.o
    0x000271d4   0x0000001c   Code   RO         3253    i.tx_done_event     nrf_drv_uart.o
    0x000271f0   0x0000011e   Code   RO         3254    i.uart_irq_handler  nrf_drv_uart.o
    0x0002730e   0x000000f0   Code   RO         3255    i.uarte_irq_handler  nrf_drv_uart.o
    0x000273fe   0x0000000a   Code   RO          724    i.uint16_encode     ble_advdata.o
    0x00027408   0x00000060   Code   RO          884    i.update_timeout_handler  ble_conn_params.o
    0x00027468   0x00000018   Code   RO          965    i.user_flag_is_acquired  ble_conn_state.o
    0x00027480   0x00000030   Code   RO         3657    i.user_op_alloc     app_timer.o
    0x000274b0   0x00000030   Code   RO          725    i.uuid_list_encode  ble_advdata.o
    0x000274e0   0x0000009e   Code   RO          726    i.uuid_list_sized_encode  ble_advdata.o
    0x0002757e   0x00000024   Code   RO         1716    i.write_buf_length_words_set  peer_database.o
    0x000275a2   0x00000024   Code   RO         1717    i.write_buffer_record_find  peer_database.o
    0x000275c6   0x00000002   PAD
    0x000275c8   0x0000002c   Code   RO         1718    i.write_buffer_record_find_next  peer_database.o
    0x000275f4   0x0000001e   Code   RO         1719    i.write_buffer_record_invalidate  peer_database.o
    0x00027612   0x00000002   PAD
    0x00027614   0x0000002c   Code   RO         1720    i.write_buffer_record_release  peer_database.o
    0x00027640   0x00000124   Code   RO         3946    i.write_enqueue     fds.o
    0x00027764   0x000000e8   Code   RO         3947    i.write_execute     fds.o
    0x0002784c   0x00000014   Code   RO         3948    i.write_space_free  fds.o
    0x00027860   0x00000054   Code   RO         3949    i.write_space_reserve  fds.o
    0x000278b4   0x00000008   Data   RO           29    .constdata          main.o
    0x000278bc   0x00000008   Data   RO          419    .constdata          boards.o
    0x000278c4   0x0000002c   Data   RO          538    .constdata          bsp.o
    0x000278f0   0x00000004   Data   RO          887    .constdata          ble_conn_params.o
    0x000278f4   0x00000004   Data   RO         1257    .constdata          gatts_cache_manager.o
    0x000278f8   0x00000010   Data   RO         1258    .constdata          gatts_cache_manager.o
    0x00027908   0x00000004   Data   RO         1259    .constdata          gatts_cache_manager.o
    0x0002790c   0x00000008   Data   RO         1359    .constdata          id_manager.o
    0x00027914   0x00000004   Data   RO         1576    .constdata          peer_data_storage.o
    0x00027918   0x00000014   Data   RO         1722    .constdata          peer_database.o
    0x0002792c   0x00000044   Data   RO         2332    .constdata          security_dispatcher.o
    0x00027970   0x00000004   Data   RO         2447    .constdata          security_manager.o
    0x00027974   0x00000004   Data   RO         3015    .constdata          nrf_drv_gpiote.o
    0x00027978   0x00000008   Data   RO         3460    .constdata          app_button.o
    0x00027980   0x00000014   Data   RO         3951    .constdata          fds.o
    0x00027994   0x00000020   Data   RO         4896    Region$$Table       anon$$obj.o


    Execution Region RW_IRAM1 (Base: 0x20002128, Size: 0x00002d60, Max: 0x0000ded8, ABSOLUTE, COMPRESSED[0x000000a8])

    Base Addr    Size         Type   Attr      Idx    E Section Name        Object

    0x20002128   0x000000a0   Data   RW           30    .data               main.o
    0x200021c8   0x00000014   Data   RW          539    .data               bsp.o
    0x200021dc   0x00000008   Data   RW          639    .data               bsp_btn_ble.o
    0x200021e4   0x0000001f   Data   RW          808    .data               ble_advertising.o
    0x20002203   0x00000001   PAD
    0x20002204   0x00000014   Data   RW          888    .data               ble_conn_params.o
    0x20002218   0x0000000c   Data   RW         1152    .data               gatt_cache_manager.o
    0x20002224   0x0000000c   Data   RW         1260    .data               gatts_cache_manager.o
    0x20002230   0x00000003   Data   RW         1360    .data               id_manager.o
    0x20002233   0x00000001   PAD
    0x20002234   0x0000000c   Data   RW         1577    .data               peer_data_storage.o
    0x20002240   0x00000008   Data   RW         1723    .data               peer_database.o
    0x20002248   0x00000010   Data   RW         1994    .data               peer_manager.o
    0x20002258   0x00000004   Data   RW         2333    .data               security_dispatcher.o
    0x2000225c   0x00000015   Data   RW         2448    .data               security_manager.o
    0x20002271   0x00000001   PAD
    0x20002272   0x0000004a   Data   RW         2600    .data               ble_dis.o
    0x200022bc   0x00000014   Data   RW         3461    .data               app_button.o
    0x200022d0   0x00000010   Data   RW         3590    .data               app_scheduler.o
    0x200022e0   0x00000020   Data   RW         3658    .data               app_timer.o
    0x20002300   0x00000018   Data   RW         3952    .data               fds.o
    0x20002318   0x00000002   Data   RW         4220    .data               fstorage.o
    0x2000231a   0x00000002   PAD
    0x2000231c   0x00000014   Data   RW         4665    .data               softdevice_handler.o
    0x20002330   0x00000004   Data   RW         4834    .data               system_nrf52.o
    0x20002334   0x00000010   Data   RW         3953    fs_data             fds.o
    0x20002344   0x00000020   Zero   RW           27    .bss                main.o
    0x20002364   0x00000328   Zero   RW           28    .bss                main.o
    0x2000268c   0x00000020   Zero   RW          534    .bss                bsp.o
    0x200026ac   0x00000020   Zero   RW          535    .bss                bsp.o
    0x200026cc   0x0000000c   Zero   RW          536    .bss                bsp.o
    0x200026d8   0x00000020   Zero   RW          537    .bss                bsp.o
    0x200026f8   0x000000b3   Zero   RW          807    .bss                ble_advertising.o
    0x200027ab   0x00000001   PAD
    0x200027ac   0x00000020   Zero   RW          885    .bss                ble_conn_params.o
    0x200027cc   0x0000001c   Zero   RW          886    .bss                ble_conn_params.o
    0x200027e8   0x00000034   Zero   RW          966    .bss                ble_conn_state.o
    0x2000281c   0x00000070   Zero   RW         1358    .bss                id_manager.o
    0x2000288c   0x00000330   Zero   RW         1721    .bss                peer_database.o
    0x20002bbc   0x00000040   Zero   RW         1874    .bss                peer_id.o
    0x20002bfc   0x0000000c   Zero   RW         1992    .bss                peer_manager.o
    0x20002c08   0x00000040   Zero   RW         2331    .bss                security_dispatcher.o
    0x20002c48   0x00000014   Zero   RW         2784    .bss                nrf_drv_clock.o
    0x20002c5c   0x00000058   Zero   RW         3014    .bss                nrf_drv_gpiote.o
    0x20002cb4   0x00000020   Zero   RW         3256    .bss                nrf_drv_uart.o
    0x20002cd4   0x00000020   Zero   RW         3459    .bss                app_button.o
    0x20002cf4   0x0000000c   Zero   RW         3823    .bss                app_util_platform.o
    0x20002d00   0x0000011c   Zero   RW         3950    .bss                fds.o
    0x20002e1c   0x00000068   Zero   RW         4219    .bss                fstorage.o
    0x20002e84   0x00000004   PAD
    0x20002e88   0x00002000   Zero   RW         4822    STACK               arm_startup_nrf52.o

