Component: ARM Compiler 5.06 update 4 (build 422) Tool: armlink [4d35d2]

==============================================================================

Section Cross References

    main.o(i.exp_io_in_inc) refers to main.o(i.nrf_gpio_pin_toggle) for nrf_gpio_pin_toggle
    main.o(i.exp_io_init) refers to main.o(i.nrf_gpio_pin_toggle) for nrf_gpio_pin_toggle
    main.o(i.exp_io_out_sel) refers to main.o(i.nrf_gpio_pin_write) for nrf_gpio_pin_write
    main.o(i.main) refers to nrf_log_frontend.o(i.nrf_log_init) for nrf_log_init
    main.o(i.main) refers to app_error.o(i.app_error_handler_bare) for app_error_handler_bare
    main.o(i.main) refers to nrf_log_frontend.o(i.nrf_log_frontend_std_0) for nrf_log_frontend_std_0
    main.o(i.main) refers to nrf_log_frontend.o(i.nrf_log_frontend_dequeue) for nrf_log_frontend_dequeue
    main.o(i.main) refers to main.o(i.saadc_init) for saadc_init
    main.o(i.main) refers to main.o(i.exp_io_init) for exp_io_init
    main.o(i.main) refers to app_timer.o(i.app_timer_init) for app_timer_init
    main.o(i.main) refers to app_timer.o(i.app_timer_create) for app_timer_create
    main.o(i.main) refers to app_timer.o(i.app_timer_start) for app_timer_start
    main.o(i.main) refers to main.o(.bss) for .bss
    main.o(i.main) refers to main.o(i.timer_timeout_handler) for timer_timeout_handler
    main.o(i.main) refers to main.o(.constdata) for .constdata
    main.o(i.saadc_callback) refers to nrf_drv_saadc.o(i.nrf_drv_saadc_buffer_convert) for nrf_drv_saadc_buffer_convert
    main.o(i.saadc_callback) refers to app_error.o(i.app_error_handler_bare) for app_error_handler_bare
    main.o(i.saadc_callback) refers to nrf_log_frontend.o(i.nrf_log_frontend_std_1) for nrf_log_frontend_std_1
    main.o(i.saadc_callback) refers to main.o(.data) for .data
    main.o(i.saadc_init) refers to nrf_drv_saadc.o(i.nrf_drv_saadc_init) for nrf_drv_saadc_init
    main.o(i.saadc_init) refers to app_error.o(i.app_error_handler_bare) for app_error_handler_bare
    main.o(i.saadc_init) refers to nrf_drv_saadc.o(i.nrf_drv_saadc_channel_init) for nrf_drv_saadc_channel_init
    main.o(i.saadc_init) refers to main.o(.constdata) for .constdata
    main.o(i.saadc_init) refers to main.o(i.saadc_callback) for saadc_callback
    main.o(i.saadc_sampling_event_enable) refers to nrf_drv_ppi.o(i.nrf_drv_ppi_channel_enable) for nrf_drv_ppi_channel_enable
    main.o(i.saadc_sampling_event_enable) refers to app_error.o(i.app_error_handler_bare) for app_error_handler_bare
    main.o(i.saadc_sampling_event_enable) refers to main.o(.data) for .data
    main.o(i.saadc_sampling_event_init) refers to nrf_drv_ppi.o(i.nrf_drv_ppi_init) for nrf_drv_ppi_init
    main.o(i.saadc_sampling_event_init) refers to app_error.o(i.app_error_handler_bare) for app_error_handler_bare
    main.o(i.saadc_sampling_event_init) refers to nrf_drv_timer.o(i.nrf_drv_timer_init) for nrf_drv_timer_init
    main.o(i.saadc_sampling_event_init) refers to nrf_drv_timer.o(i.nrf_drv_timer_extended_compare) for nrf_drv_timer_extended_compare
    main.o(i.saadc_sampling_event_init) refers to nrf_drv_timer.o(i.nrf_drv_timer_enable) for nrf_drv_timer_enable
    main.o(i.saadc_sampling_event_init) refers to nrf_drv_saadc.o(i.nrf_drv_saadc_sample_task_get) for nrf_drv_saadc_sample_task_get
    main.o(i.saadc_sampling_event_init) refers to nrf_drv_ppi.o(i.nrf_drv_ppi_channel_alloc) for nrf_drv_ppi_channel_alloc
    main.o(i.saadc_sampling_event_init) refers to nrf_drv_ppi.o(i.nrf_drv_ppi_channel_assign) for nrf_drv_ppi_channel_assign
    main.o(i.saadc_sampling_event_init) refers to main.o(.constdata) for .constdata
    main.o(i.saadc_sampling_event_init) refers to main.o(i.timer_handler) for timer_handler
    main.o(i.saadc_sampling_event_init) refers to main.o(.data) for .data
    main.o(i.scan_sensors) refers to app_timer.o(i.app_timer_cnt_get) for app_timer_cnt_get
    main.o(i.scan_sensors) refers to main.o(i.exp_io_out_sel) for exp_io_out_sel
    main.o(i.scan_sensors) refers to nrf_drv_saadc.o(i.nrf_drv_saadc_sample) for nrf_drv_saadc_sample
    main.o(i.scan_sensors) refers to nrf_drv_saadc.o(i.nrf_drv_saadc_sample_convert) for nrf_drv_saadc_sample_convert
    main.o(i.scan_sensors) refers to main.o(i.exp_io_in_inc) for exp_io_in_inc
    main.o(i.scan_sensors) refers to main.o(.bss) for .bss
    main.o(i.task_timer_event_handler) refers to main.o(i.scan_sensors) for scan_sensors
    main.o(i.timer_timeout_handler) refers to main.o(i.scan_sensors) for scan_sensors
    main.o(i.timer_timeout_handler) refers to nrf_log_frontend.o(i.nrf_log_frontend_std_1) for nrf_log_frontend_std_1
    main.o(i.timer_timeout_handler) refers to main.o(.data) for .data
    main.o(.constdata) refers to main.o(.bss) for m_app_timer_id_data
    boards.o(i.bsp_board_button_idx_to_pin) refers to boards.o(.constdata) for .constdata
    boards.o(i.bsp_board_button_state_get) refers to boards.o(.constdata) for .constdata
[...]
    printf7.o(i.__0vfprintf$7) refers to fputc.o(i.fputc) for fputc
    printf7.o(i.__0vprintf$7) refers to printf7.o(i._printf_core) for _printf_core
    printf7.o(i.__0vprintf$7) refers to fputc.o(i.fputc) for fputc
    printf7.o(i.__0vprintf$7) refers to stdout.o(.data) for __stdout
    printf7.o(i.__0vsnprintf$7) refers to printf7.o(i._printf_core) for _printf_core
    printf7.o(i.__0vsnprintf$7) refers to printf7.o(i._snputc) for _snputc
    printf7.o(i.__0vsprintf$7) refers to printf7.o(i._printf_core) for _printf_core
    printf7.o(i.__0vsprintf$7) refers to printf7.o(i._sputc) for _sputc
    printf7.o(i._printf_core) refers to printf7.o(i._printf_pre_padding) for _printf_pre_padding
    printf7.o(i._printf_core) refers to uldiv.o(.text) for __aeabi_uldivmod
    printf7.o(i._printf_core) refers to printf7.o(i._printf_post_padding) for _printf_post_padding
    printf8.o(i.__0fprintf$8) refers to printf8.o(i._printf_core) for _printf_core
    printf8.o(i.__0fprintf$8) refers to fputc.o(i.fputc) for fputc
    printf8.o(i.__0printf$8) refers to printf8.o(i._printf_core) for _printf_core
    printf8.o(i.__0printf$8) refers to fputc.o(i.fputc) for fputc
    printf8.o(i.__0printf$8) refers to stdout.o(.data) for __stdout
    printf8.o(i.__0snprintf$8) refers to printf8.o(i._printf_core) for _printf_core
    printf8.o(i.__0snprintf$8) refers to printf8.o(i._snputc) for _snputc
    printf8.o(i.__0sprintf$8) refers to printf8.o(i._printf_core) for _printf_core
    printf8.o(i.__0sprintf$8) refers to printf8.o(i._sputc) for _sputc
    printf8.o(i.__0vfprintf$8) refers to printf8.o(i._printf_core) for _printf_core
    printf8.o(i.__0vfprintf$8) refers to fputc.o(i.fputc) for fputc
    printf8.o(i.__0vprintf$8) refers to printf8.o(i._printf_core) for _printf_core
    printf8.o(i.__0vprintf$8) refers to fputc.o(i.fputc) for fputc
    printf8.o(i.__0vprintf$8) refers to stdout.o(.data) for __stdout
    printf8.o(i.__0vsnprintf$8) refers to printf8.o(i._printf_core) for _printf_core
    printf8.o(i.__0vsnprintf$8) refers to printf8.o(i._snputc) for _snputc
    printf8.o(i.__0vsprintf$8) refers to printf8.o(i._printf_core) for _printf_core
    printf8.o(i.__0vsprintf$8) refers to printf8.o(i._sputc) for _sputc
    printf8.o(i._printf_core) refers to printf8.o(i._printf_pre_padding) for _printf_pre_padding
    printf8.o(i._printf_core) refers to uldiv.o(.text) for __aeabi_uldivmod
    printf8.o(i._printf_core) refers to printf8.o(i._printf_post_padding) for _printf_post_padding
    printfa.o(i.__0fprintf) refers (Special) to iusefp.o(.text) for __I$use$fp
    printfa.o(i.__0fprintf) refers to printfa.o(i._printf_core) for _printf_core
    printfa.o(i.__0fprintf) refers to fputc.o(i.fputc) for fputc
    printfa.o(i.__0printf) refers (Special) to iusefp.o(.text) for __I$use$fp
    printfa.o(i.__0printf) refers to printfa.o(i._printf_core) for _printf_core
    printfa.o(i.__0printf) refers to fputc.o(i.fputc) for fputc
    printfa.o(i.__0printf) refers to stdout.o(.data) for __stdout
    printfa.o(i.__0snprintf) refers (Special) to iusefp.o(.text) for __I$use$fp
    printfa.o(i.__0snprintf) refers to printfa.o(i._printf_core) for _printf_core
    printfa.o(i.__0snprintf) refers to printfa.o(i._snputc) for _snputc
    printfa.o(i.__0sprintf) refers (Special) to iusefp.o(.text) for __I$use$fp
    printfa.o(i.__0sprintf) refers to printfa.o(i._printf_core) for _printf_core
    printfa.o(i.__0sprintf) refers to printfa.o(i._sputc) for _sputc
    printfa.o(i.__0vfprintf) refers (Special) to iusefp.o(.text) for __I$use$fp
    printfa.o(i.__0vfprintf) refers to printfa.o(i._printf_core) for _printf_core
    printfa.o(i.__0vfprintf) refers to fputc.o(i.fputc) for fputc
    printfa.o(i.__0vprintf) refers (Special) to iusefp.o(.text) for __I$use$fp
    printfa.o(i.__0vprintf) refers to printfa.o(i._printf_core) for _printf_core
    printfa.o(i.__0vprintf) refers to fputc.o(i.fputc) for fputc
    printfa.o(i.__0vprintf) refers to stdout.o(.data) for __stdout
    printfa.o(i.__0vsnprintf) refers (Special) to iusefp.o(.text) for __I$use$fp
    printfa.o(i.__0vsnprintf) refers to printfa.o(i._printf_core) for _printf_core
    printfa.o(i.__0vsnprintf) refers to printfa.o(i._snputc) for _snputc
    printfa.o(i.__0vsprintf) refers (Special) to iusefp.o(.text) for __I$use$fp
    printfa.o(i.__0vsprintf) refers to printfa.o(i._printf_core) for _printf_core
    printfa.o(i.__0vsprintf) refers to printfa.o(i._sputc) for _sputc
    printfa.o(i._fp_digits) refers (Special) to iusefp.o(.text) for __I$use$fp
    printfa.o(i._fp_digits) refers to dmul.o(.text) for __aeabi_dmul
    printfa.o(i._fp_digits) refers to ddiv.o(.text) for __aeabi_ddiv
    printfa.o(i._fp_digits) refers to cdrcmple.o(.text) for __aeabi_cdrcmple
    printfa.o(i._fp_digits) refers to dadd.o(.text) for __aeabi_dadd
    printfa.o(i._fp_digits) refers to dfixul.o(.text) for __aeabi_d2ulz
    printfa.o(i._fp_digits) refers to uldiv.o(.text) for __aeabi_uldivmod
    printfa.o(i._printf_core) refers (Special) to iusefp.o(.text) for __I$use$fp
    printfa.o(i._printf_core) refers to printfa.o(i._printf_pre_padding) for _printf_pre_padding
    printfa.o(i._printf_core) refers to uldiv.o(.text) for __aeabi_uldivmod
    printfa.o(i._printf_core) refers to printfa.o(i._printf_post_padding) for _printf_post_padding
    printfa.o(i._printf_core) refers to printfa.o(i._fp_digits) for _fp_digits
    printfa.o(i._printf_core) refers to uidiv.o(.text) for __aeabi_uidivmod
    printfa.o(i._printf_post_padding) refers (Special) to iusefp.o(.text) for __I$use$fp
    printfa.o(i._printf_pre_padding) refers (Special) to iusefp.o(.text) for __I$use$fp
    printfa.o(i._snputc) refers (Special) to iusefp.o(.text) for __I$use$fp
    printfa.o(i._sputc) refers (Special) to iusefp.o(.text) for __I$use$fp
    entry2.o(.ARM.Collect$$$$00000001) refers to entry2.o(.ARM.Collect$$$$00002712) for __lit__00000000
    entry2.o(.ARM.Collect$$$$00002712) refers to arm_startup_nrf52.o(STACK) for __initial_sp
    entry2.o(__vectab_stack_and_reset_area) refers to arm_startup_nrf52.o(STACK) for __initial_sp
    entry2.o(__vectab_stack_and_reset_area) refers to entry.o(.ARM.Collect$$$$00000000) for __main
    entry5.o(.ARM.Collect$$$$00000004) refers to init.o(.text) for __scatterload
    entry9a.o(.ARM.Collect$$$$0000000B) refers to main.o(i.main) for main
    entry9b.o(.ARM.Collect$$$$0000000C) refers to main.o(i.main) for main
    fputc.o(i.fputc) refers (Special) to iusesemip.o(.text) for __I$use$semihosting$fputc
    fputc.o(i.fputc) refers (Special) to semi.o(.text) for __semihosting_library_function
    uldiv.o(.text) refers to llushr.o(.text) for __aeabi_llsr
    uldiv.o(.text) refers to llshl.o(.text) for __aeabi_llsl
    dadd.o(.text) refers to llshl.o(.text) for __aeabi_llsl
    dadd.o(.text) refers to llsshr.o(.text) for __aeabi_lasr
    dadd.o(.text) refers to depilogue.o(.text) for _double_epilogue
    dmul.o(.text) refers to depilogue.o(.text) for _double_epilogue
    ddiv.o(.text) refers to depilogue.o(.text) for _double_round
    dfixul.o(.text) refers to llushr.o(.text) for __aeabi_llsr
    dfixul.o(.text) refers to llshl.o(.text) for __aeabi_llsl
    init.o(.text) refers to entry5.o(.ARM.Collect$$$$00000004) for __main_after_scatterload
    depilogue.o(.text) refers to llshl.o(.text) for __aeabi_llsl
    depilogue.o(.text) refers to llushr.o(.text) for __aeabi_llsr


==============================================================================

Removing Unused input sections from the image.

    Removing main.o(.rev16_text), (4 bytes).
    Removing main.o(.revsh_text), (4 bytes).
    Removing main.o(.rrx_text), (6 bytes).
    Removing main.o(i.saadc_sampling_event_enable), (28 bytes).
    Removing main.o(i.saadc_sampling_event_init), (144 bytes).
    Removing main.o(i.task_timer_event_handler), (12 bytes).
    Removing main.o(i.timer_handler), (2 bytes).
    Removing main.o(.data), (1 bytes).
    Removing boards.o(.rev16_text), (4 bytes).
    Removing boards.o(.revsh_text), (4 bytes).
    Removing boards.o(.rrx_text), (6 bytes).
    Removing boards.o(i.bsp_board_button_idx_to_pin), (12 bytes).
    Removing boards.o(i.bsp_board_button_state_get), (32 bytes).
    Removing boards.o(i.bsp_board_buttons_init), (36 bytes).
    Removing boards.o(i.bsp_board_led_idx_to_pin), (12 bytes).
    Removing boards.o(i.bsp_board_led_invert), (36 bytes).
    Removing boards.o(i.bsp_board_led_off), (16 bytes).
    Removing boards.o(i.bsp_board_led_on), (16 bytes).
    Removing boards.o(i.bsp_board_led_state_get), (32 bytes).
    Removing boards.o(i.bsp_board_leds_init), (44 bytes).
    Removing boards.o(i.bsp_board_leds_off), (18 bytes).
    Removing boards.o(i.bsp_board_leds_on), (18 bytes).
    Removing boards.o(i.bsp_board_pin_to_button_idx), (36 bytes).
    Removing boards.o(i.bsp_board_pin_to_led_idx), (36 bytes).
    Removing boards.o(i.nrf_gpio_cfg), (36 bytes).
    Removing boards.o(i.nrf_gpio_pin_write), (22 bytes).
    Removing boards.o(.constdata), (8 bytes).
    Removing nrf_drv_common.o(.rev16_text), (4 bytes).
    Removing nrf_drv_common.o(.revsh_text), (4 bytes).
    Removing nrf_drv_common.o(.rrx_text), (6 bytes).
    Removing nrf_drv_ppi.o(.rev16_text), (4 bytes).
    Removing nrf_drv_ppi.o(.revsh_text), (4 bytes).
    Removing nrf_drv_ppi.o(.rrx_text), (6 bytes).
    Removing nrf_drv_ppi.o(i.is_allocated_channel), (24 bytes).
    Removing nrf_drv_ppi.o(i.is_allocated_group), (24 bytes).
    Removing nrf_drv_ppi.o(i.is_app_group), (12 bytes).
    Removing nrf_drv_ppi.o(i.is_programmable_app_channel), (12 bytes).
    Removing nrf_drv_ppi.o(i.nrf_drv_ppi_channel_alloc), (96 bytes).
    Removing nrf_drv_ppi.o(i.nrf_drv_ppi_channel_assign), (68 bytes).
    Removing nrf_drv_ppi.o(i.nrf_drv_ppi_channel_disable), (40 bytes).
    Removing nrf_drv_ppi.o(i.nrf_drv_ppi_channel_enable), (40 bytes).
    Removing nrf_drv_ppi.o(i.nrf_drv_ppi_channel_fork_assign), (48 bytes).
    Removing nrf_drv_ppi.o(i.nrf_drv_ppi_channel_free), (56 bytes).
    Removing nrf_drv_ppi.o(i.nrf_drv_ppi_channels_include_in_group), (68 bytes).
    Removing nrf_drv_ppi.o(i.nrf_drv_ppi_channels_remove_from_group), (68 bytes).
    Removing nrf_drv_ppi.o(i.nrf_drv_ppi_group_alloc), (92 bytes).
    Removing nrf_drv_ppi.o(i.nrf_drv_ppi_group_disable), (36 bytes).
    Removing nrf_drv_ppi.o(i.nrf_drv_ppi_group_enable), (44 bytes).
    Removing nrf_drv_ppi.o(i.nrf_drv_ppi_group_free), (72 bytes).
    Removing nrf_drv_ppi.o(i.nrf_drv_ppi_init), (24 bytes).
    Removing nrf_drv_ppi.o(i.nrf_drv_ppi_uninit), (84 bytes).
    Removing nrf_drv_ppi.o(.constdata), (17 bytes).
    Removing nrf_drv_ppi.o(.constdata), (19 bytes).
    Removing nrf_drv_ppi.o(.constdata), (26 bytes).
    Removing nrf_drv_ppi.o(.constdata), (25 bytes).
    Removing nrf_drv_ppi.o(.constdata), (27 bytes).
    Removing nrf_drv_ppi.o(.constdata), (32 bytes).
    Removing nrf_drv_ppi.o(.constdata), (27 bytes).
    Removing nrf_drv_ppi.o(.constdata), (28 bytes).
    Removing nrf_drv_ppi.o(.constdata), (24 bytes).
    Removing nrf_drv_ppi.o(.constdata), (23 bytes).
    Removing nrf_drv_ppi.o(.constdata), (25 bytes).
    Removing nrf_drv_ppi.o(.constdata), (26 bytes).
    Removing nrf_drv_ppi.o(.constdata), (39 bytes).
    Removing nrf_drv_ppi.o(.constdata), (38 bytes).
    Removing nrf_drv_ppi.o(.data), (8 bytes).
    Removing nrf_drv_saadc.o(.rev16_text), (4 bytes).
    Removing nrf_drv_saadc.o(.revsh_text), (4 bytes).
    Removing nrf_drv_saadc.o(.rrx_text), (6 bytes).
    Removing nrf_drv_saadc.o(i.nrf_drv_saadc_abort), (72 bytes).
    Removing nrf_drv_saadc.o(i.nrf_drv_saadc_calibrate_offset), (56 bytes).
    Removing nrf_drv_saadc.o(i.nrf_drv_saadc_channel_uninit), (68 bytes).
    Removing nrf_drv_saadc.o(i.nrf_drv_saadc_is_busy), (20 bytes).
    Removing nrf_drv_saadc.o(i.nrf_drv_saadc_limits_set), (128 bytes).
    Removing nrf_drv_saadc.o(i.nrf_drv_saadc_sample_task_get), (28 bytes).
    Removing nrf_drv_saadc.o(i.nrf_drv_saadc_uninit), (108 bytes).
    Removing nrf_drv_saadc.o(i.nrf_saadc_limit_int_get), (16 bytes).
    Removing nrf_drv_saadc.o(.constdata), (19 bytes).
    Removing nrf_drv_saadc.o(.constdata), (27 bytes).
    Removing nrf_drv_saadc.o(.constdata), (29 bytes).
    Removing nrf_drv_saadc.o(.constdata), (29 bytes).
    Removing nrf_drv_saadc.o(.constdata), (29 bytes).
    Removing nrf_drv_saadc.o(.constdata), (21 bytes).
    Removing nrf_drv_saadc.o(.constdata), (31 bytes).
    Removing nrf_drv_timer.o(.rev16_text), (4 bytes).
    Removing nrf_drv_timer.o(.revsh_text), (4 bytes).
    Removing nrf_drv_timer.o(.rrx_text), (6 bytes).
    Removing nrf_drv_timer.o(i.nrf_drv_timer_capture), (30 bytes).
    Removing nrf_drv_timer.o(i.nrf_drv_timer_clear), (8 bytes).
    Removing nrf_drv_timer.o(i.nrf_drv_timer_compare), (34 bytes).
    Removing nrf_drv_timer.o(i.nrf_drv_timer_compare_int_disable), (14 bytes).
    Removing nrf_drv_timer.o(i.nrf_drv_timer_compare_int_enable), (36 bytes).
    Removing nrf_drv_timer.o(i.nrf_drv_timer_disable), (28 bytes).
    Removing nrf_drv_timer.o(i.nrf_drv_timer_enable), (28 bytes).
    Removing nrf_drv_timer.o(i.nrf_drv_timer_extended_compare), (42 bytes).
    Removing nrf_drv_timer.o(i.nrf_drv_timer_increment), (8 bytes).
    Removing nrf_drv_timer.o(i.nrf_drv_timer_init), (144 bytes).
    Removing nrf_drv_timer.o(i.nrf_drv_timer_pause), (8 bytes).
    Removing nrf_drv_timer.o(i.nrf_drv_timer_resume), (8 bytes).
    Removing nrf_drv_timer.o(i.nrf_drv_timer_uninit), (96 bytes).
    Removing nrf_drv_timer.o(.constdata), (19 bytes).
    Removing nrf_drv_uart.o(.rev16_text), (4 bytes).
    Removing nrf_drv_uart.o(.revsh_text), (4 bytes).
    Removing nrf_drv_uart.o(.rrx_text), (6 bytes).
    Removing nrf_drv_uart.o(i.nrf_drv_uart_errorsrc_get), (48 bytes).
    Removing nrf_drv_uart.o(i.nrf_drv_uart_rx), (176 bytes).
    Removing nrf_drv_uart.o(i.nrf_drv_uart_rx_abort), (40 bytes).
    Removing nrf_drv_uart.o(i.nrf_drv_uart_rx_disable), (36 bytes).
    Removing nrf_drv_uart.o(i.nrf_drv_uart_rx_enable), (48 bytes).
    Removing nrf_drv_uart.o(i.nrf_drv_uart_rx_for_uart), (168 bytes).
    Removing nrf_drv_uart.o(i.nrf_drv_uart_rx_for_uarte), (176 bytes).
    Removing nrf_drv_uart.o(i.nrf_drv_uart_tx_abort), (88 bytes).
    Removing nrf_drv_uart.o(i.rx_enable), (32 bytes).
    Removing nrf_drv_uart.o(.constdata), (18 bytes).
    Removing nrf_drv_uart.o(.constdata), (25 bytes).
    Removing nrf_drv_uart.o(.constdata), (26 bytes).
    Removing nrf_drv_uart.o(.constdata), (16 bytes).
    Removing nrf_drv_uart.o(.constdata), (25 bytes).
    Removing nrf_drv_uart.o(.constdata), (26 bytes).
    Removing nrf_drv_uart.o(.constdata), (16 bytes).
    Removing nrf_saadc.o(.rev16_text), (4 bytes).
    Removing nrf_saadc.o(.revsh_text), (4 bytes).
    Removing nrf_saadc.o(.rrx_text), (6 bytes).
    Removing app_error.o(.rev16_text), (4 bytes).
    Removing app_error.o(.revsh_text), (4 bytes).
    Removing app_error.o(.rrx_text), (6 bytes).
    Removing app_error.o(i.app_error_handler), (24 bytes).
    Removing app_error.o(i.app_error_save_and_stop), (100 bytes).
    Removing app_error.o(.bss), (32 bytes).
    Removing app_error_weak.o(.rev16_text), (4 bytes).
    Removing app_error_weak.o(.revsh_text), (4 bytes).
    Removing app_error_weak.o(.rrx_text), (6 bytes).
    Removing app_util_platform.o(.rev16_text), (4 bytes).
    Removing app_util_platform.o(.revsh_text), (4 bytes).
    Removing app_util_platform.o(.rrx_text), (6 bytes).
    Removing nrf_assert.o(.rev16_text), (4 bytes).
    Removing nrf_assert.o(.revsh_text), (4 bytes).
    Removing nrf_assert.o(.rrx_text), (6 bytes).
    Removing nrf_assert.o(i.assert_nrf_callback), (22 bytes).
    Removing sdk_errors.o(.conststring), (403 bytes).
    Removing sdk_errors.o(.conststring), (282 bytes).
    Removing sdk_errors.o(.conststring), (88 bytes).
    Removing sdk_errors.o(.data), (72 bytes).
    Removing sdk_errors.o(.data), (36 bytes).
    Removing sdk_errors.o(.data), (12 bytes).
    Removing nrf_log_backend_serial.o(.rev16_text), (4 bytes).
    Removing nrf_log_backend_serial.o(.revsh_text), (4 bytes).
    Removing nrf_log_backend_serial.o(.rrx_text), (6 bytes).
    Removing nrf_log_backend_serial.o(i.nrf_log_backend_getchar), (52 bytes).
    Removing nrf_log_backend_serial.o(.constdata), (5 bytes).
    Removing nrf_log_frontend.o(.rev16_text), (4 bytes).
    Removing nrf_log_frontend.o(.revsh_text), (4 bytes).
    Removing nrf_log_frontend.o(.rrx_text), (6 bytes).
    Removing nrf_log_frontend.o(i.cont_buf_prealloc), (116 bytes).
    Removing nrf_log_frontend.o(i.nrf_log_frontend_hexdump), (144 bytes).
    Removing nrf_log_frontend.o(i.nrf_log_frontend_std_2), (104 bytes).
    Removing nrf_log_frontend.o(i.nrf_log_frontend_std_3), (124 bytes).
    Removing nrf_log_frontend.o(i.nrf_log_frontend_std_4), (136 bytes).
    Removing nrf_log_frontend.o(i.nrf_log_frontend_std_5), (152 bytes).
    Removing nrf_log_frontend.o(i.nrf_log_frontend_std_6), (164 bytes).
    Removing nrf_log_frontend.o(i.nrf_log_getchar), (4 bytes).
    Removing nrf_log_frontend.o(i.nrf_log_push), (96 bytes).
    Removing segger_rtt.o(.rev16_text), (4 bytes).
    Removing segger_rtt.o(.revsh_text), (4 bytes).
    Removing segger_rtt.o(.rrx_text), (6 bytes).
    Removing segger_rtt.o(i.SEGGER_RTT_ConfigDownBuffer), (92 bytes).
    Removing segger_rtt.o(i.SEGGER_RTT_ConfigUpBuffer), (92 bytes).
    Removing segger_rtt.o(i.SEGGER_RTT_GetKey), (28 bytes).
    Removing segger_rtt.o(i.SEGGER_RTT_HasData), (24 bytes).
    Removing segger_rtt.o(i.SEGGER_RTT_HasKey), (32 bytes).
    Removing segger_rtt.o(i.SEGGER_RTT_Init), (20 bytes).
    Removing segger_rtt.o(i.SEGGER_RTT_Read), (38 bytes).
    Removing segger_rtt.o(i.SEGGER_RTT_ReadNoLock), (124 bytes).
    Removing segger_rtt.o(i.SEGGER_RTT_SetNameDownBuffer), (60 bytes).
    Removing segger_rtt.o(i.SEGGER_RTT_SetNameUpBuffer), (60 bytes).
    Removing segger_rtt.o(i.SEGGER_RTT_SetTerminal), (132 bytes).
    Removing segger_rtt.o(i.SEGGER_RTT_TerminalOut), (172 bytes).
    Removing segger_rtt.o(i.SEGGER_RTT_WaitKey), (14 bytes).
    Removing segger_rtt.o(i.SEGGER_RTT_Write), (52 bytes).
    Removing segger_rtt.o(i.SEGGER_RTT_WriteNoLock), (92 bytes).
    Removing segger_rtt.o(i.SEGGER_RTT_WriteSkipNoLock), (116 bytes).
    Removing segger_rtt.o(i.SEGGER_RTT_WriteString), (26 bytes).
    Removing segger_rtt.o(i._DoInit), (104 bytes).
    Removing segger_rtt.o(i._GetAvailWriteSpace), (22 bytes).
    Removing segger_rtt.o(i._PostTerminalSwitch), (32 bytes).
    Removing segger_rtt.o(i._WriteBlocking), (90 bytes).
    Removing segger_rtt.o(i._WriteNoCheck), (62 bytes).
    Removing segger_rtt.o(.bss), (200 bytes).
    Removing segger_rtt.o(.data), (17 bytes).
    Removing app_timer.o(.rev16_text), (4 bytes).
    Removing app_timer.o(.revsh_text), (4 bytes).
    Removing app_timer.o(.rrx_text), (6 bytes).
    Removing app_timer.o(i.app_timer_cnt_diff_compute), (12 bytes).
    Removing app_timer.o(i.app_timer_stop), (32 bytes).
    Removing app_timer.o(i.app_timer_stop_all), (24 bytes).
    Removing app_timer.o(i.timer_stop_op_schedule), (64 bytes).
    Removing app_timer_appsh.o(.rev16_text), (4 bytes).
    Removing app_timer_appsh.o(.revsh_text), (4 bytes).
    Removing app_timer_appsh.o(.rrx_text), (6 bytes).
    Removing app_timer_appsh.o(i.app_timer_evt_get), (24 bytes).
    Removing app_timer_appsh.o(i.app_timer_evt_schedule), (24 bytes).
    Removing app_timer_ble_gzll.o(.rev16_text), (4 bytes).
    Removing app_timer_ble_gzll.o(.revsh_text), (4 bytes).
    Removing app_timer_ble_gzll.o(.rrx_text), (6 bytes).
    Removing app_timer_rtx.o(.rev16_text), (4 bytes).
    Removing app_timer_rtx.o(.revsh_text), (4 bytes).
    Removing app_timer_rtx.o(.rrx_text), (6 bytes).
    Removing app_scheduler.o(.rev16_text), (4 bytes).
    Removing app_scheduler.o(.revsh_text), (4 bytes).
    Removing app_scheduler.o(.rrx_text), (6 bytes).
    Removing app_scheduler_serconn.o(.rev16_text), (4 bytes).
    Removing app_scheduler_serconn.o(.revsh_text), (4 bytes).
    Removing app_scheduler_serconn.o(.rrx_text), (6 bytes).
    Removing app_scheduler_serconn.o(i.app_sched_event_get), (68 bytes).
    Removing app_scheduler_serconn.o(i.app_sched_event_put), (156 bytes).
    Removing app_scheduler_serconn.o(i.app_sched_execute), (44 bytes).
    Removing app_scheduler_serconn.o(i.app_sched_init), (44 bytes).
    Removing app_scheduler_serconn.o(i.app_sched_pause), (36 bytes).
    Removing app_scheduler_serconn.o(i.app_sched_queue_space_get), (36 bytes).
    Removing app_scheduler_serconn.o(i.app_sched_resume), (32 bytes).
    Removing app_scheduler_serconn.o(.data), (20 bytes).
    Removing arm_startup_nrf52.o(HEAP), (8192 bytes).
    Removing system_nrf52.o(.rev16_text), (4 bytes).
    Removing system_nrf52.o(.revsh_text), (4 bytes).
    Removing system_nrf52.o(.rrx_text), (6 bytes).
    Removing system_nrf52.o(i.SystemCoreClockUpdate), (16 bytes).
    Removing dadd.o(.text), (334 bytes).
    Removing dmul.o(.text), (228 bytes).
    Removing ddiv.o(.text), (222 bytes).
    Removing dfixul.o(.text), (48 bytes).
    Removing cdrcmple.o(.text), (48 bytes).
    Removing depilogue.o(.text), (186 bytes).

232 unused section(s) (total 18104 bytes) removed from the image.

==============================================================================

Image Symbol Table

    Local Symbols

    Symbol Name                              Value     Ov Type        Size  Object(Section)

    ../clib/microlib/ctype/ctype.c           0x00000000   Number         0  ctype_o.o ABSOLUTE
    ../clib/microlib/ctype/ctype.c           0x00000000   Number         0  isalnum_o.o ABSOLUTE
    ../clib/microlib/ctype/ctype.c           0x00000000   Number         0  isalpha_o.o ABSOLUTE
    ../clib/microlib/ctype/ctype.c           0x00000000   Number         0  isblank_o.o ABSOLUTE
    ../clib/microlib/ctype/ctype.c           0x00000000   Number         0  iscntrl_o.o ABSOLUTE
    ../clib/microlib/ctype/ctype.c           0x00000000   Number         0  isxdigit_o.o ABSOLUTE
    ../clib/microlib/ctype/ctype.c           0x00000000   Number         0  isupper_o.o ABSOLUTE
    ../clib/microlib/ctype/ctype.c           0x00000000   Number         0  isspace_o.o ABSOLUTE
    ../clib/microlib/ctype/ctype.c           0x00000000   Number         0  ispunct_o.o ABSOLUTE
    ../clib/microlib/ctype/ctype.c           0x00000000   Number         0  isprint_o.o ABSOLUTE
    ../clib/microlib/ctype/ctype.c           0x00000000   Number         0  islower_o.o ABSOLUTE
    ../clib/microlib/ctype/ctype.c           0x00000000   Number         0  isgraph_o.o ABSOLUTE
    ../clib/microlib/ctype/ctype.c           0x00000000   Number         0  isdigit_o.o ABSOLUTE
    ../clib/microlib/division.c              0x00000000   Number         0  uldiv.o ABSOLUTE
    ../clib/microlib/division.c              0x00000000   Number         0  uidiv.o ABSOLUTE
    ../clib/microlib/init/entry.s            0x00000000   Number         0  entry9b.o ABSOLUTE
    ../clib/microlib/init/entry.s            0x00000000   Number         0  entry8b.o ABSOLUTE
    ../clib/microlib/init/entry.s            0x00000000   Number         0  entry10a.o ABSOLUTE
    ../clib/microlib/init/entry.s            0x00000000   Number         0  entry10b.o ABSOLUTE
    ../clib/microlib/init/entry.s            0x00000000   Number         0  entry8a.o ABSOLUTE
    ../clib/microlib/init/entry.s            0x00000000   Number         0  entry2.o ABSOLUTE
    ../clib/microlib/init/entry.s            0x00000000   Number         0  entry7a.o ABSOLUTE
    ../clib/microlib/init/entry.s            0x00000000   Number         0  entry7b.o ABSOLUTE
    ../clib/microlib/init/entry.s            0x00000000   Number         0  entry.o ABSOLUTE
    ../clib/microlib/init/entry.s            0x00000000   Number         0  entry5.o ABSOLUTE
    ../clib/microlib/init/entry.s            0x00000000   Number         0  entry11a.o ABSOLUTE
    ../clib/microlib/init/entry.s            0x00000000   Number         0  entry11b.o ABSOLUTE
    ../clib/microlib/init/entry.s            0x00000000   Number         0  entry9a.o ABSOLUTE
    ../clib/microlib/longlong.c              0x00000000   Number         0  llushr.o ABSOLUTE
    ../clib/microlib/longlong.c              0x00000000   Number         0  llshl.o ABSOLUTE
    ../clib/microlib/longlong.c              0x00000000   Number         0  llsshr.o ABSOLUTE
    ../clib/microlib/printf/printf.c         0x00000000   Number         0  printfa.o ABSOLUTE
    ../clib/microlib/printf/printf.c         0x00000000   Number         0  printf6.o ABSOLUTE
    ../clib/microlib/printf/printf.c         0x00000000   Number         0  printf5.o ABSOLUTE
    ../clib/microlib/printf/printf.c         0x00000000   Number         0  printf4.o ABSOLUTE
    ../clib/microlib/printf/printf.c         0x00000000   Number         0  printf3.o ABSOLUTE
    ../clib/microlib/printf/printf.c         0x00000000   Number         0  printfb.o ABSOLUTE
    ../clib/microlib/printf/printf.c         0x00000000   Number         0  printf7.o ABSOLUTE
    ../clib/microlib/printf/printf.c         0x00000000   Number         0  printf2.o ABSOLUTE
    ../clib/microlib/printf/printf.c         0x00000000   Number         0  printf1.o ABSOLUTE
    ../clib/microlib/printf/printf.c         0x00000000   Number         0  printf0.o ABSOLUTE
    ../clib/microlib/printf/printf.c         0x00000000   Number         0  printf8.o ABSOLUTE
    ../clib/microlib/printf/stubs.s          0x00000000   Number         0  stubs.o ABSOLUTE
    ../clib/microlib/stdio/fputc.c           0x00000000   Number         0  fputc.o ABSOLUTE
    ../clib/microlib/stdio/semi.s            0x00000000   Number         0  semi.o ABSOLUTE
    ../clib/microlib/stdio/streams.c         0x00000000   Number         0  stdout.o ABSOLUTE
    ../clib/microlib/string/memcpy.c         0x00000000   Number         0  memcpya.o ABSOLUTE
    ../clib/microlib/string/memcpy.c         0x00000000   Number         0  memcpyb.o ABSOLUTE
    ../clib/microlib/string/strcpy.c         0x00000000   Number         0  strcpy.o ABSOLUTE
    ../clib/microlib/string/strlen.c         0x00000000   Number         0  strlen.o ABSOLUTE
    ../clib/microlib/stubs.s                 0x00000000   Number         0  iusefp.o ABSOLUTE
    ../clib/microlib/stubs.s                 0x00000000   Number         0  iusesemip.o ABSOLUTE
    ../fplib/microlib/fpadd.c                0x00000000   Number         0  dadd.o ABSOLUTE
    ../fplib/microlib/fpdiv.c                0x00000000   Number         0  ddiv.o ABSOLUTE
    ../fplib/microlib/fpepilogue.c           0x00000000   Number         0  depilogue.o ABSOLUTE
    ../fplib/microlib/fpfix.c                0x00000000   Number         0  dfixul.o ABSOLUTE
    ../fplib/microlib/fpmul.c                0x00000000   Number         0  dmul.o ABSOLUTE
    ..\..\..\..\components\boards\boards.c   0x00000000   Number         0  boards.o ABSOLUTE
    ..\..\..\..\components\drivers_nrf\common\nrf_drv_common.c 0x00000000   Number         0  nrf_drv_common.o ABSOLUTE
    ..\..\..\..\components\drivers_nrf\hal\nrf_saadc.c 0x00000000   Number         0  nrf_saadc.o ABSOLUTE
    ..\..\..\..\components\drivers_nrf\ppi\nrf_drv_ppi.c 0x00000000   Number         0  nrf_drv_ppi.o ABSOLUTE
    ..\..\..\..\components\drivers_nrf\saadc\nrf_drv_saadc.c 0x00000000   Number         0  nrf_drv_saadc.o ABSOLUTE
    ..\..\..\..\components\drivers_nrf\timer\nrf_drv_timer.c 0x00000000   Number         0  nrf_drv_timer.o ABSOLUTE
    ..\..\..\..\components\drivers_nrf\uart\nrf_drv_uart.c 0x00000000   Number         0  nrf_drv_uart.o ABSOLUTE
    ..\..\..\..\components\libraries\log\src\nrf_log_backend_serial.c 0x00000000   Number         0  nrf_log_backend_serial.o ABSOLUTE
    ..\..\..\..\components\libraries\log\src\nrf_log_frontend.c 0x00000000   Number         0  nrf_log_frontend.o ABSOLUTE
    ..\..\..\..\components\libraries\scheduler\app_scheduler.c 0x00000000   Number         0  app_scheduler.o ABSOLUTE
    ..\..\..\..\components\libraries\scheduler\app_scheduler_serconn.c 0x00000000   Number         0  app_scheduler_serconn.o ABSOLUTE
    ..\..\..\..\components\libraries\timer\app_timer.c 0x00000000   Number         0  app_timer.o ABSOLUTE
    ..\..\..\..\components\libraries\timer\app_timer_appsh.c 0x00000000   Number         0  app_timer_appsh.o ABSOLUTE
    ..\..\..\..\components\libraries\timer\app_timer_ble_gzll.c 0x00000000   Number         0  app_timer_ble_gzll.o ABSOLUTE
    ..\..\..\..\components\libraries\timer\app_timer_rtx.c 0x00000000   Number         0  app_timer_rtx.o ABSOLUTE
    ..\..\..\..\components\libraries\util\app_error.c 0x00000000   Number         0  app_error.o ABSOLUTE
    ..\..\..\..\components\libraries\util\app_error_weak.c 0x00000000   Number         0  app_error_weak.o ABSOLUTE
    ..\..\..\..\components\libraries\util\app_util_platform.c 0x00000000   Number         0  app_util_platform.o ABSOLUTE
    ..\..\..\..\components\libraries\util\nrf_assert.c 0x00000000   Number         0  nrf_assert.o ABSOLUTE
    ..\..\..\..\components\libraries\util\sdk_errors.c 0x00000000   Number         0  sdk_errors.o ABSOLUTE
    ..\..\..\..\external\segger_rtt\RTT_Syscalls_KEIL.c 0x00000000   Number         0  rtt_syscalls_keil.o ABSOLUTE
    ..\..\..\..\external\segger_rtt\SEGGER_RTT.c 0x00000000   Number         0  segger_rtt.o ABSOLUTE
    ..\..\..\..\external\segger_rtt\SEGGER_RTT_printf.c 0x00000000   Number         0  segger_rtt_printf.o ABSOLUTE
    ..\..\..\main.c                          0x00000000   Number         0  main.o ABSOLUTE
    ..\\..\\..\\..\\components\\boards\\boards.c 0x00000000   Number         0  boards.o ABSOLUTE
    ..\\..\\..\\..\\components\\drivers_nrf\\common\\nrf_drv_common.c 0x00000000   Number         0  nrf_drv_common.o ABSOLUTE
    ..\\..\\..\\..\\components\\drivers_nrf\\hal\\nrf_saadc.c 0x00000000   Number         0  nrf_saadc.o ABSOLUTE
    ..\\..\\..\\..\\components\\drivers_nrf\\ppi\\nrf_drv_ppi.c 0x00000000   Number         0  nrf_drv_ppi.o ABSOLUTE
    ..\\..\\..\\..\\components\\drivers_nrf\\saadc\\nrf_drv_saadc.c 0x00000000   Number         0  nrf_drv_saadc.o ABSOLUTE
    ..\\..\\..\\..\\components\\drivers_nrf\\timer\\nrf_drv_timer.c 0x00000000   Number         0  nrf_drv_timer.o ABSOLUTE
    ..\\..\\..\\..\\components\\drivers_nrf\\uart\\nrf_drv_uart.c 0x00000000   Number         0  nrf_drv_uart.o ABSOLUTE
    ..\\..\\..\\..\\components\\libraries\\log\\src\\nrf_log_backend_serial.c 0x00000000   Number         0  nrf_log_backend_serial.o ABSOLUTE
    ..\\..\\..\\..\\components\\libraries\\log\\src\\nrf_log_frontend.c 0x00000000   Number         0  nrf_log_frontend.o ABSOLUTE
    ..\\..\\..\\..\\components\\libraries\\scheduler\\app_scheduler.c 0x00000000   Number         0  app_scheduler.o ABSOLUTE
    ..\\..\\..\\..\\components\\libraries\\scheduler\\app_scheduler_serconn.c 0x00000000   Number         0  app_scheduler_serconn.o ABSOLUTE
    ..\\..\\..\\..\\components\\libraries\\timer\\app_timer.c 0x00000000   Number         0  app_timer.o ABSOLUTE
    ..\\..\\..\\..\\components\\libraries\\timer\\app_timer_appsh.c 0x00000000   Number         0  app_timer_appsh.o ABSOLUTE
    ..\\..\\..\\..\\components\\libraries\\timer\\app_timer_ble_gzll.c 0x00000000   Number         0  app_timer_ble_gzll.o ABSOLUTE
    ..\\..\\..\\..\\components\\libraries\\timer\\app_timer_rtx.c 0x00000000   Number         0  app_timer_rtx.o ABSOLUTE
    ..\\..\\..\\..\\components\\libraries\\util\\app_error.c 0x00000000   Number         0  app_error.o ABSOLUTE
    ..\\..\\..\\..\\components\\libraries\\util\\app_error_weak.c 0x00000000   Number         0  app_error_weak.o ABSOLUTE
    ..\\..\\..\\..\\components\\libraries\\util\\app_util_platform.c 0x00000000   Number         0  app_util_platform.o ABSOLUTE
    ..\\..\\..\\..\\components\\libraries\\util\\nrf_assert.c 0x00000000   Number         0  nrf_assert.o ABSOLUTE
    ..\\..\\..\\..\\external\\segger_rtt\\SEGGER_RTT.c 0x00000000   Number         0  segger_rtt.o ABSOLUTE
    ..\\..\\..\\main.c                       0x00000000   Number         0  main.o ABSOLUTE
    RTE\Device\nRF52832_xxAA\arm_startup_nrf52.s 0x00000000   Number         0  arm_startup_nrf52.o ABSOLUTE
    RTE\Device\nRF52832_xxAA\system_nrf52.c  0x00000000   Number         0  system_nrf52.o ABSOLUTE
    RTE\\Device\\nRF52832_xxAA\\system_nrf52.c 0x00000000   Number         0  system_nrf52.o ABSOLUTE
    cdrcmple.s                               0x00000000   Number         0  cdrcmple.o ABSOLUTE
    dc.s                                     0x00000000   Number         0  dc.o ABSOLUTE
    handlers.s                               0x00000000   Number         0  handlers.o ABSOLUTE
    init.s                                   0x00000000   Number         0  init.o ABSOLUTE
    RESET                                    0x0001f000   Section     1024  arm_startup_nrf52.o(RESET)
    .ARM.Collect$$$$00000000                 0x0001f400   Section        0  entry.o(.ARM.Collect$$$$00000000)
    .ARM.Collect$$$$00000001                 0x0001f400   Section        4  entry2.o(.ARM.Collect$$$$00000001)
    .ARM.Collect$$$$00000004                 0x0001f404   Section        4  entry5.o(.ARM.Collect$$$$00000004)
    .ARM.Collect$$$$00000008                 0x0001f408   Section        0  entry7b.o(.ARM.Collect$$$$00000008)
    .ARM.Collect$$$$0000000A                 0x0001f408   Section        0  entry8b.o(.ARM.Collect$$$$0000000A)
    .ARM.Collect$$$$0000000B                 0x0001f408   Section        8  entry9a.o(.ARM.Collect$$$$0000000B)
    .ARM.Collect$$$$0000000D                 0x0001f410   Section        0  entry10a.o(.ARM.Collect$$$$0000000D)
    .ARM.Collect$$$$0000000F                 0x0001f410   Section        0  entry11a.o(.ARM.Collect$$$$0000000F)
    .ARM.Collect$$$$00002712                 0x0001f410   Section        4  entry2.o(.ARM.Collect$$$$00002712)
    __lit__00000000                          0x0001f410   Data           4  entry2.o(.ARM.Collect$$$$00002712)
    .text                                    0x0001f414   Section       36  arm_startup_nrf52.o(.text)
    $v0                                      0x0001f414   Number         0  arm_startup_nrf52.o(.text)
    .text                                    0x0001f438   Section        0  ctype_o.o(.text)
    .text                                    0x0001f440   Section        0  memcpya.o(.text)
    .text                                    0x0001f464   Section        0  strlen.o(.text)
    .text                                    0x0001f472   Section        0  uldiv.o(.text)
    .text                                    0x0001f4d4   Section       36  init.o(.text)
    .text                                    0x0001f4f8   Section        0  llshl.o(.text)
    .text                                    0x0001f516   Section        0  llushr.o(.text)
    i.NVIC_ClearPendingIRQ                   0x0001f536   Section        0  app_timer.o(i.NVIC_ClearPendingIRQ)
    NVIC_ClearPendingIRQ                     0x0001f537   Thumb Code    22  app_timer.o(i.NVIC_ClearPendingIRQ)
    i.NVIC_EnableIRQ                         0x0001f54c   Section        0  app_timer.o(i.NVIC_EnableIRQ)
    NVIC_EnableIRQ                           0x0001f54d   Thumb Code    22  app_timer.o(i.NVIC_EnableIRQ)
    i.NVIC_SetPendingIRQ                     0x0001f562   Section        0  app_timer.o(i.NVIC_SetPendingIRQ)
    NVIC_SetPendingIRQ                       0x0001f563   Thumb Code    22  app_timer.o(i.NVIC_SetPendingIRQ)
    i.NVIC_SetPriority                       0x0001f578   Section        0  app_timer.o(i.NVIC_SetPriority)
    NVIC_SetPriority                         0x0001f579   Thumb Code    32  app_timer.o(i.NVIC_SetPriority)
    i.RTC1_IRQHandler                        0x0001f598   Section        0  app_timer.o(i.RTC1_IRQHandler)
    i.SAADC_IRQHandler                       0x0001f5bc   Section        0  nrf_drv_saadc.o(i.SAADC_IRQHandler)
    i.SWI0_EGU0_IRQHandler                   0x0001f714   Section        0  app_timer.o(i.SWI0_EGU0_IRQHandler)
    i.SystemInit                             0x0001f718   Section        0  system_nrf52.o(i.SystemInit)
    i.TIMER0_IRQHandler                      0x0001f9b4   Section        0  nrf_drv_timer.o(i.TIMER0_IRQHandler)
    i.UARTE0_UART0_IRQHandler                0x0001fa00   Section        0  nrf_drv_uart.o(i.UARTE0_UART0_IRQHandler)
    i.__0snprintf$8                          0x0001fa1c   Section        0  printf8.o(i.__0snprintf$8)
    i.__scatterload_copy                     0x0001fa4c   Section       14  handlers.o(i.__scatterload_copy)
    i.__scatterload_null                     0x0001fa5a   Section        2  handlers.o(i.__scatterload_null)
    i.__scatterload_zeroinit                 0x0001fa5c   Section       14  handlers.o(i.__scatterload_zeroinit)
    i._printf_core                           0x0001fa6c   Section        0  printf8.o(i._printf_core)
    _printf_core                             0x0001fa6d   Thumb Code   996  printf8.o(i._printf_core)
    i._printf_post_padding                   0x0001fe7c   Section        0  printf8.o(i._printf_post_padding)
    _printf_post_padding                     0x0001fe7d   Thumb Code    36  printf8.o(i._printf_post_padding)
    i._printf_pre_padding                    0x0001fea0   Section        0  printf8.o(i._printf_pre_padding)
    _printf_pre_padding                      0x0001fea1   Thumb Code    46  printf8.o(i._printf_pre_padding)
    i._snputc                                0x0001fece   Section        0  printf8.o(i._snputc)
    _snputc                                  0x0001fecf   Thumb Code    22  printf8.o(i._snputc)
    i.app_error_fault_handler                0x0001fee4   Section        0  app_error_weak.o(i.app_error_fault_handler)
    i.app_error_handler_bare                 0x0001ff34   Section        0  app_error.o(i.app_error_handler_bare)
    i.app_timer_cnt_get                      0x0001ff4c   Section        0  app_timer.o(i.app_timer_cnt_get)
    i.app_timer_create                       0x0001ff58   Section        0  app_timer.o(i.app_timer_create)
    i.app_timer_init                         0x0001ff7c   Section        0  app_timer.o(i.app_timer_init)
    i.app_timer_start                        0x0001fffc   Section        0  app_timer.o(i.app_timer_start)
    i.app_util_critical_region_enter         0x0002007c   Section        0  app_util_platform.o(i.app_util_critical_region_enter)
    i.app_util_critical_region_exit          0x00020080   Section        0  app_util_platform.o(i.app_util_critical_region_exit)
    i.app_util_disable_irq                   0x00020084   Section        0  app_util_platform.o(i.app_util_disable_irq)
    i.app_util_enable_irq                    0x00020094   Section        0  app_util_platform.o(i.app_util_enable_irq)
    i.apply_config                           0x000200a8   Section        0  nrf_drv_uart.o(i.apply_config)
    apply_config                             0x000200a9   Thumb Code   180  nrf_drv_uart.o(i.apply_config)
    i.buf_len_update                         0x00020160   Section        0  nrf_log_backend_serial.o(i.buf_len_update)
    buf_len_update                           0x00020161   Thumb Code    18  nrf_log_backend_serial.o(i.buf_len_update)
    i.buf_prealloc                           0x00020174   Section        0  nrf_log_frontend.o(i.buf_prealloc)
    buf_prealloc                             0x00020175   Thumb Code    84  nrf_log_frontend.o(i.buf_prealloc)
    i.buffer_is_empty                        0x000201d4   Section        0  nrf_log_frontend.o(i.buffer_is_empty)
    i.compare_reg_update                     0x000201e8   Section        0  app_timer.o(i.compare_reg_update)
    compare_reg_update                       0x000201e9   Thumb Code   160  app_timer.o(i.compare_reg_update)
    i.elapsed_ticks_acquire                  0x00020294   Section        0  app_timer.o(i.elapsed_ticks_acquire)
    elapsed_ticks_acquire                    0x00020295   Thumb Code    58  app_timer.o(i.elapsed_ticks_acquire)
    i.exp_io_in_inc                          0x000202d4   Section        0  main.o(i.exp_io_in_inc)
    i.exp_io_init                            0x00020308   Section        0  main.o(i.exp_io_init)
    i.exp_io_out_sel                         0x0002032a   Section        0  main.o(i.exp_io_out_sel)
    i.interrupts_enable                      0x00020384   Section        0  nrf_drv_uart.o(i.interrupts_enable)
    interrupts_enable                        0x00020385   Thumb Code   106  nrf_drv_uart.o(i.interrupts_enable)
    i.list_deletions_handler                 0x000203fc   Section        0  app_timer.o(i.list_deletions_handler)
    list_deletions_handler                   0x000203fd   Thumb Code   158  app_timer.o(i.list_deletions_handler)
    i.list_insertions_handler                0x000204a4   Section        0  app_timer.o(i.list_insertions_handler)
    list_insertions_handler                  0x000204a5   Thumb Code   174  app_timer.o(i.list_insertions_handler)
    i.main                                   0x0002055c   Section        0  main.o(i.main)
    i.nrf_delay_us                           0x00020608   Section        0  app_timer.o(i.nrf_delay_us)
    nrf_delay_us                             0x00020609   Thumb Code   132  app_timer.o(i.nrf_delay_us)
    i.nrf_drv_common_irq_disable             0x00020694   Section        0  nrf_drv_uart.o(i.nrf_drv_common_irq_disable)
    nrf_drv_common_irq_disable               0x00020695   Thumb Code    22  nrf_drv_uart.o(i.nrf_drv_common_irq_disable)
    i.nrf_drv_common_irq_enable              0x000206aa   Section        0  nrf_drv_common.o(i.nrf_drv_common_irq_enable)
    i.nrf_drv_get_IRQn                       0x000206e2   Section        0  nrf_drv_uart.o(i.nrf_drv_get_IRQn)
    nrf_drv_get_IRQn                         0x000206e3   Thumb Code     6  nrf_drv_uart.o(i.nrf_drv_get_IRQn)
    i.nrf_drv_is_in_RAM                      0x000206e8   Section        0  nrf_drv_uart.o(i.nrf_drv_is_in_RAM)
    nrf_drv_is_in_RAM                        0x000206e9   Thumb Code    16  nrf_drv_uart.o(i.nrf_drv_is_in_RAM)
    i.nrf_drv_saadc_buffer_convert           0x000206f8   Section        0  nrf_drv_saadc.o(i.nrf_drv_saadc_buffer_convert)
    i.nrf_drv_saadc_channel_init             0x0002079c   Section        0  nrf_drv_saadc.o(i.nrf_drv_saadc_channel_init)
    i.nrf_drv_saadc_init                     0x000207e0   Section        0  nrf_drv_saadc.o(i.nrf_drv_saadc_init)
    i.nrf_drv_saadc_sample                   0x00020868   Section        0  nrf_drv_saadc.o(i.nrf_drv_saadc_sample)
    i.nrf_drv_saadc_sample_convert           0x00020894   Section        0  nrf_drv_saadc.o(i.nrf_drv_saadc_sample_convert)
    i.nrf_drv_uart_init                      0x00020954   Section        0  nrf_drv_uart.o(i.nrf_drv_uart_init)
    i.nrf_drv_uart_tx                        0x000209bc   Section        0  nrf_drv_uart.o(i.nrf_drv_uart_tx)
    i.nrf_drv_uart_tx_in_progress            0x00020ac8   Section        0  nrf_drv_uart.o(i.nrf_drv_uart_tx_in_progress)
    i.nrf_drv_uart_uninit                    0x00020ae0   Section        0  nrf_drv_uart.o(i.nrf_drv_uart_uninit)
    i.nrf_gpio_cfg                           0x00020b34   Section        0  nrf_drv_uart.o(i.nrf_gpio_cfg)
    nrf_gpio_cfg                             0x00020b35   Thumb Code    36  nrf_drv_uart.o(i.nrf_gpio_cfg)
    i.nrf_gpio_cfg_default                   0x00020b58   Section        0  nrf_drv_uart.o(i.nrf_gpio_cfg_default)
    nrf_gpio_cfg_default                     0x00020b59   Thumb Code    18  nrf_drv_uart.o(i.nrf_gpio_cfg_default)
    i.nrf_gpio_cfg_input                     0x00020b6a   Section        0  nrf_drv_uart.o(i.nrf_gpio_cfg_input)
    nrf_gpio_cfg_input                       0x00020b6b   Thumb Code    18  nrf_drv_uart.o(i.nrf_gpio_cfg_input)
    i.nrf_gpio_cfg_output                    0x00020b7c   Section        0  nrf_drv_uart.o(i.nrf_gpio_cfg_output)
    nrf_gpio_cfg_output                      0x00020b7d   Thumb Code    20  nrf_drv_uart.o(i.nrf_gpio_cfg_output)
    i.nrf_gpio_pin_toggle                    0x00020b90   Section        0  main.o(i.nrf_gpio_pin_toggle)
    nrf_gpio_pin_toggle                      0x00020b91   Thumb Code    28  main.o(i.nrf_gpio_pin_toggle)
    i.nrf_gpio_pin_write                     0x00020bac   Section        0  main.o(i.nrf_gpio_pin_write)
    nrf_gpio_pin_write                       0x00020bad   Thumb Code    22  main.o(i.nrf_gpio_pin_write)
    i.nrf_log_backend_hexdump_handler_get    0x00020bc4   Section        0  nrf_log_backend_serial.o(i.nrf_log_backend_hexdump_handler_get)
    i.nrf_log_backend_init                   0x00020bcc   Section        0  nrf_log_backend_serial.o(i.nrf_log_backend_init)
    i.nrf_log_backend_serial_hexdump_handler 0x00020c3c   Section        0  nrf_log_backend_serial.o(i.nrf_log_backend_serial_hexdump_handler)
    nrf_log_backend_serial_hexdump_handler   0x00020c3d   Thumb Code   302  nrf_log_backend_serial.o(i.nrf_log_backend_serial_hexdump_handler)
    i.nrf_log_backend_serial_std_handler     0x00020d6a   Section        0  nrf_log_backend_serial.o(i.nrf_log_backend_serial_std_handler)
    nrf_log_backend_serial_std_handler       0x00020d6b   Thumb Code   276  nrf_log_backend_serial.o(i.nrf_log_backend_serial_std_handler)
    i.nrf_log_backend_std_handler_get        0x00020e80   Section        0  nrf_log_backend_serial.o(i.nrf_log_backend_std_handler_get)
    i.nrf_log_blocking_backend_set           0x00020e88   Section        0  nrf_log_frontend.o(i.nrf_log_blocking_backend_set)
    i.nrf_log_frontend_dequeue               0x00020e90   Section        0  nrf_log_frontend.o(i.nrf_log_frontend_dequeue)
    i.nrf_log_frontend_init                  0x00020fc0   Section        0  nrf_log_frontend.o(i.nrf_log_frontend_init)
    i.nrf_log_frontend_std_0                 0x00020fd4   Section        0  nrf_log_frontend.o(i.nrf_log_frontend_std_0)
    i.nrf_log_frontend_std_1                 0x00021020   Section        0  nrf_log_frontend.o(i.nrf_log_frontend_std_1)
    i.nrf_log_handlers_set                   0x00021078   Section        0  nrf_log_frontend.o(i.nrf_log_handlers_set)
    i.nrf_log_init                           0x00021088   Section        0  nrf_log_frontend.o(i.nrf_log_init)
    i.nrf_saadc_buffer_init                  0x000210ac   Section        0  nrf_drv_saadc.o(i.nrf_saadc_buffer_init)
    nrf_saadc_buffer_init                    0x000210ad   Thumb Code    10  nrf_drv_saadc.o(i.nrf_saadc_buffer_init)
    i.nrf_saadc_channel_init                 0x000210bc   Section        0  nrf_saadc.o(i.nrf_saadc_channel_init)
    i.nrf_saadc_channel_input_set            0x00021124   Section        0  nrf_drv_saadc.o(i.nrf_saadc_channel_input_set)
    nrf_saadc_channel_input_set              0x00021125   Thumb Code    16  nrf_drv_saadc.o(i.nrf_saadc_channel_input_set)
    i.nrf_saadc_event_check                  0x00021138   Section        0  nrf_drv_saadc.o(i.nrf_saadc_event_check)
    nrf_saadc_event_check                    0x00021139   Thumb Code    12  nrf_drv_saadc.o(i.nrf_saadc_event_check)
    i.nrf_saadc_event_clear                  0x00021148   Section        0  nrf_drv_saadc.o(i.nrf_saadc_event_clear)
    nrf_saadc_event_clear                    0x00021149   Thumb Code    16  nrf_drv_saadc.o(i.nrf_saadc_event_clear)
    i.nrf_uart_event_check                   0x0002115c   Section        0  nrf_drv_uart.o(i.nrf_uart_event_check)
    nrf_uart_event_check                     0x0002115d   Thumb Code    10  nrf_drv_uart.o(i.nrf_uart_event_check)
    i.nrf_uart_event_clear                   0x00021166   Section        0  nrf_drv_uart.o(i.nrf_uart_event_clear)
    nrf_uart_event_clear                     0x00021167   Thumb Code    12  nrf_drv_uart.o(i.nrf_uart_event_clear)
    i.nrf_uart_int_enable_check              0x00021172   Section        0  nrf_drv_uart.o(i.nrf_uart_int_enable_check)
    nrf_uart_int_enable_check                0x00021173   Thumb Code    12  nrf_drv_uart.o(i.nrf_uart_int_enable_check)
    i.nrf_uarte_event_check                  0x0002117e   Section        0  nrf_drv_uart.o(i.nrf_uarte_event_check)
    nrf_uarte_event_check                    0x0002117f   Thumb Code    10  nrf_drv_uart.o(i.nrf_uarte_event_check)
    i.nrf_uarte_event_clear                  0x00021188   Section        0  nrf_drv_uart.o(i.nrf_uarte_event_clear)
    nrf_uarte_event_clear                    0x00021189   Thumb Code    12  nrf_drv_uart.o(i.nrf_uarte_event_clear)
    i.pins_to_default                        0x00021194   Section        0  nrf_drv_uart.o(i.pins_to_default)
    pins_to_default                          0x00021195   Thumb Code   114  nrf_drv_uart.o(i.pins_to_default)
    i.rtc1_stop                              0x0002120c   Section        0  app_timer.o(i.rtc1_stop)
    rtc1_stop                                0x0002120d   Thumb Code    52  app_timer.o(i.rtc1_stop)
    i.rx_byte                                0x00021248   Section        0  nrf_drv_uart.o(i.rx_byte)
    rx_byte                                  0x00021249   Thumb Code    50  nrf_drv_uart.o(i.rx_byte)
    i.rx_done_event                          0x0002127a   Section        0  nrf_drv_uart.o(i.rx_done_event)
    rx_done_event                            0x0002127b   Thumb Code    24  nrf_drv_uart.o(i.rx_done_event)
    i.saadc_callback                         0x00021294   Section        0  main.o(i.saadc_callback)
    i.saadc_init                             0x00021304   Section        0  main.o(i.saadc_init)
    i.scan_sensors                           0x00021348   Section        0  main.o(i.scan_sensors)
    i.serial_is_busy                         0x0002139c   Section        0  nrf_log_backend_serial.o(i.serial_is_busy)
    serial_is_busy                           0x0002139d   Thumb Code     6  nrf_log_backend_serial.o(i.serial_is_busy)
    i.serial_tx                              0x000213a8   Section        0  nrf_log_backend_serial.o(i.serial_tx)
    serial_tx                                0x000213a9   Thumb Code    34  nrf_log_backend_serial.o(i.serial_tx)
    i.timer_list_handler                     0x000213d4   Section        0  app_timer.o(i.timer_list_handler)
    timer_list_handler                       0x000213d5   Thumb Code   134  app_timer.o(i.timer_list_handler)
    i.timer_list_insert                      0x00021460   Section        0  app_timer.o(i.timer_list_insert)
    timer_list_insert                        0x00021461   Thumb Code    56  app_timer.o(i.timer_list_insert)
    i.timer_timeout_handler                  0x0002149c   Section        0  main.o(i.timer_timeout_handler)
    i.timer_timeouts_check                   0x000214d8   Section        0  app_timer.o(i.timer_timeouts_check)
    timer_timeouts_check                     0x000214d9   Thumb Code   124  app_timer.o(i.timer_timeouts_check)
    i.timestamp_process                      0x0002155c   Section        0  nrf_log_backend_serial.o(i.timestamp_process)
    timestamp_process                        0x0002155d   Thumb Code    44  nrf_log_backend_serial.o(i.timestamp_process)
    i.tx_byte                                0x00021590   Section        0  nrf_drv_uart.o(i.tx_byte)
    tx_byte                                  0x00021591   Thumb Code    32  nrf_drv_uart.o(i.tx_byte)
    i.tx_done_event                          0x000215b0   Section        0  nrf_drv_uart.o(i.tx_done_event)
    tx_done_event                            0x000215b1   Thumb Code    28  nrf_drv_uart.o(i.tx_done_event)
    i.uart_event_handler                     0x000215cc   Section        0  nrf_log_backend_serial.o(i.uart_event_handler)
    uart_event_handler                       0x000215cd   Thumb Code    12  nrf_log_backend_serial.o(i.uart_event_handler)
    i.uart_irq_handler                       0x000215dc   Section        0  nrf_drv_uart.o(i.uart_irq_handler)
    uart_irq_handler                         0x000215dd   Thumb Code   286  nrf_drv_uart.o(i.uart_irq_handler)
    i.uarte_irq_handler                      0x000216fa   Section        0  nrf_drv_uart.o(i.uarte_irq_handler)
    uarte_irq_handler                        0x000216fb   Thumb Code   240  nrf_drv_uart.o(i.uarte_irq_handler)
    i.user_op_alloc                          0x000217ec   Section        0  app_timer.o(i.user_op_alloc)
    user_op_alloc                            0x000217ed   Thumb Code    42  app_timer.o(i.user_op_alloc)
    .constdata                               0x0002181c   Section       33  main.o(.constdata)
    m_app_timer_id                           0x0002181c   Data           4  main.o(.constdata)
    m_timer                                  0x00021824   Data           8  main.o(.constdata)
    .constdata                               0x0002183d   Section        4  nrf_drv_saadc.o(.constdata)
    m_default_config                         0x0002183d   Data           4  nrf_drv_saadc.o(.constdata)
    .constdata                               0x00021844   Section       32  nrf_log_backend_serial.o(.constdata)
    .constdata                               0x00021864   Section       36  nrf_log_frontend.o(.constdata)
    .constdata                               0x00021888   Section      129  ctype_o.o(.constdata)
    .constdata                               0x0002190c   Section        4  ctype_o.o(.constdata)
    table                                    0x0002190c   Data           4  ctype_o.o(.constdata)
    .conststring                             0x00021910   Section       11  nrf_log_frontend.o(.conststring)
    .data                                    0x20002128   Section        8  main.o(.data)
    m_ppi_channel                            0x20002128   Data           1  main.o(.data)
    m_scan_times                             0x2000212a   Data           2  main.o(.data)
    m_adc_evt_counter                        0x2000212c   Data           4  main.o(.data)
    .data                                    0x20002130   Section        4  app_util_platform.o(.data)
    m_in_critical_region                     0x20002130   Data           4  app_util_platform.o(.data)
    .data                                    0x20002134   Section       12  nrf_log_backend_serial.o(.data)
    m_initialized                            0x20002134   Data           1  nrf_log_backend_serial.o(.data)
    m_blocking_mode                          0x20002135   Data           1  nrf_log_backend_serial.o(.data)
    m_rx_done                                0x20002136   Data           1  nrf_log_backend_serial.o(.data)
    m_uart                                   0x20002138   Data           8  nrf_log_backend_serial.o(.data)
    .data                                    0x20002140   Section        4  nrf_log_frontend.o(.data)
    m_overflow_info                          0x20002140   Data           4  nrf_log_frontend.o(.data)
    .data                                    0x20002144   Section       32  app_timer.o(.data)
    m_ticks_elapsed_q_read_ind               0x20002144   Data           1  app_timer.o(.data)
    m_ticks_elapsed_q_write_ind              0x20002145   Data           1  app_timer.o(.data)
    m_rtc1_running                           0x20002146   Data           1  app_timer.o(.data)
    m_rtc1_reset                             0x20002147   Data           1  app_timer.o(.data)
    mp_timer_id_head                         0x20002148   Data           4  app_timer.o(.data)
    m_ticks_latest                           0x2000214c   Data           4  app_timer.o(.data)
    m_evt_schedule_func                      0x20002150   Data           4  app_timer.o(.data)
    m_op_queue                               0x20002154   Data           8  app_timer.o(.data)
    m_ticks_elapsed                          0x2000215c   Data           8  app_timer.o(.data)
    .data                                    0x20002164   Section        4  system_nrf52.o(.data)
    __tagsym$$used                           0x20002164   Number         0  system_nrf52.o(.data)
    .bss                                     0x20002168   Section       32  main.o(.bss)
    m_app_timer_id_data                      0x20002168   Data          32  main.o(.bss)
    .bss                                     0x20002188   Section      888  main.o(.bss)
    APP_TIMER_BUF                            0x20002488   Data         120  main.o(.bss)
    .bss                                     0x20002500   Section       48  nrf_drv_saadc.o(.bss)
    m_cb                                     0x20002500   Data          48  nrf_drv_saadc.o(.bss)
    .bss                                     0x20002530   Section       12  nrf_drv_timer.o(.bss)
    m_cb                                     0x20002530   Data          12  nrf_drv_timer.o(.bss)
    .bss                                     0x2000253c   Section       32  nrf_drv_uart.o(.bss)
    m_cb                                     0x2000253c   Data          32  nrf_drv_uart.o(.bss)
    .bss                                     0x2000255c   Section      256  nrf_log_backend_serial.o(.bss)
    m_uart_buffer                            0x2000255c   Data         256  nrf_log_backend_serial.o(.bss)
    .bss                                     0x2000265c   Section     1048  nrf_log_frontend.o(.bss)
    m_log_data                               0x2000265c   Data        1048  nrf_log_frontend.o(.bss)
    STACK                                    0x20002a78   Section     8192  arm_startup_nrf52.o(STACK)

    Global Symbols

    Symbol Name                              Value     Ov Type        Size  Object(Section)

    BuildAttributes$$THM_ISAv4$E$P$D$K$B$S$7EM$VFPi3$EXTD16$VFPS$VFMA$PE$A:L22UL41UL21$X:L11$S22US41US21$IEEE1$IW$USESV6$~STKCKD$USESV7$~SHL$OSPACE$ROPI$EBA8$MICROLIB$REQ8$PRES8$EABIv2 0x00000000   Number         0  anon$$obj.o ABSOLUTE
    __ARM_use_no_argv                        0x00000000   Number         0  main.o ABSOLUTE
    _printf_a                                0x00000000   Number         0  stubs.o ABSOLUTE
    _printf_c                                0x00000000   Number         0  stubs.o ABSOLUTE
    _printf_charcount                        0x00000000   Number         0  stubs.o ABSOLUTE
    _printf_d                                0x00000000   Number         0  stubs.o ABSOLUTE
    _printf_e                                0x00000000   Number         0  stubs.o ABSOLUTE
    _printf_f                                0x00000000   Number         0  stubs.o ABSOLUTE
    _printf_flags                            0x00000000   Number         0  stubs.o ABSOLUTE
    _printf_fp_dec                           0x00000000   Number         0  stubs.o ABSOLUTE
    _printf_fp_hex                           0x00000000   Number         0  stubs.o ABSOLUTE
    _printf_g                                0x00000000   Number         0  stubs.o ABSOLUTE
    _printf_i                                0x00000000   Number         0  stubs.o ABSOLUTE
    _printf_int_dec                          0x00000000   Number         0  stubs.o ABSOLUTE
    _printf_l                                0x00000000   Number         0  stubs.o ABSOLUTE
    _printf_lc                               0x00000000   Number         0  stubs.o ABSOLUTE
    _printf_ll                               0x00000000   Number         0  stubs.o ABSOLUTE
    _printf_lld                              0x00000000   Number         0  stubs.o ABSOLUTE
    _printf_lli                              0x00000000   Number         0  stubs.o ABSOLUTE
    _printf_llo                              0x00000000   Number         0  stubs.o ABSOLUTE
    _printf_llu                              0x00000000   Number         0  stubs.o ABSOLUTE
    _printf_llx                              0x00000000   Number         0  stubs.o ABSOLUTE
    _printf_longlong_dec                     0x00000000   Number         0  stubs.o ABSOLUTE
    _printf_longlong_hex                     0x00000000   Number         0  stubs.o ABSOLUTE
    _printf_longlong_oct                     0x00000000   Number         0  stubs.o ABSOLUTE
    _printf_ls                               0x00000000   Number         0  stubs.o ABSOLUTE
    _printf_mbtowc                           0x00000000   Number         0  stubs.o ABSOLUTE
    _printf_n                                0x00000000   Number         0  stubs.o ABSOLUTE
    _printf_o                                0x00000000   Number         0  stubs.o ABSOLUTE
    _printf_p                                0x00000000   Number         0  stubs.o ABSOLUTE
    _printf_percent                          0x00000000   Number         0  stubs.o ABSOLUTE
    _printf_pre_padding                      0x00000000   Number         0  stubs.o ABSOLUTE
    _printf_return_value                     0x00000000   Number         0  stubs.o ABSOLUTE
    _printf_s                                0x00000000   Number         0  stubs.o ABSOLUTE
    _printf_sizespec                         0x00000000   Number         0  stubs.o ABSOLUTE
    _printf_str                              0x00000000   Number         0  stubs.o ABSOLUTE
    _printf_truncate_signed                  0x00000000   Number         0  stubs.o ABSOLUTE
    _printf_truncate_unsigned                0x00000000   Number         0  stubs.o ABSOLUTE
    _printf_u                                0x00000000   Number         0  stubs.o ABSOLUTE
    _printf_wc                               0x00000000   Number         0  stubs.o ABSOLUTE
    _printf_wctomb                           0x00000000   Number         0  stubs.o ABSOLUTE
    _printf_widthprec                        0x00000000   Number         0  stubs.o ABSOLUTE
    _printf_x                                0x00000000   Number         0  stubs.o ABSOLUTE
    __cpp_initialize__aeabi_                  - Undefined Weak Reference
    __cxa_finalize                            - Undefined Weak Reference
    __decompress                              - Undefined Weak Reference
    _clock_init                               - Undefined Weak Reference
    _microlib_exit                            - Undefined Weak Reference
    __Vectors_Size                           0x00000400   Number         0  arm_startup_nrf52.o ABSOLUTE
    __Vectors                                0x0001f000   Data           4  arm_startup_nrf52.o(RESET)
    __Vectors_End                            0x0001f400   Data           0  arm_startup_nrf52.o(RESET)
    __main                                   0x0001f401   Thumb Code     0  entry.o(.ARM.Collect$$$$00000000)
    _main_stk                                0x0001f401   Thumb Code     0  entry2.o(.ARM.Collect$$$$00000001)
    _main_scatterload                        0x0001f405   Thumb Code     0  entry5.o(.ARM.Collect$$$$00000004)
    __main_after_scatterload                 0x0001f409   Thumb Code     0  entry5.o(.ARM.Collect$$$$00000004)
    _main_clock                              0x0001f409   Thumb Code     0  entry7b.o(.ARM.Collect$$$$00000008)
    _main_cpp_init                           0x0001f409   Thumb Code     0  entry8b.o(.ARM.Collect$$$$0000000A)
    _main_init                               0x0001f409   Thumb Code     0  entry9a.o(.ARM.Collect$$$$0000000B)
    __rt_final_cpp                           0x0001f411   Thumb Code     0  entry10a.o(.ARM.Collect$$$$0000000D)
    __rt_final_exit                          0x0001f411   Thumb Code     0  entry11a.o(.ARM.Collect$$$$0000000F)
    Reset_Handler                            0x0001f415   Thumb Code     8  arm_startup_nrf52.o(.text)
    NMI_Handler                              0x0001f41d   Thumb Code     2  arm_startup_nrf52.o(.text)
    HardFault_Handler                        0x0001f41f   Thumb Code     2  arm_startup_nrf52.o(.text)
    MemoryManagement_Handler                 0x0001f421   Thumb Code     2  arm_startup_nrf52.o(.text)
    BusFault_Handler                         0x0001f423   Thumb Code     2  arm_startup_nrf52.o(.text)
    UsageFault_Handler                       0x0001f425   Thumb Code     2  arm_startup_nrf52.o(.text)
    SVC_Handler                              0x0001f427   Thumb Code     2  arm_startup_nrf52.o(.text)
    DebugMon_Handler                         0x0001f429   Thumb Code     2  arm_startup_nrf52.o(.text)
    PendSV_Handler                           0x0001f42b   Thumb Code     2  arm_startup_nrf52.o(.text)
    SysTick_Handler                          0x0001f42d   Thumb Code     2  arm_startup_nrf52.o(.text)
    CCM_AAR_IRQHandler                       0x0001f42f   Thumb Code     0  arm_startup_nrf52.o(.text)
    COMP_LPCOMP_IRQHandler                   0x0001f42f   Thumb Code     0  arm_startup_nrf52.o(.text)
    ECB_IRQHandler                           0x0001f42f   Thumb Code     0  arm_startup_nrf52.o(.text)
    FPU_IRQHandler                           0x0001f42f   Thumb Code     0  arm_startup_nrf52.o(.text)
    GPIOTE_IRQHandler                        0x0001f42f   Thumb Code     0  arm_startup_nrf52.o(.text)
    I2S_IRQHandler                           0x0001f42f   Thumb Code     0  arm_startup_nrf52.o(.text)
    MWU_IRQHandler                           0x0001f42f   Thumb Code     0  arm_startup_nrf52.o(.text)
    NFCT_IRQHandler                          0x0001f42f   Thumb Code     0  arm_startup_nrf52.o(.text)
    PDM_IRQHandler                           0x0001f42f   Thumb Code     0  arm_startup_nrf52.o(.text)
    POWER_CLOCK_IRQHandler                   0x0001f42f   Thumb Code     0  arm_startup_nrf52.o(.text)
    PWM0_IRQHandler                          0x0001f42f   Thumb Code     0  arm_startup_nrf52.o(.text)
    PWM1_IRQHandler                          0x0001f42f   Thumb Code     0  arm_startup_nrf52.o(.text)
    PWM2_IRQHandler                          0x0001f42f   Thumb Code     0  arm_startup_nrf52.o(.text)
    QDEC_IRQHandler                          0x0001f42f   Thumb Code     0  arm_startup_nrf52.o(.text)
    RADIO_IRQHandler                         0x0001f42f   Thumb Code     0  arm_startup_nrf52.o(.text)
    RNG_IRQHandler                           0x0001f42f   Thumb Code     0  arm_startup_nrf52.o(.text)
    RTC0_IRQHandler                          0x0001f42f   Thumb Code     0  arm_startup_nrf52.o(.text)
    RTC2_IRQHandler                          0x0001f42f   Thumb Code     0  arm_startup_nrf52.o(.text)
    SPIM0_SPIS0_TWIM0_TWIS0_SPI0_TWI0_IRQHandler 0x0001f42f   Thumb Code     0  arm_startup_nrf52.o(.text)
    SPIM1_SPIS1_TWIM1_TWIS1_SPI1_TWI1_IRQHandler 0x0001f42f   Thumb Code     0  arm_startup_nrf52.o(.text)
    SPIM2_SPIS2_SPI2_IRQHandler              0x0001f42f   Thumb Code     0  arm_startup_nrf52.o(.text)
    SWI1_EGU1_IRQHandler                     0x0001f42f   Thumb Code     0  arm_startup_nrf52.o(.text)
    SWI2_EGU2_IRQHandler                     0x0001f42f   Thumb Code     0  arm_startup_nrf52.o(.text)
    SWI3_EGU3_IRQHandler                     0x0001f42f   Thumb Code     0  arm_startup_nrf52.o(.text)
    SWI4_EGU4_IRQHandler                     0x0001f42f   Thumb Code     0  arm_startup_nrf52.o(.text)
    SWI5_EGU5_IRQHandler                     0x0001f42f   Thumb Code     0  arm_startup_nrf52.o(.text)
    TEMP_IRQHandler                          0x0001f42f   Thumb Code     0  arm_startup_nrf52.o(.text)
    TIMER1_IRQHandler                        0x0001f42f   Thumb Code     0  arm_startup_nrf52.o(.text)
    TIMER2_IRQHandler                        0x0001f42f   Thumb Code     0  arm_startup_nrf52.o(.text)
    TIMER3_IRQHandler                        0x0001f42f   Thumb Code     0  arm_startup_nrf52.o(.text)
    TIMER4_IRQHandler                        0x0001f42f   Thumb Code     0  arm_startup_nrf52.o(.text)
    WDT_IRQHandler                           0x0001f42f   Thumb Code     0  arm_startup_nrf52.o(.text)
    __rt_ctype_table                         0x0001f439   Thumb Code     4  ctype_o.o(.text)
    __aeabi_memcpy                           0x0001f441   Thumb Code    36  memcpya.o(.text)
    __aeabi_memcpy4                          0x0001f441   Thumb Code     0  memcpya.o(.text)
    __aeabi_memcpy8                          0x0001f441   Thumb Code     0  memcpya.o(.text)
    strlen                                   0x0001f465   Thumb Code    14  strlen.o(.text)
    __aeabi_uldivmod                         0x0001f473   Thumb Code    98  uldiv.o(.text)
    __scatterload                            0x0001f4d5   Thumb Code    28  init.o(.text)
    __scatterload_rt2                        0x0001f4d5   Thumb Code     0  init.o(.text)
    __aeabi_llsl                             0x0001f4f9   Thumb Code    30  llshl.o(.text)
    _ll_shift_l                              0x0001f4f9   Thumb Code     0  llshl.o(.text)
    __aeabi_llsr                             0x0001f517   Thumb Code    32  llushr.o(.text)
    _ll_ushift_r                             0x0001f517   Thumb Code     0  llushr.o(.text)
    RTC1_IRQHandler                          0x0001f599   Thumb Code    32  app_timer.o(i.RTC1_IRQHandler)
    SAADC_IRQHandler                         0x0001f5bd   Thumb Code   336  nrf_drv_saadc.o(i.SAADC_IRQHandler)
    SWI0_EGU0_IRQHandler                     0x0001f715   Thumb Code     4  app_timer.o(i.SWI0_EGU0_IRQHandler)
    SystemInit                               0x0001f719   Thumb Code   610  system_nrf52.o(i.SystemInit)
    TIMER0_IRQHandler                        0x0001f9b5   Thumb Code    68  nrf_drv_timer.o(i.TIMER0_IRQHandler)
    UARTE0_UART0_IRQHandler                  0x0001fa01   Thumb Code    20  nrf_drv_uart.o(i.UARTE0_UART0_IRQHandler)
    __0snprintf$8                            0x0001fa1d   Thumb Code    44  printf8.o(i.__0snprintf$8)
    __1snprintf$8                            0x0001fa1d   Thumb Code     0  printf8.o(i.__0snprintf$8)
    __2snprintf                              0x0001fa1d   Thumb Code     0  printf8.o(i.__0snprintf$8)
    __scatterload_copy                       0x0001fa4d   Thumb Code    14  handlers.o(i.__scatterload_copy)
    __scatterload_null                       0x0001fa5b   Thumb Code     2  handlers.o(i.__scatterload_null)
    __scatterload_zeroinit                   0x0001fa5d   Thumb Code    14  handlers.o(i.__scatterload_zeroinit)
    app_error_fault_handler                  0x0001fee5   Thumb Code    46  app_error_weak.o(i.app_error_fault_handler)
    app_error_handler_bare                   0x0001ff35   Thumb Code    22  app_error.o(i.app_error_handler_bare)
    app_timer_cnt_get                        0x0001ff4d   Thumb Code     6  app_timer.o(i.app_timer_cnt_get)
    app_timer_create                         0x0001ff59   Thumb Code    32  app_timer.o(i.app_timer_create)
    app_timer_init                           0x0001ff7d   Thumb Code   118  app_timer.o(i.app_timer_init)
    app_timer_start                          0x0001fffd   Thumb Code   120  app_timer.o(i.app_timer_start)
    app_util_critical_region_enter           0x0002007d   Thumb Code     4  app_util_platform.o(i.app_util_critical_region_enter)
    app_util_critical_region_exit            0x00020081   Thumb Code     4  app_util_platform.o(i.app_util_critical_region_exit)
    app_util_disable_irq                     0x00020085   Thumb Code    12  app_util_platform.o(i.app_util_disable_irq)
    app_util_enable_irq                      0x00020095   Thumb Code    14  app_util_platform.o(i.app_util_enable_irq)
    buffer_is_empty                          0x000201d5   Thumb Code    16  nrf_log_frontend.o(i.buffer_is_empty)
    exp_io_in_inc                            0x000202d5   Thumb Code    52  main.o(i.exp_io_in_inc)
    exp_io_init                              0x00020309   Thumb Code    34  main.o(i.exp_io_init)
    exp_io_out_sel                           0x0002032b   Thumb Code    88  main.o(i.exp_io_out_sel)
    main                                     0x0002055d   Thumb Code   118  main.o(i.main)
    nrf_drv_common_irq_enable                0x000206ab   Thumb Code    56  nrf_drv_common.o(i.nrf_drv_common_irq_enable)
    nrf_drv_saadc_buffer_convert             0x000206f9   Thumb Code   156  nrf_drv_saadc.o(i.nrf_drv_saadc_buffer_convert)
    nrf_drv_saadc_channel_init               0x0002079d   Thumb Code    64  nrf_drv_saadc.o(i.nrf_drv_saadc_channel_init)
    nrf_drv_saadc_init                       0x000207e1   Thumb Code   118  nrf_drv_saadc.o(i.nrf_drv_saadc_init)
    nrf_drv_saadc_sample                     0x00020869   Thumb Code    36  nrf_drv_saadc.o(i.nrf_drv_saadc_sample)
    nrf_drv_saadc_sample_convert             0x00020895   Thumb Code   182  nrf_drv_saadc.o(i.nrf_drv_saadc_sample_convert)
    nrf_drv_uart_init                        0x00020955   Thumb Code    98  nrf_drv_uart.o(i.nrf_drv_uart_init)
    nrf_drv_uart_tx                          0x000209bd   Thumb Code   262  nrf_drv_uart.o(i.nrf_drv_uart_tx)
    nrf_drv_uart_tx_in_progress              0x00020ac9   Thumb Code    18  nrf_drv_uart.o(i.nrf_drv_uart_tx_in_progress)
    nrf_drv_uart_uninit                      0x00020ae1   Thumb Code    74  nrf_drv_uart.o(i.nrf_drv_uart_uninit)
    nrf_log_backend_hexdump_handler_get      0x00020bc5   Thumb Code     4  nrf_log_backend_serial.o(i.nrf_log_backend_hexdump_handler_get)
    nrf_log_backend_init                     0x00020bcd   Thumb Code   100  nrf_log_backend_serial.o(i.nrf_log_backend_init)
    nrf_log_backend_std_handler_get          0x00020e81   Thumb Code     4  nrf_log_backend_serial.o(i.nrf_log_backend_std_handler_get)
    nrf_log_blocking_backend_set             0x00020e89   Thumb Code     6  nrf_log_frontend.o(i.nrf_log_blocking_backend_set)
    nrf_log_frontend_dequeue                 0x00020e91   Thumb Code   298  nrf_log_frontend.o(i.nrf_log_frontend_dequeue)
    nrf_log_frontend_init                    0x00020fc1   Thumb Code    16  nrf_log_frontend.o(i.nrf_log_frontend_init)
    nrf_log_frontend_std_0                   0x00020fd5   Thumb Code    68  nrf_log_frontend.o(i.nrf_log_frontend_std_0)
    nrf_log_frontend_std_1                   0x00021021   Thumb Code    80  nrf_log_frontend.o(i.nrf_log_frontend_std_1)
    nrf_log_handlers_set                     0x00021079   Thumb Code    10  nrf_log_frontend.o(i.nrf_log_handlers_set)
    nrf_log_init                             0x00021089   Thumb Code    36  nrf_log_frontend.o(i.nrf_log_init)
    nrf_saadc_channel_init                   0x000210bd   Thumb Code   100  nrf_saadc.o(i.nrf_saadc_channel_init)
    saadc_callback                           0x00021295   Thumb Code    58  main.o(i.saadc_callback)
    saadc_init                               0x00021305   Thumb Code    60  main.o(i.saadc_init)
    scan_sensors                             0x00021349   Thumb Code    80  main.o(i.scan_sensors)
    timer_timeout_handler                    0x0002149d   Thumb Code    26  main.o(i.timer_timeout_handler)
    __ctype_table                            0x00021888   Data         129  ctype_o.o(.constdata)
    Region$$Table$$Base                      0x0002191c   Number         0  anon$$obj.o(Region$$Table)
    Region$$Table$$Limit                     0x0002193c   Number         0  anon$$obj.o(Region$$Table)
    SystemCoreClock                          0x20002164   Data           4  system_nrf52.o(.data)
    tact                                     0x20002188   Data         768  main.o(.bss)
    __initial_sp                             0x20004a78   Data           0  arm_startup_nrf52.o(STACK)



==============================================================================

Memory Map of the image

  Image Entry point : 0x0001f401

  Load Region LR_IROM1 (Base: 0x0001f000, Size: 0x0000297c, Max: 0x00061000, ABSOLUTE)

    Execution Region ER_IROM1 (Base: 0x0001f000, Size: 0x0000293c, Max: 0x00061000, ABSOLUTE)

    Base Addr    Size         Type   Attr      Idx    E Section Name        Object

    0x0001f000   0x00000400   Data   RO         2026    RESET               arm_startup_nrf52.o
    0x0001f400   0x00000000   Code   RO         2067  * .ARM.Collect$$$$00000000  mc_w.l(entry.o)
    0x0001f400   0x00000004   Code   RO         2367    .ARM.Collect$$$$00000001  mc_w.l(entry2.o)
    0x0001f404   0x00000004   Code   RO         2370    .ARM.Collect$$$$00000004  mc_w.l(entry5.o)
    0x0001f408   0x00000000   Code   RO         2372    .ARM.Collect$$$$00000008  mc_w.l(entry7b.o)
    0x0001f408   0x00000000   Code   RO         2374    .ARM.Collect$$$$0000000A  mc_w.l(entry8b.o)
    0x0001f408   0x00000008   Code   RO         2375    .ARM.Collect$$$$0000000B  mc_w.l(entry9a.o)
    0x0001f410   0x00000000   Code   RO         2377    .ARM.Collect$$$$0000000D  mc_w.l(entry10a.o)
    0x0001f410   0x00000000   Code   RO         2379    .ARM.Collect$$$$0000000F  mc_w.l(entry11a.o)
    0x0001f410   0x00000004   Code   RO         2368    .ARM.Collect$$$$00002712  mc_w.l(entry2.o)
    0x0001f414   0x00000024   Code   RO         2027    .text               arm_startup_nrf52.o
    0x0001f438   0x00000008   Code   RO         2070    .text               mc_w.l(ctype_o.o)
    0x0001f440   0x00000024   Code   RO         2098    .text               mc_w.l(memcpya.o)
    0x0001f464   0x0000000e   Code   RO         2100    .text               mc_w.l(strlen.o)
    0x0001f472   0x00000062   Code   RO         2386    .text               mc_w.l(uldiv.o)
    0x0001f4d4   0x00000024   Code   RO         2399    .text               mc_w.l(init.o)
    0x0001f4f8   0x0000001e   Code   RO         2402    .text               mc_w.l(llshl.o)
    0x0001f516   0x00000020   Code   RO         2404    .text               mc_w.l(llushr.o)
    0x0001f536   0x00000016   Code   RO         1711    i.NVIC_ClearPendingIRQ  app_timer.o
    0x0001f54c   0x00000016   Code   RO         1712    i.NVIC_EnableIRQ    app_timer.o
    0x0001f562   0x00000016   Code   RO         1713    i.NVIC_SetPendingIRQ  app_timer.o
    0x0001f578   0x00000020   Code   RO         1714    i.NVIC_SetPriority  app_timer.o
    0x0001f598   0x00000024   Code   RO         1715    i.RTC1_IRQHandler   app_timer.o
    0x0001f5bc   0x00000158   Code   RO          641    i.SAADC_IRQHandler  nrf_drv_saadc.o
    0x0001f714   0x00000004   Code   RO         1716    i.SWI0_EGU0_IRQHandler  app_timer.o
    0x0001f718   0x0000029c   Code   RO         2035    i.SystemInit        system_nrf52.o
    0x0001f9b4   0x0000004c   Code   RO          788    i.TIMER0_IRQHandler  nrf_drv_timer.o
    0x0001fa00   0x0000001c   Code   RO          901    i.UARTE0_UART0_IRQHandler  nrf_drv_uart.o
    0x0001fa1c   0x00000030   Code   RO         2314    i.__0snprintf$8     mc_w.l(printf8.o)
    0x0001fa4c   0x0000000e   Code   RO         2413    i.__scatterload_copy  mc_w.l(handlers.o)
    0x0001fa5a   0x00000002   Code   RO         2414    i.__scatterload_null  mc_w.l(handlers.o)
    0x0001fa5c   0x0000000e   Code   RO         2415    i.__scatterload_zeroinit  mc_w.l(handlers.o)
    0x0001fa6a   0x00000002   PAD
    0x0001fa6c   0x00000410   Code   RO         2320    i._printf_core      mc_w.l(printf8.o)
    0x0001fe7c   0x00000024   Code   RO         2321    i._printf_post_padding  mc_w.l(printf8.o)
    0x0001fea0   0x0000002e   Code   RO         2322    i._printf_pre_padding  mc_w.l(printf8.o)
    0x0001fece   0x00000016   Code   RO         2323    i._snputc           mc_w.l(printf8.o)
    0x0001fee4   0x00000050   Code   RO         1202    i.app_error_fault_handler  app_error_weak.o
    0x0001ff34   0x00000016   Code   RO         1160    i.app_error_handler_bare  app_error.o
    0x0001ff4a   0x00000002   PAD
    0x0001ff4c   0x0000000c   Code   RO         1718    i.app_timer_cnt_get  app_timer.o
    0x0001ff58   0x00000024   Code   RO         1719    i.app_timer_create  app_timer.o
    0x0001ff7c   0x00000080   Code   RO         1720    i.app_timer_init    app_timer.o
    0x0001fffc   0x00000080   Code   RO         1721    i.app_timer_start   app_timer.o
    0x0002007c   0x00000004   Code   RO         1233    i.app_util_critical_region_enter  app_util_platform.o
    0x00020080   0x00000004   Code   RO         1234    i.app_util_critical_region_exit  app_util_platform.o
    0x00020084   0x00000010   Code   RO         1235    i.app_util_disable_irq  app_util_platform.o
    0x00020094   0x00000014   Code   RO         1236    i.app_util_enable_irq  app_util_platform.o
    0x000200a8   0x000000b8   Code   RO          902    i.apply_config      nrf_drv_uart.o
    0x00020160   0x00000012   Code   RO         1320    i.buf_len_update    nrf_log_backend_serial.o
    0x00020172   0x00000002   PAD
    0x00020174   0x00000060   Code   RO         1424    i.buf_prealloc      nrf_log_frontend.o
    0x000201d4   0x00000014   Code   RO         1425    i.buffer_is_empty   nrf_log_frontend.o
    0x000201e8   0x000000ac   Code   RO         1724    i.compare_reg_update  app_timer.o
    0x00020294   0x00000040   Code   RO         1725    i.elapsed_ticks_acquire  app_timer.o
    0x000202d4   0x00000034   Code   RO            4    i.exp_io_in_inc     main.o
    0x00020308   0x00000022   Code   RO            5    i.exp_io_init       main.o
    0x0002032a   0x00000058   Code   RO            6    i.exp_io_out_sel    main.o
    0x00020382   0x00000002   PAD
    0x00020384   0x00000078   Code   RO          903    i.interrupts_enable  nrf_drv_uart.o
    0x000203fc   0x000000a8   Code   RO         1726    i.list_deletions_handler  app_timer.o
    0x000204a4   0x000000b8   Code   RO         1727    i.list_insertions_handler  app_timer.o
    0x0002055c   0x000000ac   Code   RO            7    i.main              main.o
    0x00020608   0x0000008c   Code   RO         1728    i.nrf_delay_us      app_timer.o
    0x00020694   0x00000016   Code   RO          904    i.nrf_drv_common_irq_disable  nrf_drv_uart.o
    0x000206aa   0x00000038   Code   RO          409    i.nrf_drv_common_irq_enable  nrf_drv_common.o
    0x000206e2   0x00000006   Code   RO          905    i.nrf_drv_get_IRQn  nrf_drv_uart.o
    0x000206e8   0x00000010   Code   RO          906    i.nrf_drv_is_in_RAM  nrf_drv_uart.o
    0x000206f8   0x000000a4   Code   RO          643    i.nrf_drv_saadc_buffer_convert  nrf_drv_saadc.o
    0x0002079c   0x00000044   Code   RO          645    i.nrf_drv_saadc_channel_init  nrf_drv_saadc.o
    0x000207e0   0x00000088   Code   RO          647    i.nrf_drv_saadc_init  nrf_drv_saadc.o
    0x00020868   0x0000002c   Code   RO          650    i.nrf_drv_saadc_sample  nrf_drv_saadc.o
    0x00020894   0x000000c0   Code   RO          651    i.nrf_drv_saadc_sample_convert  nrf_drv_saadc.o
    0x00020954   0x00000068   Code   RO          908    i.nrf_drv_uart_init  nrf_drv_uart.o
    0x000209bc   0x0000010c   Code   RO          915    i.nrf_drv_uart_tx   nrf_drv_uart.o
    0x00020ac8   0x00000018   Code   RO          917    i.nrf_drv_uart_tx_in_progress  nrf_drv_uart.o
    0x00020ae0   0x00000054   Code   RO          918    i.nrf_drv_uart_uninit  nrf_drv_uart.o
    0x00020b34   0x00000024   Code   RO          919    i.nrf_gpio_cfg      nrf_drv_uart.o
    0x00020b58   0x00000012   Code   RO          920    i.nrf_gpio_cfg_default  nrf_drv_uart.o
    0x00020b6a   0x00000012   Code   RO          921    i.nrf_gpio_cfg_input  nrf_drv_uart.o
    0x00020b7c   0x00000014   Code   RO          922    i.nrf_gpio_cfg_output  nrf_drv_uart.o
    0x00020b90   0x0000001c   Code   RO            8    i.nrf_gpio_pin_toggle  main.o
    0x00020bac   0x00000016   Code   RO            9    i.nrf_gpio_pin_write  main.o
    0x00020bc2   0x00000002   PAD
    0x00020bc4   0x00000008   Code   RO         1322    i.nrf_log_backend_hexdump_handler_get  nrf_log_backend_serial.o
    0x00020bcc   0x00000070   Code   RO         1323    i.nrf_log_backend_init  nrf_log_backend_serial.o
    0x00020c3c   0x0000012e   Code   RO         1324    i.nrf_log_backend_serial_hexdump_handler  nrf_log_backend_serial.o
    0x00020d6a   0x00000114   Code   RO         1325    i.nrf_log_backend_serial_std_handler  nrf_log_backend_serial.o
    0x00020e7e   0x00000002   PAD
    0x00020e80   0x00000008   Code   RO         1326    i.nrf_log_backend_std_handler_get  nrf_log_backend_serial.o
    0x00020e88   0x00000006   Code   RO         1427    i.nrf_log_blocking_backend_set  nrf_log_frontend.o
    0x00020e8e   0x00000002   PAD
    0x00020e90   0x00000130   Code   RO         1428    i.nrf_log_frontend_dequeue  nrf_log_frontend.o
    0x00020fc0   0x00000014   Code   RO         1430    i.nrf_log_frontend_init  nrf_log_frontend.o
    0x00020fd4   0x0000004c   Code   RO         1431    i.nrf_log_frontend_std_0  nrf_log_frontend.o
    0x00021020   0x00000058   Code   RO         1432    i.nrf_log_frontend_std_1  nrf_log_frontend.o
    0x00021078   0x00000010   Code   RO         1439    i.nrf_log_handlers_set  nrf_log_frontend.o
    0x00021088   0x00000024   Code   RO         1440    i.nrf_log_init      nrf_log_frontend.o
    0x000210ac   0x00000010   Code   RO          654    i.nrf_saadc_buffer_init  nrf_drv_saadc.o
    0x000210bc   0x00000068   Code   RO         1132    i.nrf_saadc_channel_init  nrf_saadc.o
    0x00021124   0x00000014   Code   RO          655    i.nrf_saadc_channel_input_set  nrf_drv_saadc.o
    0x00021138   0x00000010   Code   RO          656    i.nrf_saadc_event_check  nrf_drv_saadc.o
    0x00021148   0x00000014   Code   RO          657    i.nrf_saadc_event_clear  nrf_drv_saadc.o
    0x0002115c   0x0000000a   Code   RO          923    i.nrf_uart_event_check  nrf_drv_uart.o
    0x00021166   0x0000000c   Code   RO          924    i.nrf_uart_event_clear  nrf_drv_uart.o
    0x00021172   0x0000000c   Code   RO          925    i.nrf_uart_int_enable_check  nrf_drv_uart.o
    0x0002117e   0x0000000a   Code   RO          926    i.nrf_uarte_event_check  nrf_drv_uart.o
    0x00021188   0x0000000c   Code   RO          927    i.nrf_uarte_event_clear  nrf_drv_uart.o
    0x00021194   0x00000078   Code   RO          928    i.pins_to_default   nrf_drv_uart.o
    0x0002120c   0x0000003c   Code   RO         1729    i.rtc1_stop         app_timer.o
    0x00021248   0x00000032   Code   RO          929    i.rx_byte           nrf_drv_uart.o
    0x0002127a   0x00000018   Code   RO          930    i.rx_done_event     nrf_drv_uart.o
    0x00021292   0x00000002   PAD
    0x00021294   0x00000070   Code   RO           10    i.saadc_callback    main.o
    0x00021304   0x00000044   Code   RO           11    i.saadc_init        main.o
    0x00021348   0x00000054   Code   RO           14    i.scan_sensors      main.o
    0x0002139c   0x0000000c   Code   RO         1327    i.serial_is_busy    nrf_log_backend_serial.o
    0x000213a8   0x0000002c   Code   RO         1328    i.serial_tx         nrf_log_backend_serial.o
    0x000213d4   0x0000008c   Code   RO         1730    i.timer_list_handler  app_timer.o
    0x00021460   0x0000003c   Code   RO         1731    i.timer_list_insert  app_timer.o
    0x0002149c   0x0000003c   Code   RO           17    i.timer_timeout_handler  main.o
    0x000214d8   0x00000084   Code   RO         1733    i.timer_timeouts_check  app_timer.o
    0x0002155c   0x00000034   Code   RO         1329    i.timestamp_process  nrf_log_backend_serial.o
    0x00021590   0x00000020   Code   RO          932    i.tx_byte           nrf_drv_uart.o
    0x000215b0   0x0000001c   Code   RO          933    i.tx_done_event     nrf_drv_uart.o
    0x000215cc   0x00000010   Code   RO         1330    i.uart_event_handler  nrf_log_backend_serial.o
    0x000215dc   0x0000011e   Code   RO          934    i.uart_irq_handler  nrf_drv_uart.o
    0x000216fa   0x000000f0   Code   RO          935    i.uarte_irq_handler  nrf_drv_uart.o
    0x000217ea   0x00000002   PAD
    0x000217ec   0x00000030   Code   RO         1734    i.user_op_alloc     app_timer.o
    0x0002181c   0x00000021   Data   RO           20    .constdata          main.o
    0x0002183d   0x00000004   Data   RO          660    .constdata          nrf_drv_saadc.o
    0x00021841   0x00000003   PAD
    0x00021844   0x00000020   Data   RO         1333    .constdata          nrf_log_backend_serial.o
    0x00021864   0x00000024   Data   RO         1443    .constdata          nrf_log_frontend.o
    0x00021888   0x00000081   Data   RO         2071    .constdata          mc_w.l(ctype_o.o)
    0x00021909   0x00000003   PAD
    0x0002190c   0x00000004   Data   RO         2072    .constdata          mc_w.l(ctype_o.o)
    0x00021910   0x0000000b   Data   RO         1444    .conststring        nrf_log_frontend.o
    0x0002191b   0x00000001   PAD
    0x0002191c   0x00000020   Data   RO         2411    Region$$Table       anon$$obj.o


    Execution Region RW_IRAM1 (Base: 0x20002128, Size: 0x00002950, Max: 0x0000ded8, ABSOLUTE)

    Base Addr    Size         Type   Attr      Idx    E Section Name        Object

    0x20002128   0x00000008   Data   RW           22    .data               main.o
    0x20002130   0x00000004   Data   RW         1237    .data               app_util_platform.o
    0x20002134   0x0000000c   Data   RW         1334    .data               nrf_log_backend_serial.o
    0x20002140   0x00000004   Data   RW         1445    .data               nrf_log_frontend.o
    0x20002144   0x00000020   Data   RW         1735    .data               app_timer.o
    0x20002164   0x00000004   Data   RW         2036    .data               system_nrf52.o
    0x20002168   0x00000020   Zero   RW           18    .bss                main.o
    0x20002188   0x00000378   Zero   RW           19    .bss                main.o
    0x20002500   0x00000030   Zero   RW          659    .bss                nrf_drv_saadc.o
    0x20002530   0x0000000c   Zero   RW          802    .bss                nrf_drv_timer.o
    0x2000253c   0x00000020   Zero   RW          936    .bss                nrf_drv_uart.o
    0x2000255c   0x00000100   Zero   RW         1331    .bss                nrf_log_backend_serial.o
    0x2000265c   0x00000418   Zero   RW         1442    .bss                nrf_log_frontend.o
    0x20002a74   0x00000004   PAD
    0x20002a78   0x00002000   Zero   RW         2024    STACK               arm_startup_nrf52.o


==============================================================================

Image component sizes


      Code (inc. data)   RO Data    RW Data    ZI Data      Debug   Object Name

        22          0          0          0          0       2105   app_error.o
        80         34          0          0          0      27305   app_error_weak.o
      1610        110          0         32          0      63454   app_timer.o
        44         10          0          4          0       2916   app_util_platform.o
        36          8       1024          0       8192        868   arm_startup_nrf52.o
         0          0          0          0          0       2259   boards.o
       720        154         33          8        920      67759   main.o
        56          0          0          0          0      27487   nrf_drv_common.o
         0          0          0          0          0       1144   nrf_drv_ppi.o
      1020         74          4          0         48      46585   nrf_drv_saadc.o
        76          8          0          0         12      11594   nrf_drv_timer.o
      1784         60          0          0         32      38144   nrf_drv_uart.o
       848         56         32         12        256      16043   nrf_log_backend_serial.o
       662         48         47          4       1048      10532   nrf_log_frontend.o
       104          4          0          0          0       6441   nrf_saadc.o
       668         58          0          4          0       2559   system_nrf52.o

    ----------------------------------------------------------------------
      7746        624       1176         64      10512     327195   Object Totals
         0          0         32          0          0          0   (incl. Generated)
        16          0          4          0          4          0   (incl. Padding)

    ----------------------------------------------------------------------

      Code (inc. data)   RO Data    RW Data    ZI Data      Debug   Library Member Name

         8          4        133          0          0         68   ctype_o.o
         0          0          0          0          0          0   entry.o
         0          0          0          0          0          0   entry10a.o
         0          0          0          0          0          0   entry11a.o
         8          4          0          0          0          0   entry2.o
         4          0          0          0          0          0   entry5.o
         0          0          0          0          0          0   entry7b.o
         0          0          0          0          0          0   entry8b.o
         8          4          0          0          0          0   entry9a.o
        30          0          0          0          0          0   handlers.o
        36          8          0          0          0         68   init.o
        30          0          0          0          0         68   llshl.o
        32          0          0          0          0         68   llushr.o
        36          0          0          0          0         68   memcpya.o
      1192         48          0          0          0        420   printf8.o
        14          0          0          0          0         68   strlen.o
        98          0          0          0          0         92   uldiv.o

    ----------------------------------------------------------------------
      1498         68        136          0          0        920   Library Totals
         2          0          3          0          0          0   (incl. Padding)

    ----------------------------------------------------------------------

      Code (inc. data)   RO Data    RW Data    ZI Data      Debug   Library Name

      1496         68        133          0          0        920   mc_w.l

    ----------------------------------------------------------------------
      1498         68        136          0          0        920   Library Totals

    ----------------------------------------------------------------------

==============================================================================


      Code (inc. data)   RO Data    RW Data    ZI Data      Debug   

      9244        692       1312         64      10512     319155   Grand Totals
      9244        692       1312         64      10512     319155   ELF Image Totals
      9244        692       1312         64          0          0   ROM Totals

==============================================================================

    Total RO  Size (Code + RO Data)                10556 (  10.31kB)
    Total RW  Size (RW Data + ZI Data)             10576 (  10.33kB)
    Total ROM Size (Code + RO Data + RW Data)      10620 (  10.37kB)

==============================================================================

