Archive member included to satisfy reference by file (symbol)

c:/program files/gnu tools arm embedded/6 2017-q1-update/bin/../lib/gcc/arm-none-eabi/6.3.1/../../../../arm-none-eabi/lib/thumb/v7e-m/fpv4-sp/hard\libc_nano.a(lib_a-exit.o)
                              c:/program files/gnu tools arm embedded/6 2017-q1-update/bin/../lib/gcc/arm-none-eabi/6.3.1/../../../../arm-none-eabi/lib/thumb/v7e-m/fpv4-sp/hard/crt0.o (exit)
c:/program files/gnu tools arm embedded/6 2017-q1-update/bin/../lib/gcc/arm-none-eabi/6.3.1/../../../../arm-none-eabi/lib/thumb/v7e-m/fpv4-sp/hard\libc_nano.a(lib_a-impure.o)
                              c:/program files/gnu tools arm embedded/6 2017-q1-update/bin/../lib/gcc/arm-none-eabi/6.3.1/../../../../arm-none-eabi/lib/thumb/v7e-m/fpv4-sp/hard\libc_nano.a(lib_a-exit.o) (_global_impure_ptr)
c:/program files/gnu tools arm embedded/6 2017-q1-update/bin/../lib/gcc/arm-none-eabi/6.3.1/../../../../arm-none-eabi/lib/thumb/v7e-m/fpv4-sp/hard\libc_nano.a(lib_a-init.o)
                              c:/program files/gnu tools arm embedded/6 2017-q1-update/bin/../lib/gcc/arm-none-eabi/6.3.1/../../../../arm-none-eabi/lib/thumb/v7e-m/fpv4-sp/hard/crt0.o (__libc_init_array)
c:/program files/gnu tools arm embedded/6 2017-q1-update/bin/../lib/gcc/arm-none-eabi/6.3.1/../../../../arm-none-eabi/lib/thumb/v7e-m/fpv4-sp/hard\libc_nano.a(lib_a-memset.o)
                              c:/program files/gnu tools arm embedded/6 2017-q1-update/bin/../lib/gcc/arm-none-eabi/6.3.1/../../../../arm-none-eabi/lib/thumb/v7e-m/fpv4-sp/hard/crt0.o (memset)
c:/program files/gnu tools arm embedded/6 2017-q1-update/bin/../lib/gcc/arm-none-eabi/6.3.1/../../../../arm-none-eabi/lib/thumb/v7e-m/fpv4-sp/hard\libnosys.a(_exit.o)
                              c:/program files/gnu tools arm embedded/6 2017-q1-update/bin/../lib/gcc/arm-none-eabi/6.3.1/../../../../arm-none-eabi/lib/thumb/v7e-m/fpv4-sp/hard\libc_nano.a(lib_a-exit.o) (_exit)
c:/program files/gnu tools arm embedded/6 2017-q1-update/bin/../lib/gcc/arm-none-eabi/6.3.1/../../../../arm-none-eabi/lib/thumb/v7e-m/fpv4-sp/hard\libc_nano.a(lib_a-memcpy-stub.o)
                              _build/nrf52832_xxaa_SEGGER_RTT.c.o (memcpy)
c:/program files/gnu tools arm embedded/6 2017-q1-update/bin/../lib/gcc/arm-none-eabi/6.3.1/../../../../arm-none-eabi/lib/thumb/v7e-m/fpv4-sp/hard\libc_nano.a(lib_a-strcpy.o)
                              _build/nrf52832_xxaa_SEGGER_RTT.c.o (strcpy)
c:/program files/gnu tools arm embedded/6 2017-q1-update/bin/../lib/gcc/arm-none-eabi/6.3.1/../../../../arm-none-eabi/lib/thumb/v7e-m/fpv4-sp/hard\libc_nano.a(lib_a-strlen.o)
                              _build/nrf52832_xxaa_SEGGER_RTT.c.o (strlen)

Allocating common symbols
Common symbol       size              file

nrf_nvic_state      0xc               _build/nrf52832_xxaa_app_util_platform.c.o
_SEGGER_RTT         0x78              _build/nrf52832_xxaa_SEGGER_RTT.c.o

Discarded input sections

 .text          0x00000000        0x0 c:/program files/gnu tools arm embedded/6 2017-q1-update/bin/../lib/gcc/arm-none-eabi/6.3.1/thumb/v7e-m/fpv4-sp/hard/crti.o
 .data          0x00000000        0x0 c:/program files/gnu tools arm embedded/6 2017-q1-update/bin/../lib/gcc/arm-none-eabi/6.3.1/thumb/v7e-m/fpv4-sp/hard/crti.o
 .bss           0x00000000        0x0 c:/program files/gnu tools arm embedded/6 2017-q1-update/bin/../lib/gcc/arm-none-eabi/6.3.1/thumb/v7e-m/fpv4-sp/hard/crti.o
 .data          0x00000000        0x4 c:/program files/gnu tools arm embedded/6 2017-q1-update/bin/../lib/gcc/arm-none-eabi/6.3.1/thumb/v7e-m/fpv4-sp/hard/crtbegin.o
 .data          0x00000000        0x0 c:/program files/gnu tools arm embedded/6 2017-q1-update/bin/../lib/gcc/arm-none-eabi/6.3.1/../../../../arm-none-eabi/lib/thumb/v7e-m/fpv4-sp/hard/crt0.o
 .bss           0x00000000        0x0 c:/program files/gnu tools arm embedded/6 2017-q1-update/bin/../lib/gcc/arm-none-eabi/6.3.1/../../../../arm-none-eabi/lib/thumb/v7e-m/fpv4-sp/hard/crt0.o
 .ARM.extab     0x00000000        0x0 c:/program files/gnu tools arm embedded/6 2017-q1-update/bin/../lib/gcc/arm-none-eabi/6.3.1/../../../../arm-none-eabi/lib/thumb/v7e-m/fpv4-sp/hard/crt0.o
 .text          0x00000000        0x0 c:/program files/gnu tools arm embedded/6 2017-q1-update/bin/../lib/gcc/arm-none-eabi/6.3.1/../../../../arm-none-eabi/lib/thumb/v7e-m/fpv4-sp/hard\libc_nano.a(lib_a-exit.o)
 .data          0x00000000        0x0 c:/program files/gnu tools arm embedded/6 2017-q1-update/bin/../lib/gcc/arm-none-eabi/6.3.1/../../../../arm-none-eabi/lib/thumb/v7e-m/fpv4-sp/hard\libc_nano.a(lib_a-exit.o)
 .bss           0x00000000        0x0 c:/program files/gnu tools arm embedded/6 2017-q1-update/bin/../lib/gcc/arm-none-eabi/6.3.1/../../../../arm-none-eabi/lib/thumb/v7e-m/fpv4-sp/hard\libc_nano.a(lib_a-exit.o)
[...]
Memory Configuration

Name             Origin             Length             Attributes
FLASH            0x0001f000         0x00061000         xr
RAM              0x200019c0         0x0000e640         xrw
*default*        0x00000000         0xffffffff

Linker script and memory map


.text           0x0001f000     0x156c
 *(.isr_vector)
 .isr_vector    0x0001f000      0x400 _build/nrf52832_xxaa_gcc_startup_nrf52.S.o
                0x0001f000                __isr_vector
 *(.text*)
 .text          0x0001f400       0x6c c:/program files/gnu tools arm embedded/6 2017-q1-update/bin/../lib/gcc/arm-none-eabi/6.3.1/thumb/v7e-m/fpv4-sp/hard/crtbegin.o
 .text          0x0001f46c       0x74 c:/program files/gnu tools arm embedded/6 2017-q1-update/bin/../lib/gcc/arm-none-eabi/6.3.1/../../../../arm-none-eabi/lib/thumb/v7e-m/fpv4-sp/hard/crt0.o
                0x0001f46c                _start
                0x0001f46c                _mainCRTStartup
 .text.exit     0x0001f4e0       0x28 c:/program files/gnu tools arm embedded/6 2017-q1-update/bin/../lib/gcc/arm-none-eabi/6.3.1/../../../../arm-none-eabi/lib/thumb/v7e-m/fpv4-sp/hard\libc_nano.a(lib_a-exit.o)
                0x0001f4e0                exit
 .text.__libc_init_array
                0x0001f508       0x48 c:/program files/gnu tools arm embedded/6 2017-q1-update/bin/../lib/gcc/arm-none-eabi/6.3.1/../../../../arm-none-eabi/lib/thumb/v7e-m/fpv4-sp/hard\libc_nano.a(lib_a-init.o)
                0x0001f508                __libc_init_array
 .text.memset   0x0001f550       0x10 c:/program files/gnu tools arm embedded/6 2017-q1-update/bin/../lib/gcc/arm-none-eabi/6.3.1/../../../../arm-none-eabi/lib/thumb/v7e-m/fpv4-sp/hard\libc_nano.a(lib_a-memset.o)
                0x0001f550                memset
 .text._exit    0x0001f560        0x4 c:/program files/gnu tools arm embedded/6 2017-q1-update/bin/../lib/gcc/arm-none-eabi/6.3.1/../../../../arm-none-eabi/lib/thumb/v7e-m/fpv4-sp/hard\libnosys.a(_exit.o)
                0x0001f560                _exit
 .text.app_error_handler_bare
                0x0001f564       0x20 _build/nrf52832_xxaa_app_error.c.o
                0x0001f564                app_error_handler_bare
 .text.app_error_fault_handler
                0x0001f584       0x24 _build/nrf52832_xxaa_app_error_weak.c.o
                0x0001f584                app_error_fault_handler
 .text.RTC1_IRQHandler
                0x0001f5a8       0xc4 _build/nrf52832_xxaa_app_timer.c.o
                0x0001f5a8                RTC1_IRQHandler
 .text.SWI0_EGU0_IRQHandler
                0x0001f66c      0x624 _build/nrf52832_xxaa_app_timer.c.o
                0x0001f66c                SWI0_EGU0_IRQHandler
 .text.bsp_board_led_invert
                0x0001fc90       0x24 _build/nrf52832_xxaa_boards.c.o
                0x0001fc90                bsp_board_led_invert
 .text.bsp_board_leds_init
                0x0001fcb4       0x3c _build/nrf52832_xxaa_boards.c.o
                0x0001fcb4                bsp_board_leds_init
 .text.POWER_CLOCK_IRQHandler
                0x0001fcf0       0x78 _build/nrf52832_xxaa_nrf_drv_clock.c.o
                0x0001fcf0                POWER_CLOCK_IRQHandler
 .text.nrf_drv_clock_on_soc_event
                0x0001fd68       0x20 _build/nrf52832_xxaa_nrf_drv_clock.c.o
                0x0001fd68                nrf_drv_clock_on_soc_event
 .text.UARTE0_UART0_IRQHandler
                0x0001fd88      0x2f4 _build/nrf52832_xxaa_nrf_drv_uart.c.o
                0x0001fd88                UARTE0_UART0_IRQHandler
 .text.startup.main
                0x0002007c       0xa4 _build/nrf52832_xxaa_main.c.o
                0x0002007c                main
 .text          0x00020120       0x3c _build/nrf52832_xxaa_gcc_startup_nrf52.S.o
                0x00020120                Reset_Handler
                0x00020148                NMI_Handler
                0x0002014a                HardFault_Handler
                0x0002014c                MemoryManagement_Handler
                0x0002014e                BusFault_Handler
                0x00020150                UsageFault_Handler
                0x00020152                SVC_Handler
                0x00020154                DebugMon_Handler
                0x00020156                PendSV_Handler
                0x00020158                SysTick_Handler
                0x0002015a                PDM_IRQHandler
                0x0002015a                TEMP_IRQHandler
                0x0002015a                QDEC_IRQHandler
                0x0002015a                TIMER3_IRQHandler
                0x0002015a                FPU_IRQHandler
                0x0002015a                SPIM0_SPIS0_TWIM0_TWIS0_SPI0_TWI0_IRQHandler
                0x0002015a                RADIO_IRQHandler
                0x0002015a                TIMER4_IRQHandler
                0x0002015a                I2S_IRQHandler
                0x0002015a                SWI4_EGU4_IRQHandler
                0x0002015a                TIMER0_IRQHandler
                0x0002015a                RTC0_IRQHandler
                0x0002015a                PWM1_IRQHandler
                0x0002015a                PWM2_IRQHandler
                0x0002015a                ECB_IRQHandler
                0x0002015a                SPIM1_SPIS1_TWIM1_TWIS1_SPI1_TWI1_IRQHandler
                0x0002015a                Default_Handler
                0x0002015a                SAADC_IRQHandler
                0x0002015a                CCM_AAR_IRQHandler
                0x0002015a                WDT_IRQHandler
                0x0002015a                GPIOTE_IRQHandler
                0x0002015a                SWI5_EGU5_IRQHandler
                0x0002015a                RNG_IRQHandler
                0x0002015a                RTC2_IRQHandler
                0x0002015a                PWM0_IRQHandler
                0x0002015a                SWI3_EGU3_IRQHandler
                0x0002015a                SWI1_EGU1_IRQHandler
                0x0002015a                SPIM2_SPIS2_SPI2_IRQHandler
                0x0002015a                NFCT_IRQHandler
                0x0002015a                TIMER1_IRQHandler
                0x0002015a                MWU_IRQHandler
                0x0002015a                TIMER2_IRQHandler
                0x0002015a                COMP_LPCOMP_IRQHandler
 .text.SystemInit
                0x0002015c      0x2f0 _build/nrf52832_xxaa_system_nrf52.c.o
                0x0002015c                SystemInit
 .text.sd_evt_get
                0x0002044c        0x4 _build/nrf52832_xxaa_softdevice_handler.c.o
 .text.sd_ble_evt_get
                0x00020450        0x4 _build/nrf52832_xxaa_softdevice_handler.c.o
 .text.intern_softdevice_events_execute.part.2
                0x00020454       0xc4 _build/nrf52832_xxaa_softdevice_handler.c.o
 .text.SWI2_EGU2_IRQHandler
                0x00020518       0x30 _build/nrf52832_xxaa_softdevice_handler.c.o
                0x00020518                SWI2_EGU2_IRQHandler
 *(.init)
 .init          0x00020548        0x4 c:/program files/gnu tools arm embedded/6 2017-q1-update/bin/../lib/gcc/arm-none-eabi/6.3.1/thumb/v7e-m/fpv4-sp/hard/crti.o
                0x00020548                _init
 .init          0x0002054c        0x8 c:/program files/gnu tools arm embedded/6 2017-q1-update/bin/../lib/gcc/arm-none-eabi/6.3.1/thumb/v7e-m/fpv4-sp/hard/crtn.o
 *(.fini)
 .fini          0x00020554        0x4 c:/program files/gnu tools arm embedded/6 2017-q1-update/bin/../lib/gcc/arm-none-eabi/6.3.1/thumb/v7e-m/fpv4-sp/hard/crti.o
                0x00020554                _fini
 .fini          0x00020558        0x8 c:/program files/gnu tools arm embedded/6 2017-q1-update/bin/../lib/gcc/arm-none-eabi/6.3.1/thumb/v7e-m/fpv4-sp/hard/crtn.o
 *crtbegin.o(.ctors)
 *crtbegin?.o(.ctors)
 *(EXCLUDE_FILE(*crtend.o *crtend?.o) .ctors)
 *(SORT(.ctors.*))
 *(.ctors)
 *crtbegin.o(.dtors)
 *crtbegin?.o(.dtors)
 *(EXCLUDE_FILE(*crtend.o *crtend?.o) .dtors)
 *(SORT(.dtors.*))
 *(.dtors)
 *(.rodata*)
 .rodata._global_impure_ptr
                0x00020560        0x4 c:/program files/gnu tools arm embedded/6 2017-q1-update/bin/../lib/gcc/arm-none-eabi/6.3.1/../../../../arm-none-eabi/lib/thumb/v7e-m/fpv4-sp/hard\libc_nano.a(lib_a-impure.o)
                0x00020560                _global_impure_ptr
 .rodata.m_board_led_list
                0x00020564        0x4 _build/nrf52832_xxaa_boards.c.o
 *(.eh_frame*)
 .eh_frame      0x00020568        0x0 c:/program files/gnu tools arm embedded/6 2017-q1-update/bin/../lib/gcc/arm-none-eabi/6.3.1/thumb/v7e-m/fpv4-sp/hard/crtbegin.o
 .eh_frame      0x00020568        0x4 c:/program files/gnu tools arm embedded/6 2017-q1-update/bin/../lib/gcc/arm-none-eabi/6.3.1/thumb/v7e-m/fpv4-sp/hard/crtend.o

.glue_7         0x0002056c        0x0
 .glue_7        0x0002056c        0x0 linker stubs

.glue_7t        0x0002056c        0x0
 .glue_7t       0x0002056c        0x0 linker stubs

.vfp11_veneer   0x0002056c        0x0
 .vfp11_veneer  0x0002056c        0x0 linker stubs

.v4_bx          0x0002056c        0x0
 .v4_bx         0x0002056c        0x0 linker stubs

.iplt           0x0002056c        0x0
 .iplt          0x0002056c        0x0 c:/program files/gnu tools arm embedded/6 2017-q1-update/bin/../lib/gcc/arm-none-eabi/6.3.1/thumb/v7e-m/fpv4-sp/hard/crtbegin.o

.ARM.extab
 *(.ARM.extab* .gnu.linkonce.armextab.*)
                0x0002056c                __exidx_start = .

.ARM.exidx      0x0002056c        0x8
 *(.ARM.exidx* .gnu.linkonce.armexidx.*)
 .ARM.exidx     0x0002056c        0x8 c:/program files/gnu tools arm embedded/6 2017-q1-update/bin/../lib/gcc/arm-none-eabi/6.3.1/../../../../arm-none-eabi/lib/thumb/v7e-m/fpv4-sp/hard/crt0.o
                0x00020574                __exidx_end = .
                0x00020574                __etext = .

.rel.dyn        0x00020574        0x0
 .rel.iplt      0x00020574        0x0 c:/program files/gnu tools arm embedded/6 2017-q1-update/bin/../lib/gcc/arm-none-eabi/6.3.1/thumb/v7e-m/fpv4-sp/hard/crtbegin.o

.data           0x200019c0       0x70 load address 0x00020574
                0x200019c0                __data_start__ = .
 *(vtable)
 *(.data*)
 .data.impure_data
                0x200019c0       0x60 c:/program files/gnu tools arm embedded/6 2017-q1-update/bin/../lib/gcc/arm-none-eabi/6.3.1/../../../../arm-none-eabi/lib/thumb/v7e-m/fpv4-sp/hard\libc_nano.a(lib_a-impure.o)
 .data.SystemCoreClock
                0x20001a20        0x4 _build/nrf52832_xxaa_system_nrf52.c.o
                0x20001a20                SystemCoreClock
                0x20001a24                . = ALIGN (0x4)
                0x20001a24                PROVIDE (__preinit_array_start, .)
 *(.preinit_array)
                0x20001a24                PROVIDE (__preinit_array_end, .)
                0x20001a24                . = ALIGN (0x4)
                0x20001a24                PROVIDE (__init_array_start, .)
 *(SORT(.init_array.*))
 *(.init_array)
 .init_array    0x20001a24        0x4 c:/program files/gnu tools arm embedded/6 2017-q1-update/bin/../lib/gcc/arm-none-eabi/6.3.1/thumb/v7e-m/fpv4-sp/hard/crtbegin.o
                0x20001a28                PROVIDE (__init_array_end, .)
                0x20001a28                . = ALIGN (0x4)
                [!provide]                PROVIDE (__fini_array_start, .)
 *(SORT(.fini_array.*))
 *(.fini_array)
 .fini_array    0x20001a28        0x4 c:/program files/gnu tools arm embedded/6 2017-q1-update/bin/../lib/gcc/arm-none-eabi/6.3.1/thumb/v7e-m/fpv4-sp/hard/crtbegin.o
                [!provide]                PROVIDE (__fini_array_end, .)
 *(.jcr*)
 .jcr           0x20001a2c        0x0 c:/program files/gnu tools arm embedded/6 2017-q1-update/bin/../lib/gcc/arm-none-eabi/6.3.1/thumb/v7e-m/fpv4-sp/hard/crtbegin.o
 .jcr           0x20001a2c        0x4 c:/program files/gnu tools arm embedded/6 2017-q1-update/bin/../lib/gcc/arm-none-eabi/6.3.1/thumb/v7e-m/fpv4-sp/hard/crtend.o
                0x20001a30                . = ALIGN (0x4)
                0x20001a30                __data_end__ = .
LOAD c:/program files/gnu tools arm embedded/6 2017-q1-update/bin/../lib/gcc/arm-none-eabi/6.3.1/thumb/v7e-m/fpv4-sp/hard/crti.o
LOAD c:/program files/gnu tools arm embedded/6 2017-q1-update/bin/../lib/gcc/arm-none-eabi/6.3.1/thumb/v7e-m/fpv4-sp/hard/crtbegin.o
LOAD c:/program files/gnu tools arm embedded/6 2017-q1-update/bin/../lib/gcc/arm-none-eabi/6.3.1/../../../../arm-none-eabi/lib/thumb/v7e-m/fpv4-sp/hard/crt0.o
LOAD c:/program files/gnu tools arm embedded/6 2017-q1-update/bin/../lib/gcc/arm-none-eabi/6.3.1/../../../../arm-none-eabi/lib/thumb/v7e-m/fpv4-sp/hard\libc_nano.a
LOAD c:/program files/gnu tools arm embedded/6 2017-q1-update/bin/../lib/gcc/arm-none-eabi/6.3.1/../../../../arm-none-eabi/lib/thumb/v7e-m/fpv4-sp/hard\libnosys.a
LOAD _build/nrf52832_xxaa_nrf_log_backend_serial.c.o
LOAD _build/nrf52832_xxaa_nrf_log_frontend.c.o
LOAD _build/nrf52832_xxaa_app_error.c.o
LOAD _build/nrf52832_xxaa_app_error_weak.c.o
LOAD _build/nrf52832_xxaa_app_timer.c.o
LOAD _build/nrf52832_xxaa_app_util_platform.c.o
LOAD _build/nrf52832_xxaa_hardfault_implementation.c.o
LOAD _build/nrf52832_xxaa_nrf_assert.c.o
LOAD _build/nrf52832_xxaa_sdk_errors.c.o
LOAD _build/nrf52832_xxaa_boards.c.o
LOAD _build/nrf52832_xxaa_nrf_drv_clock.c.o
LOAD _build/nrf52832_xxaa_nrf_drv_common.c.o
LOAD _build/nrf52832_xxaa_nrf_drv_uart.c.o
LOAD _build/nrf52832_xxaa_main.c.o
LOAD _build/nrf52832_xxaa_RTT_Syscalls_GCC.c.o
LOAD _build/nrf52832_xxaa_SEGGER_RTT.c.o
LOAD _build/nrf52832_xxaa_SEGGER_RTT_printf.c.o
LOAD _build/nrf52832_xxaa_gcc_startup_nrf52.S.o
LOAD _build/nrf52832_xxaa_system_nrf52.c.o
LOAD _build/nrf52832_xxaa_softdevice_handler.c.o
LOAD c:/program files/gnu tools arm embedded/6 2017-q1-update/bin/../lib/gcc/arm-none-eabi/6.3.1/../../../../arm-none-eabi/lib/thumb/v7e-m/fpv4-sp/hard\libm.a
START GROUP
LOAD c:/program files/gnu tools arm embedded/6 2017-q1-update/bin/../lib/gcc/arm-none-eabi/6.3.1/thumb/v7e-m/fpv4-sp/hard\libgcc.a
LOAD c:/program files/gnu tools arm embedded/6 2017-q1-update/bin/../lib/gcc/arm-none-eabi/6.3.1/../../../../arm-none-eabi/lib/thumb/v7e-m/fpv4-sp/hard\libc_nano.a
END GROUP
START GROUP
LOAD c:/program files/gnu tools arm embedded/6 2017-q1-update/bin/../lib/gcc/arm-none-eabi/6.3.1/thumb/v7e-m/fpv4-sp/hard\libgcc.a
LOAD c:/program files/gnu tools arm embedded/6 2017-q1-update/bin/../lib/gcc/arm-none-eabi/6.3.1/../../../../arm-none-eabi/lib/thumb/v7e-m/fpv4-sp/hard\libc_nano.a
END GROUP
LOAD c:/program files/gnu tools arm embedded/6 2017-q1-update/bin/../lib/gcc/arm-none-eabi/6.3.1/thumb/v7e-m/fpv4-sp/hard/crtend.o
LOAD c:/program files/gnu tools arm embedded/6 2017-q1-update/bin/../lib/gcc/arm-none-eabi/6.3.1/thumb/v7e-m/fpv4-sp/hard/crtn.o
START GROUP
LOAD c:/program files/gnu tools arm embedded/6 2017-q1-update/bin/../lib/gcc/arm-none-eabi/6.3.1/thumb/v7e-m/fpv4-sp/hard\libgcc.a
LOAD c:/program files/gnu tools arm embedded/6 2017-q1-update/bin/../lib/gcc/arm-none-eabi/6.3.1/../../../../arm-none-eabi/lib/thumb/v7e-m/fpv4-sp/hard\libc.a
LOAD c:/program files/gnu tools arm embedded/6 2017-q1-update/bin/../lib/gcc/arm-none-eabi/6.3.1/../../../../arm-none-eabi/lib/thumb/v7e-m/fpv4-sp/hard\libnosys.a
END GROUP

.igot.plt       0x20001a30        0x0 load address 0x000205e4
 .igot.plt      0x20001a30        0x0 c:/program files/gnu tools arm embedded/6 2017-q1-update/bin/../lib/gcc/arm-none-eabi/6.3.1/thumb/v7e-m/fpv4-sp/hard/crtbegin.o

.fs_data        0x20001a30        0x0
                [!provide]                PROVIDE (__start_fs_data, .)
 *(.fs_data)
                [!provide]                PROVIDE (__stop_fs_data, .)

.pwr_mgmt_data  0x20001a30        0x0
                [!provide]                PROVIDE (__start_pwr_mgmt_data, .)
 *(.pwr_mgmt_data)
                [!provide]                PROVIDE (__stop_pwr_mgmt_data, .)

.bss            0x20001a30       0x8c load address 0x000205e4
                0x20001a30                . = ALIGN (0x4)
                0x20001a30                __bss_start__ = .
 *(.bss*)
 .bss           0x20001a30       0x1c c:/program files/gnu tools arm embedded/6 2017-q1-update/bin/../lib/gcc/arm-none-eabi/6.3.1/thumb/v7e-m/fpv4-sp/hard/crtbegin.o
 .bss.m_evt_schedule_func
                0x20001a4c        0x4 _build/nrf52832_xxaa_app_timer.c.o
 .bss.m_op_queue
                0x20001a50        0x8 _build/nrf52832_xxaa_app_timer.c.o
 .bss.m_rtc1_reset
                0x20001a58        0x1 _build/nrf52832_xxaa_app_timer.c.o
 .bss.m_rtc1_running
                0x20001a59        0x1 _build/nrf52832_xxaa_app_timer.c.o
 *fill*         0x20001a5a        0x2 
 .bss.m_ticks_elapsed
                0x20001a5c        0x8 _build/nrf52832_xxaa_app_timer.c.o
 .bss.m_ticks_elapsed_q_read_ind
                0x20001a64        0x1 _build/nrf52832_xxaa_app_timer.c.o
 .bss.m_ticks_elapsed_q_write_ind
                0x20001a65        0x1 _build/nrf52832_xxaa_app_timer.c.o
 *fill*         0x20001a66        0x2 
 .bss.m_ticks_latest
                0x20001a68        0x4 _build/nrf52832_xxaa_app_timer.c.o
 .bss.mp_timer_id_head
                0x20001a6c        0x4 _build/nrf52832_xxaa_app_timer.c.o
 .bss.m_clock_cb
                0x20001a70       0x14 _build/nrf52832_xxaa_nrf_drv_clock.c.o
 .bss.m_cb      0x20001a84       0x20 _build/nrf52832_xxaa_nrf_drv_uart.c.o
 .bss.m_ble_evt_buffer_size
                0x20001aa4        0x2 _build/nrf52832_xxaa_softdevice_handler.c.o
 *fill*         0x20001aa6        0x2 
 .bss.m_ble_evt_handler
                0x20001aa8        0x4 _build/nrf52832_xxaa_softdevice_handler.c.o
 .bss.m_evt_schedule_func
                0x20001aac        0x4 _build/nrf52832_xxaa_softdevice_handler.c.o
 .bss.m_softdevice_enabled
                0x20001ab0        0x1 _build/nrf52832_xxaa_softdevice_handler.c.o
 .bss.m_suspended
                0x20001ab1        0x1 _build/nrf52832_xxaa_softdevice_handler.c.o
 *fill*         0x20001ab2        0x2 
 .bss.m_sys_evt_handler
                0x20001ab4        0x4 _build/nrf52832_xxaa_softdevice_handler.c.o
 .bss.mp_ble_evt_buffer
                0x20001ab8        0x4 _build/nrf52832_xxaa_softdevice_handler.c.o
 *(COMMON)
                0x20001abc                . = ALIGN (0x4)
                0x20001abc                __bss_end__ = .

.heap           0x20001ac0     0x2000
                0x20001ac0                __HeapBase = .
                0x20001ac0                __end__ = .
                [!provide]                PROVIDE (end, .)
 *(.heap*)
 .heap          0x20001ac0     0x2000 _build/nrf52832_xxaa_gcc_startup_nrf52.S.o
                0x20003ac0                __HeapLimit = .

.stack_dummy    0x20001ac0     0x2000
 *(.stack*)
 .stack         0x20001ac0     0x2000 _build/nrf52832_xxaa_gcc_startup_nrf52.S.o
                0x20010000                __StackTop = (ORIGIN (RAM) + LENGTH (RAM))
                0x2000e000                __StackLimit = (__StackTop - SIZEOF (.stack_dummy))
                0x20010000                PROVIDE (__stack, __StackTop)
                0x00000001                ASSERT ((__StackLimit >= __HeapLimit), region RAM overflowed with stack)
OUTPUT(_build/nrf52832_xxaa.out elf32-littlearm)

.ARM.attributes
                0x00000000       0x30
 .ARM.attributes
                0x00000000       0x22 c:/program files/gnu tools arm embedded/6 2017-q1-update/bin/../lib/gcc/arm-none-eabi/6.3.1/thumb/v7e-m/fpv4-sp/hard/crti.o
 .ARM.attributes
                0x00000022       0x34 c:/program files/gnu tools arm embedded/6 2017-q1-update/bin/../lib/gcc/arm-none-eabi/6.3.1/thumb/v7e-m/fpv4-sp/hard/crtbegin.o
 .ARM.attributes
                0x00000056       0x20 c:/program files/gnu tools arm embedded/6 2017-q1-update/bin/../lib/gcc/arm-none-eabi/6.3.1/../../../../arm-none-eabi/lib/thumb/v7e-m/fpv4-sp/hard/crt0.o
 .ARM.attributes
                0x00000076       0x34 c:/program files/gnu tools arm embedded/6 2017-q1-update/bin/../lib/gcc/arm-none-eabi/6.3.1/../../../../arm-none-eabi/lib/thumb/v7e-m/fpv4-sp/hard\libc_nano.a(lib_a-exit.o)
 .ARM.attributes
                0x000000aa       0x34 c:/program files/gnu tools arm embedded/6 2017-q1-update/bin/../lib/gcc/arm-none-eabi/6.3.1/../../../../arm-none-eabi/lib/thumb/v7e-m/fpv4-sp/hard\libc_nano.a(lib_a-impure.o)
 .ARM.attributes
                0x000000de       0x34 c:/program files/gnu tools arm embedded/6 2017-q1-update/bin/../lib/gcc/arm-none-eabi/6.3.1/../../../../arm-none-eabi/lib/thumb/v7e-m/fpv4-sp/hard\libc_nano.a(lib_a-init.o)
 .ARM.attributes
                0x00000112       0x34 c:/program files/gnu tools arm embedded/6 2017-q1-update/bin/../lib/gcc/arm-none-eabi/6.3.1/../../../../arm-none-eabi/lib/thumb/v7e-m/fpv4-sp/hard\libc_nano.a(lib_a-memset.o)
 .ARM.attributes
                0x00000146       0x34 c:/program files/gnu tools arm embedded/6 2017-q1-update/bin/../lib/gcc/arm-none-eabi/6.3.1/../../../../arm-none-eabi/lib/thumb/v7e-m/fpv4-sp/hard\libnosys.a(_exit.o)
 .ARM.attributes
                0x0000017a       0x39 _build/nrf52832_xxaa_app_error.c.o
 .ARM.attributes
                0x000001b3       0x39 _build/nrf52832_xxaa_app_error_weak.c.o
 .ARM.attributes
                0x000001ec       0x39 _build/nrf52832_xxaa_app_timer.c.o
 .ARM.attributes
                0x00000225       0x39 _build/nrf52832_xxaa_boards.c.o
 .ARM.attributes
                0x0000025e       0x39 _build/nrf52832_xxaa_nrf_drv_clock.c.o
 .ARM.attributes
                0x00000297       0x39 _build/nrf52832_xxaa_nrf_drv_uart.c.o
 .ARM.attributes
                0x000002d0       0x39 _build/nrf52832_xxaa_main.c.o
 .ARM.attributes
                0x00000309       0x1c _build/nrf52832_xxaa_gcc_startup_nrf52.S.o
 .ARM.attributes
                0x00000325       0x39 _build/nrf52832_xxaa_system_nrf52.c.o
 .ARM.attributes
                0x0000035e       0x39 _build/nrf52832_xxaa_softdevice_handler.c.o
 .ARM.attributes
                0x00000397       0x34 c:/program files/gnu tools arm embedded/6 2017-q1-update/bin/../lib/gcc/arm-none-eabi/6.3.1/thumb/v7e-m/fpv4-sp/hard/crtend.o
 .ARM.attributes
                0x000003cb       0x22 c:/program files/gnu tools arm embedded/6 2017-q1-update/bin/../lib/gcc/arm-none-eabi/6.3.1/thumb/v7e-m/fpv4-sp/hard/crtn.o

.comment        0x00000000       0x7f
 .comment       0x00000000       0x7f _build/nrf52832_xxaa_app_error.c.o
                                 0x80 (size before relaxing)
 .comment       0x0000007f       0x80 _build/nrf52832_xxaa_app_error_weak.c.o
 .comment       0x0000007f       0x80 _build/nrf52832_xxaa_app_timer.c.o
 .comment       0x0000007f       0x80 _build/nrf52832_xxaa_boards.c.o
 .comment       0x0000007f       0x80 _build/nrf52832_xxaa_nrf_drv_clock.c.o
 .comment       0x0000007f       0x80 _build/nrf52832_xxaa_nrf_drv_uart.c.o
 .comment       0x0000007f       0x80 _build/nrf52832_xxaa_main.c.o
 .comment       0x0000007f       0x80 _build/nrf52832_xxaa_system_nrf52.c.o
 .comment       0x0000007f       0x80 _build/nrf52832_xxaa_softdevice_handler.c.o

.debug_frame    0x00000000      0x948
 .debug_frame   0x00000000       0x28 c:/program files/gnu tools arm embedded/6 2017-q1-update/bin/../lib/gcc/arm-none-eabi/6.3.1/../../../../arm-none-eabi/lib/thumb/v7e-m/fpv4-sp/hard\libc_nano.a(lib_a-exit.o)
 .debug_frame   0x00000028       0x2c c:/program files/gnu tools arm embedded/6 2017-q1-update/bin/../lib/gcc/arm-none-eabi/6.3.1/../../../../arm-none-eabi/lib/thumb/v7e-m/fpv4-sp/hard\libc_nano.a(lib_a-init.o)
 .debug_frame   0x00000054       0x20 c:/program files/gnu tools arm embedded/6 2017-q1-update/bin/../lib/gcc/arm-none-eabi/6.3.1/../../../../arm-none-eabi/lib/thumb/v7e-m/fpv4-sp/hard\libc_nano.a(lib_a-memset.o)
 .debug_frame   0x00000074       0x20 c:/program files/gnu tools arm embedded/6 2017-q1-update/bin/../lib/gcc/arm-none-eabi/6.3.1/../../../../arm-none-eabi/lib/thumb/v7e-m/fpv4-sp/hard\libnosys.a(_exit.o)
 .debug_frame   0x00000094       0x70 _build/nrf52832_xxaa_app_error.c.o
 .debug_frame   0x00000104       0x20 _build/nrf52832_xxaa_app_error_weak.c.o
 .debug_frame   0x00000124      0x144 _build/nrf52832_xxaa_app_timer.c.o
 .debug_frame   0x00000268      0x104 _build/nrf52832_xxaa_boards.c.o
 .debug_frame   0x0000036c      0x1f8 _build/nrf52832_xxaa_nrf_drv_clock.c.o
 .debug_frame   0x00000564      0x1b0 _build/nrf52832_xxaa_nrf_drv_uart.c.o
 .debug_frame   0x00000714       0x30 _build/nrf52832_xxaa_main.c.o
 .debug_frame   0x00000744       0x48 _build/nrf52832_xxaa_system_nrf52.c.o
 .debug_frame   0x0000078c      0x1bc _build/nrf52832_xxaa_softdevice_handler.c.o

.debug_info     0x00000000    0x10187
 .debug_info    0x00000000      0xb75 _build/nrf52832_xxaa_app_error.c.o
 .debug_info    0x00000b75      0xb57 _build/nrf52832_xxaa_app_error_weak.c.o
 .debug_info    0x000016cc     0x2676 _build/nrf52832_xxaa_app_timer.c.o
 .debug_info    0x00003d42     0x1407 _build/nrf52832_xxaa_boards.c.o
 .debug_info    0x00005149     0x1f17 _build/nrf52832_xxaa_nrf_drv_clock.c.o
 .debug_info    0x00007060     0x4b98 _build/nrf52832_xxaa_nrf_drv_uart.c.o
 .debug_info    0x0000bbf8      0x9ca _build/nrf52832_xxaa_main.c.o
 .debug_info    0x0000c5c2      0xdd6 _build/nrf52832_xxaa_system_nrf52.c.o
 .debug_info    0x0000d398     0x2def _build/nrf52832_xxaa_softdevice_handler.c.o

.debug_abbrev   0x00000000     0x1fe2
 .debug_abbrev  0x00000000      0x235 _build/nrf52832_xxaa_app_error.c.o
 .debug_abbrev  0x00000235      0x21c _build/nrf52832_xxaa_app_error_weak.c.o
 .debug_abbrev  0x00000451      0x47a _build/nrf52832_xxaa_app_timer.c.o
 .debug_abbrev  0x000008cb      0x382 _build/nrf52832_xxaa_boards.c.o
 .debug_abbrev  0x00000c4d      0x51f _build/nrf52832_xxaa_nrf_drv_clock.c.o
 .debug_abbrev  0x0000116c      0x495 _build/nrf52832_xxaa_nrf_drv_uart.c.o
 .debug_abbrev  0x00001601      0x266 _build/nrf52832_xxaa_main.c.o
 .debug_abbrev  0x00001867      0x1e2 _build/nrf52832_xxaa_system_nrf52.c.o
 .debug_abbrev  0x00001a49      0x599 _build/nrf52832_xxaa_softdevice_handler.c.o

.debug_loc      0x00000000     0x49cf
 .debug_loc     0x00000000      0x145 _build/nrf52832_xxaa_app_error.c.o
 .debug_loc     0x00000145       0x42 _build/nrf52832_xxaa_app_error_weak.c.o
 .debug_loc     0x00000187      0xd22 _build/nrf52832_xxaa_app_timer.c.o
 .debug_loc     0x00000ea9      0x845 _build/nrf52832_xxaa_boards.c.o
 .debug_loc     0x000016ee      0x4f3 _build/nrf52832_xxaa_nrf_drv_clock.c.o
 .debug_loc     0x00001be1     0x2850 _build/nrf52832_xxaa_nrf_drv_uart.c.o
 .debug_loc     0x00004431       0x4d _build/nrf52832_xxaa_main.c.o
 .debug_loc     0x0000447e      0x551 _build/nrf52832_xxaa_softdevice_handler.c.o

.debug_aranges  0x00000000      0x350
 .debug_aranges
                0x00000000       0x30 _build/nrf52832_xxaa_app_error.c.o
 .debug_aranges
                0x00000030       0x20 _build/nrf52832_xxaa_app_error_weak.c.o
 .debug_aranges
                0x00000050       0x60 _build/nrf52832_xxaa_app_timer.c.o
 .debug_aranges
                0x000000b0       0x80 _build/nrf52832_xxaa_boards.c.o
 .debug_aranges
                0x00000130       0xb0 _build/nrf52832_xxaa_nrf_drv_clock.c.o
 .debug_aranges
                0x000001e0       0x70 _build/nrf52832_xxaa_nrf_drv_uart.c.o
 .debug_aranges
                0x00000250       0x20 _build/nrf52832_xxaa_main.c.o
 .debug_aranges
                0x00000270       0x28 _build/nrf52832_xxaa_system_nrf52.c.o
 .debug_aranges
                0x00000298       0xb8 _build/nrf52832_xxaa_softdevice_handler.c.o

.debug_ranges   0x00000000     0x15a8
 .debug_ranges  0x00000000       0x20 _build/nrf52832_xxaa_app_error.c.o
 .debug_ranges  0x00000020       0x10 _build/nrf52832_xxaa_app_error_weak.c.o
 .debug_ranges  0x00000030      0x540 _build/nrf52832_xxaa_app_timer.c.o
 .debug_ranges  0x00000570      0x178 _build/nrf52832_xxaa_boards.c.o
 .debug_ranges  0x000006e8      0x3a0 _build/nrf52832_xxaa_nrf_drv_clock.c.o
 .debug_ranges  0x00000a88      0x830 _build/nrf52832_xxaa_nrf_drv_uart.c.o
 .debug_ranges  0x000012b8       0x28 _build/nrf52832_xxaa_main.c.o
 .debug_ranges  0x000012e0      0x108 _build/nrf52832_xxaa_system_nrf52.c.o
 .debug_ranges  0x000013e8      0x1c0 _build/nrf52832_xxaa_softdevice_handler.c.o

.debug_macro    0x00000000     0x3f15
 .debug_macro   0x00000000      0x2a6 _build/nrf52832_xxaa_app_error.c.o
 .debug_macro   0x000002a6       0x35 _build/nrf52832_xxaa_app_error.c.o
 .debug_macro   0x000002db       0x22 _build/nrf52832_xxaa_app_error.c.o
 .debug_macro   0x000002fd       0x16 _build/nrf52832_xxaa_app_error.c.o
 .debug_macro   0x00000313       0x97 _build/nrf52832_xxaa_app_error.c.o
 .debug_macro   0x000003aa       0xf6 _build/nrf52832_xxaa_app_error.c.o
 .debug_macro   0x000004a0       0x10 _build/nrf52832_xxaa_app_error.c.o
 .debug_macro   0x000004b0       0x10 _build/nrf52832_xxaa_app_error.c.o
 .debug_macro   0x000004c0       0xb6 _build/nrf52832_xxaa_app_error.c.o
 .debug_macro   0x00000576       0x16 _build/nrf52832_xxaa_app_error.c.o
 .debug_macro   0x0000058c      0x145 _build/nrf52832_xxaa_app_error.c.o
 .debug_macro   0x000006d1       0x2b _build/nrf52832_xxaa_app_error.c.o
 .debug_macro   0x000006fc       0x22 _build/nrf52832_xxaa_app_error.c.o
 .debug_macro   0x0000071e       0x16 _build/nrf52832_xxaa_app_error.c.o
 .debug_macro   0x00000734      0x39a _build/nrf52832_xxaa_app_error.c.o
 .debug_macro   0x00000ace      0x16c _build/nrf52832_xxaa_app_error.c.o
 .debug_macro   0x00000c3a       0x59 _build/nrf52832_xxaa_app_error.c.o
 .debug_macro   0x00000c93       0x28 _build/nrf52832_xxaa_app_error.c.o
 .debug_macro   0x00000cbb       0x22 _build/nrf52832_xxaa_app_error.c.o
 .debug_macro   0x00000cdd      0x2a6 _build/nrf52832_xxaa_app_error_weak.c.o
 .debug_macro   0x00000f83       0x1c _build/nrf52832_xxaa_app_error_weak.c.o
 .debug_macro   0x00000f9f      0x33c _build/nrf52832_xxaa_app_timer.c.o
 .debug_macro   0x000012db       0x1c _build/nrf52832_xxaa_app_timer.c.o
 .debug_macro   0x000012f7       0x35 _build/nrf52832_xxaa_app_timer.c.o
 .debug_macro   0x0000132c       0x16 _build/nrf52832_xxaa_app_timer.c.o
 .debug_macro   0x00001342       0x22 _build/nrf52832_xxaa_app_timer.c.o
 .debug_macro   0x00001364       0x16 _build/nrf52832_xxaa_app_timer.c.o
 .debug_macro   0x0000137a       0x40 _build/nrf52832_xxaa_app_timer.c.o
 .debug_macro   0x000013ba       0x64 _build/nrf52832_xxaa_app_timer.c.o
 .debug_macro   0x0000141e       0x10 _build/nrf52832_xxaa_app_timer.c.o
 .debug_macro   0x0000142e       0x2e _build/nrf52832_xxaa_app_timer.c.o
 .debug_macro   0x0000145c       0x10 _build/nrf52832_xxaa_app_timer.c.o
 .debug_macro   0x0000146c       0x74 _build/nrf52832_xxaa_app_timer.c.o
 .debug_macro   0x000014e0      0x29d _build/nrf52832_xxaa_boards.c.o
 .debug_macro   0x0000177d      0x296 _build/nrf52832_xxaa_boards.c.o
 .debug_macro   0x00001a13       0x16 _build/nrf52832_xxaa_boards.c.o
 .debug_macro   0x00001a29      0x24d _build/nrf52832_xxaa_boards.c.o
 .debug_macro   0x00001c76      0x115 _build/nrf52832_xxaa_boards.c.o
 .debug_macro   0x00001d8b      0x437 _build/nrf52832_xxaa_nrf_drv_clock.c.o
 .debug_macro   0x000021c2       0x10 _build/nrf52832_xxaa_nrf_drv_clock.c.o
 .debug_macro   0x000021d2       0x28 _build/nrf52832_xxaa_nrf_drv_clock.c.o
 .debug_macro   0x000021fa       0x1c _build/nrf52832_xxaa_nrf_drv_clock.c.o
 .debug_macro   0x00002216       0xdb _build/nrf52832_xxaa_nrf_drv_clock.c.o
 .debug_macro   0x000022f1       0xca _build/nrf52832_xxaa_nrf_drv_clock.c.o
 .debug_macro   0x000023bb      0x1fb _build/nrf52832_xxaa_nrf_drv_clock.c.o
 .debug_macro   0x000025b6      0x424 _build/nrf52832_xxaa_nrf_drv_clock.c.o
 .debug_macro   0x000029da       0x40 _build/nrf52832_xxaa_nrf_drv_clock.c.o
 .debug_macro   0x00002a1a       0x22 _build/nrf52832_xxaa_nrf_drv_clock.c.o
 .debug_macro   0x00002a3c      0x1f7 _build/nrf52832_xxaa_nrf_drv_clock.c.o
 .debug_macro   0x00002c33       0x1c _build/nrf52832_xxaa_nrf_drv_clock.c.o
 .debug_macro   0x00002c4f       0xdc _build/nrf52832_xxaa_nrf_drv_clock.c.o
 .debug_macro   0x00002d2b       0x2c _build/nrf52832_xxaa_nrf_drv_clock.c.o
 .debug_macro   0x00002d57       0x16 _build/nrf52832_xxaa_nrf_drv_clock.c.o
 .debug_macro   0x00002d6d       0x10 _build/nrf52832_xxaa_nrf_drv_clock.c.o
 .debug_macro   0x00002d7d      0x1a3 _build/nrf52832_xxaa_nrf_drv_clock.c.o
 .debug_macro   0x00002f20       0x1c _build/nrf52832_xxaa_nrf_drv_clock.c.o
 .debug_macro   0x00002f3c       0x16 _build/nrf52832_xxaa_nrf_drv_clock.c.o
 .debug_macro   0x00002f52      0x172 _build/nrf52832_xxaa_nrf_drv_clock.c.o
 .debug_macro   0x000030c4      0x3b2 _build/nrf52832_xxaa_nrf_drv_uart.c.o
 .debug_macro   0x00003476       0x10 _build/nrf52832_xxaa_nrf_drv_uart.c.o
 .debug_macro   0x00003486       0x42 _build/nrf52832_xxaa_nrf_drv_uart.c.o
 .debug_macro   0x000034c8      0x2a7 _build/nrf52832_xxaa_main.c.o
 .debug_macro   0x0000376f       0xf5 _build/nrf52832_xxaa_system_nrf52.c.o
 .debug_macro   0x00003864      0x40f _build/nrf52832_xxaa_softdevice_handler.c.o
 .debug_macro   0x00003c73       0x52 _build/nrf52832_xxaa_softdevice_handler.c.o
 .debug_macro   0x00003cc5       0x55 _build/nrf52832_xxaa_softdevice_handler.c.o
 .debug_macro   0x00003d1a      0x10e _build/nrf52832_xxaa_softdevice_handler.c.o
 .debug_macro   0x00003e28       0x86 _build/nrf52832_xxaa_softdevice_handler.c.o
 .debug_macro   0x00003eae       0x57 _build/nrf52832_xxaa_softdevice_handler.c.o
 .debug_macro   0x00003f05       0x10 _build/nrf52832_xxaa_softdevice_handler.c.o

.debug_line     0x00000000     0x51bf
 .debug_line    0x00000000      0x638 _build/nrf52832_xxaa_app_error.c.o
 .debug_line    0x00000638      0x5ff _build/nrf52832_xxaa_app_error_weak.c.o
 .debug_line    0x00000c37      0xaee _build/nrf52832_xxaa_app_timer.c.o
 .debug_line    0x00001725      0x73b _build/nrf52832_xxaa_boards.c.o
 .debug_line    0x00001e60      0xc35 _build/nrf52832_xxaa_nrf_drv_clock.c.o
 .debug_line    0x00002a95     0x11b0 _build/nrf52832_xxaa_nrf_drv_uart.c.o
 .debug_line    0x00003c45      0x620 _build/nrf52832_xxaa_main.c.o
 .debug_line    0x00004265      0x47c _build/nrf52832_xxaa_system_nrf52.c.o
 .debug_line    0x000046e1      0xade _build/nrf52832_xxaa_softdevice_handler.c.o

.debug_str      0x00000000    0x72110
 .debug_str     0x00000000    0x64a58 _build/nrf52832_xxaa_app_error.c.o
                              0x6563e (size before relaxing)
 .debug_str     0x00064a58       0xd8 _build/nrf52832_xxaa_app_error_weak.c.o
                              0x655c7 (size before relaxing)
 .debug_str     0x00064b30     0x1c53 _build/nrf52832_xxaa_app_timer.c.o
                              0x65b02 (size before relaxing)
 .debug_str     0x00066783     0x1a24 _build/nrf52832_xxaa_boards.c.o
                              0x6240d (size before relaxing)
 .debug_str     0x000681a7     0x6ec9 _build/nrf52832_xxaa_nrf_drv_clock.c.o
                              0x6d48b (size before relaxing)
 .debug_str     0x0006f070     0x18a3 _build/nrf52832_xxaa_nrf_drv_uart.c.o
                              0x688fe (size before relaxing)
 .debug_str     0x00070913       0x2f _build/nrf52832_xxaa_main.c.o
                              0x61f4c (size before relaxing)
 .debug_str     0x00070942      0x27b _build/nrf52832_xxaa_system_nrf52.c.o
                              0x5bb09 (size before relaxing)
 .debug_str     0x00070bbd     0x1553 _build/nrf52832_xxaa_softdevice_handler.c.o
                              0x6dc39 (size before relaxing)
